

================================================================
== Vivado HLS Report for 'DWT_color'
================================================================
* Date:           Thu Dec 14 23:01:59 2023

* Version:        2019.1 (Build 2552052 on Fri May 24 15:28:33 MDT 2019)
* Project:        DWT
* Solution:       solution1
* Product family: zynq
* Target device:  xc7z020-clg400-1


================================================================
== Performance Estimates
================================================================
+ Timing (ns): 
    * Summary: 
    +--------+-------+----------+------------+
    |  Clock | Target| Estimated| Uncertainty|
    +--------+-------+----------+------------+
    |ap_clk  |  10.00|     9.348|        1.25|
    +--------+-------+----------+------------+

+ Latency (clock cycles): 
    * Summary: 
    +------+--------+------+--------+---------+
    |    Latency    |    Interval   | Pipeline|
    |  min |   max  |  min |   max  |   Type  |
    +------+--------+------+--------+---------+
    |  1951|  834751|  1951|  834751|   none  |
    +------+--------+------+--------+---------+

    + Detail: 
        * Instance: 
        N/A

        * Loop: 
        +-----------------+------+--------+--------------+-----------+-----------+------+----------+
        |                 |    Latency    |   Iteration  |  Initiation Interval  | Trip |          |
        |    Loop Name    |  min |   max  |    Latency   |  achieved |   target  | Count| Pipelined|
        +-----------------+------+--------+--------------+-----------+-----------+------+----------+
        |- Loop 1         |  1950|  834750| 975 ~ 417375 |          -|          -|     2|    no    |
        | + Loop 1.1      |   240|  271200|   2 ~ 2260   |          -|          -|   120|    no    |
        |  ++ Loop 1.1.1  |  1440|    1440|             9|          -|          -|   160|    no    |
        |  ++ Loop 1.1.2  |   175|     175|            32|         16|          1|    10|    yes   |
        |  ++ Loop 1.1.3  |   320|     640|     2 ~ 4    |          -|          -|   160|    no    |
        | + Loop 1.2      |   720|  146160|   9 ~ 1827   |          -|          -|    80|    no    |
        |  ++ Loop 1.2.1  |  1080|    1080|             9|          -|          -|   120|    no    |
        |  ++ Loop 1.2.2  |   255|     255|            32|         16|          1|    15|    yes   |
        |  ++ Loop 1.2.3  |   240|     480|     2 ~ 4    |          -|          -|   120|    no    |
        +-----------------+------+--------+--------------+-----------+-----------+------+----------+



================================================================
== Utilization Estimates
================================================================
* Summary: 
+-----------------+---------+-------+--------+-------+-----+
|       Name      | BRAM_18K| DSP48E|   FF   |  LUT  | URAM|
+-----------------+---------+-------+--------+-------+-----+
|DSP              |        -|      -|       -|      -|    -|
|Expression       |        -|      -|       0|   1742|    -|
|FIFO             |        -|      -|       -|      -|    -|
|Instance         |        -|     14|    1872|   3900|    -|
|Memory           |        6|      -|       0|      0|    0|
|Multiplexer      |        -|      -|       -|   1547|    -|
|Register         |        -|      -|    2756|      -|    -|
+-----------------+---------+-------+--------+-------+-----+
|Total            |        6|     14|    4628|   7189|    0|
+-----------------+---------+-------+--------+-------+-----+
|Available        |      280|    220|  106400|  53200|    0|
+-----------------+---------+-------+--------+-------+-----+
|Utilization (%)  |        2|      6|       4|     13|    0|
+-----------------+---------+-------+--------+-------+-----+

+ Detail: 
    * Instance: 
    +--------------------------+----------------------+---------+-------+-----+------+-----+
    |         Instance         |        Module        | BRAM_18K| DSP48E|  FF |  LUT | URAM|
    +--------------------------+----------------------+---------+-------+-----+------+-----+
    |DWT_Accel_dadddsueOg_U24  |DWT_Accel_dadddsueOg  |        0|      3|  445|  1149|    0|
    |DWT_Accel_dcmp_64g8j_U26  |DWT_Accel_dcmp_64g8j  |        0|      0|  130|   469|    0|
    |DWT_Accel_dmul_64fYi_U25  |DWT_Accel_dmul_64fYi  |        0|     11|  317|   578|    0|
    |DWT_Accel_fpext_3dEe_U23  |DWT_Accel_fpext_3dEe  |        0|      0|  100|   138|    0|
    |DWT_Accel_fptrunccud_U22  |DWT_Accel_fptrunccud  |        0|      0|  128|   277|    0|
    |DWT_Accel_mux_832ibs_U28  |DWT_Accel_mux_832ibs  |        0|      0|    0|    45|    0|
    |DWT_Accel_mux_832ibs_U29  |DWT_Accel_mux_832ibs  |        0|      0|    0|    45|    0|
    |DWT_Accel_sitodp_hbi_U27  |DWT_Accel_sitodp_hbi  |        0|      0|  412|   645|    0|
    |DWT_Accel_uitofp_bkb_U21  |DWT_Accel_uitofp_bkb  |        0|      0|  340|   554|    0|
    +--------------------------+----------------------+---------+-------+-----+------+-----+
    |Total                     |                      |        0|     14| 1872|  3900|    0|
    +--------------------------+----------------------+---------+-------+-----+------+-----+

    * DSP48E: 
    N/A

    * Memory: 
    +----------+------------------+---------+---+----+-----+------+-----+------+-------------+
    |  Memory  |      Module      | BRAM_18K| FF| LUT| URAM| Words| Bits| Banks| W*Bits*Banks|
    +----------+------------------+---------+---+----+-----+------+-----+------+-------------+
    |column_U  |DWT_color_column  |        2|  0|   0|    0|   120|   32|     1|         3840|
    |row_U     |DWT_color_row     |        2|  0|   0|    0|   160|   32|     1|         5120|
    |tempc_U   |DWT_color_tempc   |        1|  0|   0|    0|   120|   32|     1|         3840|
    |tempr_U   |DWT_color_tempr   |        1|  0|   0|    0|   160|   32|     1|         5120|
    +----------+------------------+---------+---+----+-----+------+-----+------+-------------+
    |Total     |                  |        6|  0|   0|    0|   560|  128|     4|        17920|
    +----------+------------------+---------+---+----+-----+------+-----+------+-------------+

    * FIFO: 
    N/A

    * Expression: 
    +-------------------------+----------+-------+---+-----+------------+------------+
    |      Variable Name      | Operation| DSP48E| FF| LUT | Bitwidth P0| Bitwidth P1|
    +-------------------------+----------+-------+---+-----+------------+------------+
    |add_ln100_1_fu_2713_p2   |     +    |      0|  0|   12|          12|          12|
    |add_ln100_fu_2707_p2     |     +    |      0|  0|   12|          12|          12|
    |add_ln339_2_fu_2740_p2   |     +    |      0|  0|   15|           8|           9|
    |add_ln339_fu_1937_p2     |     +    |      0|  0|   15|           8|           9|
    |add_ln55_1_fu_1415_p2    |     +    |      0|  0|   12|          12|          12|
    |add_ln55_fu_1393_p2      |     +    |      0|  0|   12|          12|          12|
    |add_ln57_fu_1742_p2      |     +    |      0|  0|   15|           7|           4|
    |add_ln65_1_fu_1773_p2    |     +    |      0|  0|   15|           8|           8|
    |add_ln65_2_fu_1790_p2    |     +    |      0|  0|   15|           8|           8|
    |add_ln65_3_fu_1807_p2    |     +    |      0|  0|   15|           8|           8|
    |add_ln65_4_fu_1824_p2    |     +    |      0|  0|   15|           8|           8|
    |add_ln65_5_fu_1841_p2    |     +    |      0|  0|   15|           8|           8|
    |add_ln65_6_fu_1858_p2    |     +    |      0|  0|   15|           8|           8|
    |add_ln65_7_fu_1875_p2    |     +    |      0|  0|   15|           8|           8|
    |add_ln65_fu_1757_p2      |     +    |      0|  0|   15|           8|           8|
    |add_ln72_fu_1910_p2      |     +    |      0|  0|   12|          12|          12|
    |add_ln83_1_fu_2217_p2    |     +    |      0|  0|   12|          12|          12|
    |add_ln83_fu_2211_p2      |     +    |      0|  0|   12|          12|          12|
    |add_ln85_fu_2537_p2      |     +    |      0|  0|   15|           7|           4|
    |add_ln93_1_fu_2561_p2    |     +    |      0|  0|   15|           7|           7|
    |add_ln93_2_fu_2574_p2    |     +    |      0|  0|   15|           7|           7|
    |add_ln93_3_fu_2587_p2    |     +    |      0|  0|   15|           7|           7|
    |add_ln93_4_fu_2600_p2    |     +    |      0|  0|   15|           7|           7|
    |add_ln93_5_fu_2613_p2    |     +    |      0|  0|   15|           7|           7|
    |add_ln93_6_fu_2626_p2    |     +    |      0|  0|   15|           7|           7|
    |add_ln93_7_fu_2639_p2    |     +    |      0|  0|   15|           7|           7|
    |add_ln93_fu_2548_p2      |     +    |      0|  0|   15|           7|           7|
    |i_fu_1340_p2             |     +    |      0|  0|   15|           7|           1|
    |j_2_fu_2171_p2           |     +    |      0|  0|   15|           7|           1|
    |j_fu_1405_p2             |     +    |      0|  0|   15|           8|           1|
    |k_fu_1290_p2             |     +    |      0|  0|   10|           2|           1|
    |n_fu_2085_p2             |     +    |      0|  0|   15|           7|           1|
    |o_2_fu_2653_p2           |     +    |      0|  0|   15|           7|           1|
    |o_fu_1890_p2             |     +    |      0|  0|   15|           8|           1|
    |sub_ln1311_2_fu_2754_p2  |     -    |      0|  0|   15|           7|           8|
    |sub_ln1311_fu_1951_p2    |     -    |      0|  0|   15|           7|           8|
    |and_ln79_1_fu_2155_p2    |    and   |      0|  0|    2|           1|           1|
    |and_ln79_fu_2149_p2      |    and   |      0|  0|    2|           1|           1|
    |ap_condition_3882        |    and   |      0|  0|    2|           1|           1|
    |ap_condition_3885        |    and   |      0|  0|    2|           1|           1|
    |ap_condition_3888        |    and   |      0|  0|    2|           1|           1|
    |ap_condition_3891        |    and   |      0|  0|    2|           1|           1|
    |ap_condition_3895        |    and   |      0|  0|    2|           1|           1|
    |ap_condition_3899        |    and   |      0|  0|    2|           1|           1|
    |ap_condition_3902        |    and   |      0|  0|    2|           1|           1|
    |ap_condition_3905        |    and   |      0|  0|    2|           1|           1|
    |icmp_ln44_fu_1284_p2     |   icmp   |      0|  0|    9|           2|           3|
    |icmp_ln49_fu_1334_p2     |   icmp   |      0|  0|   11|           7|           5|
    |icmp_ln51_fu_1346_p2     |   icmp   |      0|  0|   11|           7|           7|
    |icmp_ln53_fu_1399_p2     |   icmp   |      0|  0|   11|           8|           8|
    |icmp_ln57_fu_1462_p2     |   icmp   |      0|  0|   11|           7|           7|
    |icmp_ln61_1_fu_1503_p2   |   icmp   |      0|  0|   11|           7|           7|
    |icmp_ln61_2_fu_1538_p2   |   icmp   |      0|  0|   11|           7|           7|
    |icmp_ln61_3_fu_1573_p2   |   icmp   |      0|  0|   11|           7|           7|
    |icmp_ln61_4_fu_1608_p2   |   icmp   |      0|  0|   11|           7|           7|
    |icmp_ln61_5_fu_1643_p2   |   icmp   |      0|  0|   11|           7|           7|
    |icmp_ln61_6_fu_1678_p2   |   icmp   |      0|  0|   11|           7|           7|
    |icmp_ln61_7_fu_1713_p2   |   icmp   |      0|  0|   11|           7|           7|
    |icmp_ln61_fu_1468_p2     |   icmp   |      0|  0|   11|           7|           7|
    |icmp_ln68_fu_1884_p2     |   icmp   |      0|  0|   11|           8|           8|
    |icmp_ln70_fu_1896_p2     |   icmp   |      0|  0|   11|           8|           8|
    |icmp_ln77_fu_2079_p2     |   icmp   |      0|  0|   11|           7|           7|
    |icmp_ln79_1_fu_2135_p2   |   icmp   |      0|  0|   29|          52|           1|
    |icmp_ln79_2_fu_2105_p2   |   icmp   |      0|  0|   13|          11|           2|
    |icmp_ln79_3_fu_2073_p2   |   icmp   |      0|  0|   29|          52|           1|
    |icmp_ln79_fu_2129_p2     |   icmp   |      0|  0|   13|          11|           2|
    |icmp_ln81_fu_2165_p2     |   icmp   |      0|  0|   11|           7|           5|
    |icmp_ln85_fu_2273_p2     |   icmp   |      0|  0|   11|           7|           5|
    |icmp_ln89_1_fu_2312_p2   |   icmp   |      0|  0|   11|           7|           7|
    |icmp_ln89_2_fu_2345_p2   |   icmp   |      0|  0|   11|           7|           7|
    |icmp_ln89_3_fu_2378_p2   |   icmp   |      0|  0|   11|           7|           7|
    |icmp_ln89_4_fu_2411_p2   |   icmp   |      0|  0|   11|           7|           7|
    |icmp_ln89_5_fu_2444_p2   |   icmp   |      0|  0|   11|           7|           7|
    |icmp_ln89_6_fu_2477_p2   |   icmp   |      0|  0|   11|           7|           7|
    |icmp_ln89_7_fu_2510_p2   |   icmp   |      0|  0|   11|           7|           7|
    |icmp_ln89_fu_2279_p2     |   icmp   |      0|  0|   11|           7|           7|
    |icmp_ln96_fu_2647_p2     |   icmp   |      0|  0|   11|           7|           5|
    |icmp_ln98_fu_2659_p2     |   icmp   |      0|  0|   11|           7|           7|
    |level_col_fu_1304_p2     |   lshr   |      0|  0|   17|           5|           7|
    |level_row_fu_1310_p2     |   lshr   |      0|  0|   19|           8|           8|
    |r_V_6_fu_2795_p2         |   lshr   |      0|  0|   73|          25|          25|
    |r_V_fu_2003_p2           |   lshr   |      0|  0|   73|          25|          25|
    |or_ln57_1_fu_1532_p2     |    or    |      0|  0|    7|           7|           2|
    |or_ln57_2_fu_1567_p2     |    or    |      0|  0|    7|           7|           2|
    |or_ln57_3_fu_1602_p2     |    or    |      0|  0|    7|           7|           3|
    |or_ln57_4_fu_1637_p2     |    or    |      0|  0|    7|           7|           3|
    |or_ln57_5_fu_1672_p2     |    or    |      0|  0|    7|           7|           3|
    |or_ln57_6_fu_1707_p2     |    or    |      0|  0|    7|           7|           3|
    |or_ln57_fu_1497_p2       |    or    |      0|  0|    7|           7|           1|
    |or_ln64_1_fu_1521_p2     |    or    |      0|  0|    8|           8|           1|
    |or_ln64_2_fu_1556_p2     |    or    |      0|  0|    8|           8|           1|
    |or_ln64_3_fu_1591_p2     |    or    |      0|  0|    8|           8|           1|
    |or_ln64_4_fu_1626_p2     |    or    |      0|  0|    8|           8|           1|
    |or_ln64_5_fu_1661_p2     |    or    |      0|  0|    8|           8|           1|
    |or_ln64_6_fu_1696_p2     |    or    |      0|  0|    8|           8|           1|
    |or_ln64_7_fu_1731_p2     |    or    |      0|  0|    8|           8|           1|
    |or_ln64_fu_1486_p2       |    or    |      0|  0|    8|           8|           1|
    |or_ln79_1_fu_2145_p2     |    or    |      0|  0|    2|           1|           1|
    |or_ln79_fu_2141_p2       |    or    |      0|  0|    2|           1|           1|
    |or_ln85_1_fu_2339_p2     |    or    |      0|  0|    7|           7|           2|
    |or_ln85_2_fu_2372_p2     |    or    |      0|  0|    7|           7|           2|
    |or_ln85_3_fu_2405_p2     |    or    |      0|  0|    7|           7|           3|
    |or_ln85_4_fu_2438_p2     |    or    |      0|  0|    7|           7|           3|
    |or_ln85_5_fu_2471_p2     |    or    |      0|  0|    7|           7|           3|
    |or_ln85_6_fu_2504_p2     |    or    |      0|  0|    7|           7|           3|
    |or_ln85_fu_2306_p2       |    or    |      0|  0|    7|           7|           1|
    |or_ln92_1_fu_2328_p2     |    or    |      0|  0|    7|           7|           1|
    |or_ln92_2_fu_2361_p2     |    or    |      0|  0|    7|           7|           1|
    |or_ln92_3_fu_2394_p2     |    or    |      0|  0|    7|           7|           1|
    |or_ln92_4_fu_2427_p2     |    or    |      0|  0|    7|           7|           1|
    |or_ln92_5_fu_2460_p2     |    or    |      0|  0|    7|           7|           1|
    |or_ln92_6_fu_2493_p2     |    or    |      0|  0|    7|           7|           1|
    |or_ln92_7_fu_2526_p2     |    or    |      0|  0|    7|           7|           1|
    |or_ln92_fu_2295_p2       |    or    |      0|  0|    7|           7|           1|
    |ush_2_fu_2764_p3         |  select  |      0|  0|    9|           1|           9|
    |ush_fu_1961_p3           |  select  |      0|  0|    9|           1|           9|
    |val_V_2_fu_2829_p3       |  select  |      0|  0|   16|           1|          16|
    |val_V_fu_2037_p3         |  select  |      0|  0|   16|           1|          16|
    |r_V_5_fu_2009_p2         |    shl   |      0|  0|  180|          63|          63|
    |r_V_7_fu_2801_p2         |    shl   |      0|  0|  180|          63|          63|
    |ap_enable_pp0            |    xor   |      0|  0|    2|           1|           2|
    |ap_enable_pp1            |    xor   |      0|  0|    2|           1|           2|
    +-------------------------+----------+-------+---+-----+------------+------------+
    |Total                    |          |      0|  0| 1742|        1039|         753|
    +-------------------------+----------+-------+---+-----+------------+------------+

    * Multiplexer: 
    +----------------------------------+-----+-----------+-----+-----------+
    |               Name               | LUT | Input Size| Bits| Total Bits|
    +----------------------------------+-----+-----------+-----+-----------+
    |A_0_address0                      |   27|          5|   12|         60|
    |A_0_d0                            |   15|          3|   16|         48|
    |A_1_address0                      |   27|          5|   12|         60|
    |A_1_d0                            |   15|          3|   16|         48|
    |A_2_address0                      |   27|          5|   12|         60|
    |A_2_d0                            |   15|          3|   16|         48|
    |A_3_address0                      |   27|          5|   12|         60|
    |A_3_d0                            |   15|          3|   16|         48|
    |A_4_address0                      |   27|          5|   12|         60|
    |A_4_d0                            |   15|          3|   16|         48|
    |A_5_address0                      |   27|          5|   12|         60|
    |A_5_d0                            |   15|          3|   16|         48|
    |A_6_address0                      |   27|          5|   12|         60|
    |A_6_d0                            |   15|          3|   16|         48|
    |A_7_address0                      |   27|          5|   12|         60|
    |A_7_d0                            |   15|          3|   16|         48|
    |ap_NS_fsm                         |  369|         84|    1|         84|
    |ap_enable_reg_pp0_iter1           |    9|          2|    1|          2|
    |ap_enable_reg_pp1_iter1           |    9|          2|    1|          2|
    |ap_phi_mux_l2_0_0_phi_fu_1063_p4  |    9|          2|    7|         14|
    |ap_phi_mux_l_0_0_phi_fu_1016_p4   |    9|          2|    7|         14|
    |column_address0                   |   47|         10|    7|         70|
    |column_address1                   |   44|          9|    7|         63|
    |grp_fu_1082_p0                    |   15|          3|   32|         96|
    |grp_fu_1085_p0                    |   15|          3|   64|        192|
    |grp_fu_1090_p0                    |  101|         21|   32|        672|
    |grp_fu_1095_opcode                |   15|          3|    2|          6|
    |grp_fu_1095_p0                    |   47|         10|   64|        640|
    |grp_fu_1095_p1                    |   50|         11|   64|        704|
    |grp_fu_1099_p0                    |   53|         12|   64|        768|
    |grp_fu_1108_p0                    |   15|          3|   32|         96|
    |i_0_reg_989                       |    9|          2|    7|         14|
    |j1_0_reg_1047                     |    9|          2|    7|         14|
    |j_0_reg_1000                      |    9|          2|    8|         16|
    |k_0_reg_978                       |    9|          2|    2|          4|
    |l2_0_0_reg_1059                   |    9|          2|    7|         14|
    |l_0_0_reg_1012                    |    9|          2|    7|         14|
    |n_0_reg_1035                      |    9|          2|    7|         14|
    |o4_0_reg_1071                     |    9|          2|    7|         14|
    |o_0_reg_1024                      |    9|          2|    8|         16|
    |reg_1117                          |    9|          2|   32|         64|
    |reg_1133                          |    9|          2|   32|         64|
    |reg_1144                          |    9|          2|   32|         64|
    |reg_1261                          |    9|          2|   32|         64|
    |reg_1272                          |    9|          2|   32|         64|
    |reg_1278                          |    9|          2|   32|         64|
    |row_address0                      |   47|         10|    8|         80|
    |row_address1                      |   44|          9|    8|         72|
    |tempc_address0                    |   89|         18|    7|        126|
    |tempr_address0                    |   89|         18|    8|        144|
    +----------------------------------+-----+-----------+-----+-----------+
    |Total                             | 1547|        326|  892|       5213|
    +----------------------------------+-----+-----------+-----+-----------+

    * Register: 
    +------------------------------------+----+----+-----+-----------+
    |                Name                | FF | LUT| Bits| Const Bits|
    +------------------------------------+----+----+-----+-----------+
    |add_ln100_1_reg_3577                |  12|   0|   12|          0|
    |add_ln55_reg_2925                   |   7|   0|   12|          5|
    |add_ln57_reg_3173                   |   7|   0|    7|          0|
    |add_ln65_7_reg_3183                 |   8|   0|    8|          0|
    |add_ln72_reg_3200                   |  12|   0|   12|          0|
    |add_ln85_reg_3536                   |   7|   0|    7|          0|
    |add_ln93_7_reg_3551                 |   7|   0|    7|          0|
    |add_ln93_reg_3541                   |   7|   0|    7|          0|
    |and_ln79_1_reg_3284                 |   1|   0|    1|          0|
    |ap_CS_fsm                           |  83|   0|   83|          0|
    |ap_enable_reg_pp0_iter0             |   1|   0|    1|          0|
    |ap_enable_reg_pp0_iter1             |   1|   0|    1|          0|
    |ap_enable_reg_pp1_iter0             |   1|   0|    1|          0|
    |ap_enable_reg_pp1_iter1             |   1|   0|    1|          0|
    |bitcast_ln79_1_reg_3246             |  64|   0|   64|          0|
    |column_load_20_reg_3431             |  32|   0|   32|          0|
    |column_load_21_reg_3456             |  32|   0|   32|          0|
    |column_load_22_reg_3481             |  32|   0|   32|          0|
    |column_load_23_reg_3506             |  32|   0|   32|          0|
    |column_load_24_reg_3531             |  32|   0|   32|          0|
    |i_0_reg_989                         |   7|   0|    7|          0|
    |i_reg_2907                          |   7|   0|    7|          0|
    |icmp_ln51_reg_2912                  |   1|   0|    1|          0|
    |icmp_ln57_reg_2990                  |   1|   0|    1|          0|
    |icmp_ln61_1_reg_3014                |   1|   0|    1|          0|
    |icmp_ln61_1_reg_3014_pp0_iter1_reg  |   1|   0|    1|          0|
    |icmp_ln61_2_reg_3034                |   1|   0|    1|          0|
    |icmp_ln61_2_reg_3034_pp0_iter1_reg  |   1|   0|    1|          0|
    |icmp_ln61_3_reg_3054                |   1|   0|    1|          0|
    |icmp_ln61_3_reg_3054_pp0_iter1_reg  |   1|   0|    1|          0|
    |icmp_ln61_4_reg_3079                |   1|   0|    1|          0|
    |icmp_ln61_4_reg_3079_pp0_iter1_reg  |   1|   0|    1|          0|
    |icmp_ln61_5_reg_3104                |   1|   0|    1|          0|
    |icmp_ln61_5_reg_3104_pp0_iter1_reg  |   1|   0|    1|          0|
    |icmp_ln61_6_reg_3129                |   1|   0|    1|          0|
    |icmp_ln61_6_reg_3129_pp0_iter1_reg  |   1|   0|    1|          0|
    |icmp_ln61_7_reg_3154                |   1|   0|    1|          0|
    |icmp_ln61_7_reg_3154_pp0_iter1_reg  |   1|   0|    1|          0|
    |icmp_ln61_reg_2994                  |   1|   0|    1|          0|
    |icmp_ln61_reg_2994_pp0_iter1_reg    |   1|   0|    1|          0|
    |icmp_ln79_1_reg_3279                |   1|   0|    1|          0|
    |icmp_ln79_2_reg_3269                |   1|   0|    1|          0|
    |icmp_ln79_3_reg_3251                |   1|   0|    1|          0|
    |icmp_ln79_reg_3274                  |   1|   0|    1|          0|
    |icmp_ln85_reg_3353                  |   1|   0|    1|          0|
    |icmp_ln89_1_reg_3377                |   1|   0|    1|          0|
    |icmp_ln89_1_reg_3377_pp1_iter1_reg  |   1|   0|    1|          0|
    |icmp_ln89_2_reg_3397                |   1|   0|    1|          0|
    |icmp_ln89_2_reg_3397_pp1_iter1_reg  |   1|   0|    1|          0|
    |icmp_ln89_3_reg_3417                |   1|   0|    1|          0|
    |icmp_ln89_3_reg_3417_pp1_iter1_reg  |   1|   0|    1|          0|
    |icmp_ln89_4_reg_3442                |   1|   0|    1|          0|
    |icmp_ln89_4_reg_3442_pp1_iter1_reg  |   1|   0|    1|          0|
    |icmp_ln89_5_reg_3467                |   1|   0|    1|          0|
    |icmp_ln89_5_reg_3467_pp1_iter1_reg  |   1|   0|    1|          0|
    |icmp_ln89_6_reg_3492                |   1|   0|    1|          0|
    |icmp_ln89_6_reg_3492_pp1_iter1_reg  |   1|   0|    1|          0|
    |icmp_ln89_7_reg_3517                |   1|   0|    1|          0|
    |icmp_ln89_7_reg_3517_pp1_iter1_reg  |   1|   0|    1|          0|
    |icmp_ln89_reg_3357                  |   1|   0|    1|          0|
    |icmp_ln89_reg_3357_pp1_iter1_reg    |   1|   0|    1|          0|
    |isNeg_2_reg_3587                    |   1|   0|    1|          0|
    |isNeg_reg_3215                      |   1|   0|    1|          0|
    |j1_0_reg_1047                       |   7|   0|    7|          0|
    |j_0_reg_1000                        |   8|   0|    8|          0|
    |j_2_reg_3298                        |   7|   0|    7|          0|
    |j_reg_2935                          |   8|   0|    8|          0|
    |k_0_reg_978                         |   2|   0|    2|          0|
    |k_reg_2858                          |   2|   0|    2|          0|
    |l2_0_0_reg_1059                     |   7|   0|    7|          0|
    |l_0_0_cast_reg_3178                 |   7|   0|    8|          1|
    |l_0_0_reg_1012                      |   7|   0|    7|          0|
    |level_col_reg_2863                  |   7|   0|    7|          0|
    |level_row_reg_2870                  |   8|   0|    8|          0|
    |lshr_ln_reg_2880                    |   7|   0|    7|          0|
    |n_0_reg_1035                        |   7|   0|    7|          0|
    |n_reg_3259                          |   7|   0|    7|          0|
    |o4_0_reg_1071                       |   7|   0|    7|          0|
    |o_0_reg_1024                        |   8|   0|    8|          0|
    |o_2_reg_3559                        |   7|   0|    7|          0|
    |o_reg_3191                          |   8|   0|    8|          0|
    |or_ln57_1_reg_3028                  |   6|   0|    7|          1|
    |or_ln57_1_reg_3028_pp0_iter1_reg    |   6|   0|    7|          1|
    |or_ln57_2_reg_3048                  |   5|   0|    7|          2|
    |or_ln57_2_reg_3048_pp0_iter1_reg    |   5|   0|    7|          2|
    |or_ln57_3_reg_3073                  |   6|   0|    7|          1|
    |or_ln57_3_reg_3073_pp0_iter1_reg    |   6|   0|    7|          1|
    |or_ln57_4_reg_3098                  |   5|   0|    7|          2|
    |or_ln57_4_reg_3098_pp0_iter1_reg    |   5|   0|    7|          2|
    |or_ln57_5_reg_3123                  |   5|   0|    7|          2|
    |or_ln57_5_reg_3123_pp0_iter1_reg    |   5|   0|    7|          2|
    |or_ln57_6_reg_3148                  |   4|   0|    7|          3|
    |or_ln57_6_reg_3148_pp0_iter1_reg    |   4|   0|    7|          3|
    |or_ln57_reg_3008                    |   6|   0|    7|          1|
    |or_ln57_reg_3008_pp0_iter1_reg      |   6|   0|    7|          1|
    |or_ln85_1_reg_3391                  |   6|   0|    7|          1|
    |or_ln85_1_reg_3391_pp1_iter1_reg    |   6|   0|    7|          1|
    |or_ln85_2_reg_3411                  |   5|   0|    7|          2|
    |or_ln85_2_reg_3411_pp1_iter1_reg    |   5|   0|    7|          2|
    |or_ln85_3_reg_3436                  |   6|   0|    7|          1|
    |or_ln85_3_reg_3436_pp1_iter1_reg    |   6|   0|    7|          1|
    |or_ln85_4_reg_3461                  |   5|   0|    7|          2|
    |or_ln85_4_reg_3461_pp1_iter1_reg    |   5|   0|    7|          2|
    |or_ln85_5_reg_3486                  |   5|   0|    7|          2|
    |or_ln85_5_reg_3486_pp1_iter1_reg    |   5|   0|    7|          2|
    |or_ln85_6_reg_3511                  |   4|   0|    7|          3|
    |or_ln85_6_reg_3511_pp1_iter1_reg    |   4|   0|    7|          3|
    |or_ln85_reg_3371                    |   6|   0|    7|          1|
    |or_ln85_reg_3371_pp1_iter1_reg      |   6|   0|    7|          1|
    |reg_1111                            |  32|   0|   32|          0|
    |reg_1117                            |  32|   0|   32|          0|
    |reg_1123                            |  32|   0|   32|          0|
    |reg_1128                            |  64|   0|   64|          0|
    |reg_1133                            |  32|   0|   32|          0|
    |reg_1139                            |  64|   0|   64|          0|
    |reg_1144                            |  32|   0|   32|          0|
    |reg_1150                            |  64|   0|   64|          0|
    |reg_1155                            |  64|   0|   64|          0|
    |reg_1160                            |  64|   0|   64|          0|
    |reg_1165                            |  64|   0|   64|          0|
    |reg_1170                            |  64|   0|   64|          0|
    |reg_1177                            |  64|   0|   64|          0|
    |reg_1183                            |  64|   0|   64|          0|
    |reg_1189                            |  64|   0|   64|          0|
    |reg_1195                            |  64|   0|   64|          0|
    |reg_1201                            |  64|   0|   64|          0|
    |reg_1207                            |  64|   0|   64|          0|
    |reg_1212                            |  64|   0|   64|          0|
    |reg_1218                            |  64|   0|   64|          0|
    |reg_1223                            |  64|   0|   64|          0|
    |reg_1228                            |  64|   0|   64|          0|
    |reg_1233                            |  64|   0|   64|          0|
    |reg_1238                            |  64|   0|   64|          0|
    |reg_1243                            |  64|   0|   64|          0|
    |reg_1249                            |  64|   0|   64|          0|
    |reg_1255                            |  64|   0|   64|          0|
    |reg_1261                            |  32|   0|   32|          0|
    |reg_1267                            |  32|   0|   32|          0|
    |reg_1272                            |  32|   0|   32|          0|
    |reg_1278                            |  32|   0|   32|          0|
    |row_load_20_reg_3068                |  32|   0|   32|          0|
    |row_load_21_reg_3093                |  32|   0|   32|          0|
    |row_load_22_reg_3118                |  32|   0|   32|          0|
    |row_load_23_reg_3143                |  32|   0|   32|          0|
    |row_load_24_reg_3168                |  32|   0|   32|          0|
    |tmp_10_reg_3343                     |  16|   0|   16|          0|
    |tmp_60_7_reg_3546                   |  64|   0|   64|          0|
    |tmp_8_reg_2980                      |  16|   0|   16|          0|
    |tmp_V_5_reg_3210                    |  23|   0|   23|          0|
    |tmp_V_7_reg_3582                    |  23|   0|   23|          0|
    |trunc_ln100_reg_3573                |   3|   0|    3|          0|
    |trunc_ln55_reg_2916                 |   3|   0|    3|          0|
    |ush_2_reg_3592                      |   9|   0|    9|          0|
    |ush_reg_3220                        |   9|   0|    9|          0|
    |zext_ln48_reg_2875                  |   8|   0|   32|         24|
    |zext_ln55_1_reg_2920                |   3|   0|   32|         29|
    |zext_ln61_reg_2892                  |   7|   0|    8|          1|
    |zext_ln81_reg_3288                  |   7|   0|   12|          5|
    |zext_ln89_reg_3226                  |   6|   0|    7|          1|
    +------------------------------------+----+----+-----+-----------+
    |Total                               |2756|   0| 2870|        114|
    +------------------------------------+----+----+-----+-----------+



================================================================
== Interface
================================================================
* Summary: 
+--------------+-----+-----+------------+--------------+--------------+
|   RTL Ports  | Dir | Bits|  Protocol  | Source Object|    C Type    |
+--------------+-----+-----+------------+--------------+--------------+
|ap_clk        |  in |    1| ap_ctrl_hs |   DWT_color  | return value |
|ap_rst        |  in |    1| ap_ctrl_hs |   DWT_color  | return value |
|ap_start      |  in |    1| ap_ctrl_hs |   DWT_color  | return value |
|ap_done       | out |    1| ap_ctrl_hs |   DWT_color  | return value |
|ap_idle       | out |    1| ap_ctrl_hs |   DWT_color  | return value |
|ap_ready      | out |    1| ap_ctrl_hs |   DWT_color  | return value |
|A_0_address0  | out |   12|  ap_memory |      A_0     |     array    |
|A_0_ce0       | out |    1|  ap_memory |      A_0     |     array    |
|A_0_we0       | out |    1|  ap_memory |      A_0     |     array    |
|A_0_d0        | out |   16|  ap_memory |      A_0     |     array    |
|A_0_q0        |  in |   16|  ap_memory |      A_0     |     array    |
|A_1_address0  | out |   12|  ap_memory |      A_1     |     array    |
|A_1_ce0       | out |    1|  ap_memory |      A_1     |     array    |
|A_1_we0       | out |    1|  ap_memory |      A_1     |     array    |
|A_1_d0        | out |   16|  ap_memory |      A_1     |     array    |
|A_1_q0        |  in |   16|  ap_memory |      A_1     |     array    |
|A_2_address0  | out |   12|  ap_memory |      A_2     |     array    |
|A_2_ce0       | out |    1|  ap_memory |      A_2     |     array    |
|A_2_we0       | out |    1|  ap_memory |      A_2     |     array    |
|A_2_d0        | out |   16|  ap_memory |      A_2     |     array    |
|A_2_q0        |  in |   16|  ap_memory |      A_2     |     array    |
|A_3_address0  | out |   12|  ap_memory |      A_3     |     array    |
|A_3_ce0       | out |    1|  ap_memory |      A_3     |     array    |
|A_3_we0       | out |    1|  ap_memory |      A_3     |     array    |
|A_3_d0        | out |   16|  ap_memory |      A_3     |     array    |
|A_3_q0        |  in |   16|  ap_memory |      A_3     |     array    |
|A_4_address0  | out |   12|  ap_memory |      A_4     |     array    |
|A_4_ce0       | out |    1|  ap_memory |      A_4     |     array    |
|A_4_we0       | out |    1|  ap_memory |      A_4     |     array    |
|A_4_d0        | out |   16|  ap_memory |      A_4     |     array    |
|A_4_q0        |  in |   16|  ap_memory |      A_4     |     array    |
|A_5_address0  | out |   12|  ap_memory |      A_5     |     array    |
|A_5_ce0       | out |    1|  ap_memory |      A_5     |     array    |
|A_5_we0       | out |    1|  ap_memory |      A_5     |     array    |
|A_5_d0        | out |   16|  ap_memory |      A_5     |     array    |
|A_5_q0        |  in |   16|  ap_memory |      A_5     |     array    |
|A_6_address0  | out |   12|  ap_memory |      A_6     |     array    |
|A_6_ce0       | out |    1|  ap_memory |      A_6     |     array    |
|A_6_we0       | out |    1|  ap_memory |      A_6     |     array    |
|A_6_d0        | out |   16|  ap_memory |      A_6     |     array    |
|A_6_q0        |  in |   16|  ap_memory |      A_6     |     array    |
|A_7_address0  | out |   12|  ap_memory |      A_7     |     array    |
|A_7_ce0       | out |    1|  ap_memory |      A_7     |     array    |
|A_7_we0       | out |    1|  ap_memory |      A_7     |     array    |
|A_7_d0        | out |   16|  ap_memory |      A_7     |     array    |
|A_7_q0        |  in |   16|  ap_memory |      A_7     |     array    |
+--------------+-----+-----+------------+--------------+--------------+

