

================================================================
== Vivado HLS Report for 'IDWT'
================================================================
* Date:           Thu Dec 14 23:07:05 2023

* Version:        2019.1 (Build 2552052 on Fri May 24 15:28:33 MDT 2019)
* Project:        DWT
* Solution:       solution1
* Product family: zynq
* Target device:  xc7z020-clg400-1


================================================================
== Performance Estimates
================================================================
+ Timing (ns): 
    * Summary: 
    +--------+-------+----------+------------+
    |  Clock | Target| Estimated| Uncertainty|
    +--------+-------+----------+------------+
    |ap_clk  |  10.00|     9.293|        1.25|
    +--------+-------+----------+------------+

+ Latency (clock cycles): 
    * Summary: 
    +------+---------+------+---------+---------+
    |     Latency    |    Interval    | Pipeline|
    |  min |   max   |  min |   max   |   Type  |
    +------+---------+------+---------+---------+
    |  1127|  1089207|  1127|  1089207|   none  |
    +------+---------+------+---------+---------+

    + Detail: 
        * Instance: 
        N/A

        * Loop: 
        +-----------------+------+---------+--------------+-----------+-----------+------+----------+
        |                 |     Latency    |   Iteration  |  Initiation Interval  | Trip |          |
        |    Loop Name    |  min |   max   |    Latency   |  achieved |   target  | Count| Pipelined|
        +-----------------+------+---------+--------------+-----------+-----------+------+----------+
        |- Loop 1         |  1126|  1089206| 563 ~ 544603 |          -|          -|     2|    no    |
        | + Loop 1.1      |   320|   272800|   2 ~ 1705   |          -|          -|   160|    no    |
        |  ++ Loop 1.1.1  |  1080|     1080|             9|          -|          -|   120|    no    |
        |  ++ Loop 1.1.2  |   140|      140|            29|          8|          1|    15|    yes   |
        |  ++ Loop 1.1.3  |   240|      480|     2 ~ 4    |          -|          -|   120|    no    |
        | + Loop 1.2      |   240|   271800|   2 ~ 2265   |          -|          -|   120|    no    |
        |  ++ Loop 1.2.1  |  1440|     1440|             9|          -|          -|   160|    no    |
        |  ++ Loop 1.2.2  |   180|      180|            29|          8|          1|    20|    yes   |
        |  ++ Loop 1.2.3  |   320|      640|     2 ~ 4    |          -|          -|   160|    no    |
        +-----------------+------+---------+--------------+-----------+-----------+------+----------+



================================================================
== Utilization Estimates
================================================================
* Summary: 
+-----------------+---------+-------+--------+-------+-----+
|       Name      | BRAM_18K| DSP48E|   FF   |  LUT  | URAM|
+-----------------+---------+-------+--------+-------+-----+
|DSP              |        -|      -|       -|      -|    -|
|Expression       |        -|      -|       0|   1651|    -|
|FIFO             |        -|      -|       -|      -|    -|
|Instance         |        -|     50|    2954|   6084|    -|
|Memory           |        8|      -|       0|      0|    0|
|Multiplexer      |        -|      -|       -|   1481|    -|
|Register         |        0|      -|    5761|    960|    -|
+-----------------+---------+-------+--------+-------+-----+
|Total            |        8|     50|    8715|  10176|    0|
+-----------------+---------+-------+--------+-------+-----+
|Available        |      280|    220|  106400|  53200|    0|
+-----------------+---------+-------+--------+-------+-----+
|Utilization (%)  |        2|     22|       8|     19|    0|
+-----------------+---------+-------+--------+-------+-----+

+ Detail: 
    * Instance: 
    +---------------------------+----------------------+---------+-------+-----+------+-----+
    |          Instance         |        Module        | BRAM_18K| DSP48E|  FF |  LUT | URAM|
    +---------------------------+----------------------+---------+-------+-----+------+-----+
    |DWT_Accel_dadd_64jbC_U102  |DWT_Accel_dadd_64jbC  |        0|      3|  445|  1149|    0|
    |DWT_Accel_dmul_64fYi_U104  |DWT_Accel_dmul_64fYi  |        0|     11|  317|   578|    0|
    |DWT_Accel_dmul_64fYi_U105  |DWT_Accel_dmul_64fYi  |        0|     11|  317|   578|    0|
    |DWT_Accel_dmul_64fYi_U106  |DWT_Accel_dmul_64fYi  |        0|     11|  317|   578|    0|
    |DWT_Accel_dmul_64fYi_U107  |DWT_Accel_dmul_64fYi  |        0|     11|  317|   578|    0|
    |DWT_Accel_dsub_64kbM_U103  |DWT_Accel_dsub_64kbM  |        0|      3|  445|  1149|    0|
    |DWT_Accel_fpext_3dEe_U100  |DWT_Accel_fpext_3dEe  |        0|      0|  100|   138|    0|
    |DWT_Accel_fpext_3dEe_U101  |DWT_Accel_fpext_3dEe  |        0|      0|  100|   138|    0|
    |DWT_Accel_fptrunccud_U98   |DWT_Accel_fptrunccud  |        0|      0|  128|   277|    0|
    |DWT_Accel_fptrunccud_U99   |DWT_Accel_fptrunccud  |        0|      0|  128|   277|    0|
    |DWT_Accel_mux_832ibs_U108  |DWT_Accel_mux_832ibs  |        0|      0|    0|    45|    0|
    |DWT_Accel_mux_832ibs_U109  |DWT_Accel_mux_832ibs  |        0|      0|    0|    45|    0|
    |DWT_Accel_uitofp_bkb_U97   |DWT_Accel_uitofp_bkb  |        0|      0|  340|   554|    0|
    +---------------------------+----------------------+---------+-------+-----+------+-----+
    |Total                      |                      |        0|     50| 2954|  6084|    0|
    +---------------------------+----------------------+---------+-------+-----+------+-----+

    * DSP48E: 
    N/A

    * Memory: 
    +----------+------------------+---------+---+----+-----+------+-----+------+-------------+
    |  Memory  |      Module      | BRAM_18K| FF| LUT| URAM| Words| Bits| Banks| W*Bits*Banks|
    +----------+------------------+---------+---+----+-----+------+-----+------+-------------+
    |column_U  |DWT_color_column  |        2|  0|   0|    0|   120|   32|     1|         3840|
    |row_U     |DWT_color_row     |        2|  0|   0|    0|   160|   32|     1|         5120|
    |tempc_U   |IDWT_tempc        |        2|  0|   0|    0|   120|   32|     1|         3840|
    |tempr_U   |IDWT_tempr        |        2|  0|   0|    0|   160|   32|     1|         5120|
    +----------+------------------+---------+---+----+-----+------+-----+------+-------------+
    |Total     |                  |        8|  0|   0|    0|   560|  128|     4|        17920|
    +----------+------------------+---------+---+----+-----+------+-----+------+-------------+

    * FIFO: 
    N/A

    * Expression: 
    +-------------------------+----------+-------+---+-----+------------+------------+
    |      Variable Name      | Operation| DSP48E| FF| LUT | Bitwidth P0| Bitwidth P1|
    +-------------------------+----------+-------+---+-----+------------+------------+
    |add_ln225_1_fu_1582_p2   |     +    |      0|  0|   12|          12|          12|
    |add_ln225_fu_1576_p2     |     +    |      0|  0|   12|          12|          12|
    |add_ln227_fu_1886_p2     |     +    |      0|  0|   15|           7|           4|
    |add_ln234_1_fu_1688_p2   |     +    |      0|  0|   15|           8|           8|
    |add_ln234_2_fu_1718_p2   |     +    |      0|  0|   15|           8|           8|
    |add_ln234_3_fu_1748_p2   |     +    |      0|  0|   15|           8|           8|
    |add_ln234_4_fu_1778_p2   |     +    |      0|  0|   15|           8|           8|
    |add_ln234_5_fu_1808_p2   |     +    |      0|  0|   15|           8|           8|
    |add_ln234_6_fu_1838_p2   |     +    |      0|  0|   15|           8|           8|
    |add_ln234_7_fu_1876_p2   |     +    |      0|  0|   15|           8|           8|
    |add_ln234_fu_1658_p2     |     +    |      0|  0|   15|           8|           8|
    |add_ln242_1_fu_2133_p2   |     +    |      0|  0|   12|          12|          12|
    |add_ln242_fu_2127_p2     |     +    |      0|  0|   12|          12|          12|
    |add_ln253_1_fu_2362_p2   |     +    |      0|  0|   12|          12|          12|
    |add_ln253_fu_2334_p2     |     +    |      0|  0|   12|          12|          12|
    |add_ln256_fu_2623_p2     |     +    |      0|  0|   15|           8|           4|
    |add_ln263_1_fu_2451_p2   |     +    |      0|  0|   15|           8|           8|
    |add_ln263_2_fu_2477_p2   |     +    |      0|  0|   15|           8|           8|
    |add_ln263_3_fu_2503_p2   |     +    |      0|  0|   15|           8|           8|
    |add_ln263_4_fu_2529_p2   |     +    |      0|  0|   15|           8|           8|
    |add_ln263_5_fu_2555_p2   |     +    |      0|  0|   15|           8|           8|
    |add_ln263_6_fu_2581_p2   |     +    |      0|  0|   15|           8|           8|
    |add_ln263_7_fu_2613_p2   |     +    |      0|  0|   15|           8|           8|
    |add_ln263_fu_2425_p2     |     +    |      0|  0|   15|           8|           8|
    |add_ln271_fu_2816_p2     |     +    |      0|  0|   12|          12|          12|
    |add_ln339_1_fu_2843_p2   |     +    |      0|  0|   15|           8|           9|
    |add_ln339_fu_2160_p2     |     +    |      0|  0|   15|           8|           9|
    |i_1_fu_2281_p2           |     +    |      0|  0|   15|           7|           1|
    |i_fu_1536_p2             |     +    |      0|  0|   15|           7|           1|
    |j_1_fu_1515_p2           |     +    |      0|  0|   15|           8|           1|
    |j_fu_2352_p2             |     +    |      0|  0|   15|           8|           1|
    |k_fu_2340_p2             |     +    |      0|  0|   10|           2|           2|
    |o_1_fu_2796_p2           |     +    |      0|  0|   15|           8|           1|
    |o_fu_2073_p2             |     +    |      0|  0|   15|           7|           1|
    |sub_ln1311_1_fu_2857_p2  |     -    |      0|  0|   15|           7|           8|
    |sub_ln1311_fu_2174_p2    |     -    |      0|  0|   15|           7|           8|
    |icmp_ln219_fu_1509_p2    |   icmp   |      0|  0|   11|           8|           8|
    |icmp_ln221_fu_1521_p2    |   icmp   |      0|  0|   11|           8|           8|
    |icmp_ln223_fu_1530_p2    |   icmp   |      0|  0|   11|           7|           5|
    |icmp_ln227_fu_1638_p2    |   icmp   |      0|  0|   11|           7|           5|
    |icmp_ln231_1_fu_1678_p2  |   icmp   |      0|  0|   11|           7|           7|
    |icmp_ln231_2_fu_1708_p2  |   icmp   |      0|  0|   11|           7|           7|
    |icmp_ln231_3_fu_1738_p2  |   icmp   |      0|  0|   11|           7|           7|
    |icmp_ln231_4_fu_1768_p2  |   icmp   |      0|  0|   11|           7|           7|
    |icmp_ln231_5_fu_1798_p2  |   icmp   |      0|  0|   11|           7|           7|
    |icmp_ln231_6_fu_1828_p2  |   icmp   |      0|  0|   11|           7|           7|
    |icmp_ln231_7_fu_1866_p2  |   icmp   |      0|  0|   11|           7|           7|
    |icmp_ln231_fu_1648_p2    |   icmp   |      0|  0|   11|           7|           7|
    |icmp_ln238_fu_2067_p2    |   icmp   |      0|  0|   11|           7|           5|
    |icmp_ln240_fu_2079_p2    |   icmp   |      0|  0|   11|           7|           7|
    |icmp_ln247_fu_2275_p2    |   icmp   |      0|  0|   11|           7|           5|
    |icmp_ln249_fu_2287_p2    |   icmp   |      0|  0|   11|           7|           7|
    |icmp_ln251_fu_2346_p2    |   icmp   |      0|  0|   11|           8|           8|
    |icmp_ln256_fu_2409_p2    |   icmp   |      0|  0|   11|           8|           8|
    |icmp_ln260_1_fu_2441_p2  |   icmp   |      0|  0|   11|           8|           8|
    |icmp_ln260_2_fu_2467_p2  |   icmp   |      0|  0|   11|           8|           8|
    |icmp_ln260_3_fu_2493_p2  |   icmp   |      0|  0|   11|           8|           8|
    |icmp_ln260_4_fu_2519_p2  |   icmp   |      0|  0|   11|           8|           8|
    |icmp_ln260_5_fu_2545_p2  |   icmp   |      0|  0|   11|           8|           8|
    |icmp_ln260_6_fu_2571_p2  |   icmp   |      0|  0|   11|           8|           8|
    |icmp_ln260_7_fu_2603_p2  |   icmp   |      0|  0|   11|           8|           8|
    |icmp_ln260_fu_2415_p2    |   icmp   |      0|  0|   11|           8|           8|
    |icmp_ln267_fu_2790_p2    |   icmp   |      0|  0|   11|           8|           8|
    |icmp_ln269_fu_2802_p2    |   icmp   |      0|  0|   11|           8|           8|
    |level_col_fu_1469_p2     |   lshr   |      0|  0|   17|           5|           7|
    |level_row_fu_1475_p2     |   lshr   |      0|  0|   19|           8|           8|
    |r_V_2_fu_2909_p2         |   lshr   |      0|  0|   73|          25|          25|
    |r_V_fu_2215_p2           |   lshr   |      0|  0|   73|          25|          25|
    |or_ln227_1_fu_1698_p2    |    or    |      0|  0|    7|           7|           2|
    |or_ln227_2_fu_1728_p2    |    or    |      0|  0|    7|           7|           2|
    |or_ln227_3_fu_1758_p2    |    or    |      0|  0|    7|           7|           3|
    |or_ln227_4_fu_1788_p2    |    or    |      0|  0|    7|           7|           3|
    |or_ln227_5_fu_1818_p2    |    or    |      0|  0|    7|           7|           3|
    |or_ln227_6_fu_1856_p2    |    or    |      0|  0|    7|           7|           3|
    |or_ln227_fu_1668_p2      |    or    |      0|  0|    7|           7|           1|
    |or_ln235_1_fu_1918_p2    |    or    |      0|  0|    8|           8|           1|
    |or_ln235_2_fu_1941_p2    |    or    |      0|  0|    8|           8|           1|
    |or_ln235_3_fu_1964_p2    |    or    |      0|  0|    8|           8|           1|
    |or_ln235_4_fu_1987_p2    |    or    |      0|  0|    8|           8|           1|
    |or_ln235_5_fu_2010_p2    |    or    |      0|  0|    8|           8|           1|
    |or_ln235_6_fu_2033_p2    |    or    |      0|  0|    8|           8|           1|
    |or_ln235_7_fu_2056_p2    |    or    |      0|  0|    8|           8|           1|
    |or_ln235_fu_1896_p2      |    or    |      0|  0|    8|           8|           1|
    |or_ln256_1_fu_2461_p2    |    or    |      0|  0|    8|           8|           2|
    |or_ln256_2_fu_2487_p2    |    or    |      0|  0|    8|           8|           2|
    |or_ln256_3_fu_2513_p2    |    or    |      0|  0|    8|           8|           3|
    |or_ln256_4_fu_2539_p2    |    or    |      0|  0|    8|           8|           3|
    |or_ln256_5_fu_2565_p2    |    or    |      0|  0|    8|           8|           3|
    |or_ln256_6_fu_2597_p2    |    or    |      0|  0|    8|           8|           3|
    |or_ln256_fu_2435_p2      |    or    |      0|  0|    8|           8|           1|
    |or_ln264_1_fu_2653_p2    |    or    |      0|  0|    8|           8|           1|
    |or_ln264_2_fu_2674_p2    |    or    |      0|  0|    8|           8|           1|
    |or_ln264_3_fu_2695_p2    |    or    |      0|  0|    8|           8|           1|
    |or_ln264_4_fu_2716_p2    |    or    |      0|  0|    8|           8|           1|
    |or_ln264_5_fu_2737_p2    |    or    |      0|  0|    8|           8|           1|
    |or_ln264_6_fu_2758_p2    |    or    |      0|  0|    8|           8|           1|
    |or_ln264_7_fu_2779_p2    |    or    |      0|  0|    8|           8|           1|
    |or_ln264_fu_2633_p2      |    or    |      0|  0|    8|           8|           1|
    |ush_1_fu_2867_p3         |  select  |      0|  0|    9|           1|           9|
    |ush_fu_2184_p3           |  select  |      0|  0|    9|           1|           9|
    |val_V_1_fu_2943_p3       |  select  |      0|  0|   16|           1|          16|
    |val_V_fu_2249_p3         |  select  |      0|  0|   16|           1|          16|
    |r_V_1_fu_2221_p2         |    shl   |      0|  0|  180|          63|          63|
    |r_V_3_fu_2915_p2         |    shl   |      0|  0|  180|          63|          63|
    |ap_enable_pp0            |    xor   |      0|  0|    2|           1|           2|
    |ap_enable_pp1            |    xor   |      0|  0|    2|           1|           2|
    +-------------------------+----------+-------+---+-----+------------+------------+
    |Total                    |          |      0|  0| 1651|         942|         759|
    +-------------------------+----------+-------+---+-----+------------+------------+

    * Multiplexer: 
    +----------------------------------+-----+-----------+-----+-----------+
    |               Name               | LUT | Input Size| Bits| Total Bits|
    +----------------------------------+-----+-----------+-----+-----------+
    |C_0_address0                      |   27|          5|   12|         60|
    |C_0_d0                            |   15|          3|   16|         48|
    |C_1_address0                      |   27|          5|   12|         60|
    |C_1_d0                            |   15|          3|   16|         48|
    |C_2_address0                      |   27|          5|   12|         60|
    |C_2_d0                            |   15|          3|   16|         48|
    |C_3_address0                      |   27|          5|   12|         60|
    |C_3_d0                            |   15|          3|   16|         48|
    |C_4_address0                      |   27|          5|   12|         60|
    |C_4_d0                            |   15|          3|   16|         48|
    |C_5_address0                      |   27|          5|   12|         60|
    |C_5_d0                            |   15|          3|   16|         48|
    |C_6_address0                      |   27|          5|   12|         60|
    |C_6_d0                            |   15|          3|   16|         48|
    |C_7_address0                      |   27|          5|   12|         60|
    |C_7_d0                            |   15|          3|   16|         48|
    |ap_NS_fsm                         |  213|         49|    1|         49|
    |ap_enable_reg_pp0_iter3           |    9|          2|    1|          2|
    |ap_enable_reg_pp1_iter3           |    9|          2|    1|          2|
    |ap_phi_mux_l3_0_0_phi_fu_1073_p4  |    9|          2|    8|         16|
    |ap_phi_mux_l_0_0_phi_fu_1027_p4   |    9|          2|    7|         14|
    |column_address0                   |   47|         10|    7|         70|
    |column_address1                   |   44|          9|    7|         63|
    |grp_fu_1092_p0                    |   15|          3|   32|         96|
    |grp_fu_1095_p0                    |   15|          3|   64|        192|
    |grp_fu_1099_p0                    |   15|          3|   64|        192|
    |grp_fu_1105_p0                    |   27|          5|   32|        160|
    |grp_fu_1109_p0                    |   27|          5|   32|        160|
    |grp_fu_1119_p0                    |   44|          9|   64|        576|
    |grp_fu_1119_p1                    |   44|          9|   64|        576|
    |grp_fu_1123_p0                    |   44|          9|   64|        576|
    |grp_fu_1123_p1                    |   44|          9|   64|        576|
    |grp_fu_1127_p0                    |   44|          9|   64|        576|
    |grp_fu_1132_p0                    |   44|          9|   64|        576|
    |grp_fu_1137_p0                    |   44|          9|   64|        576|
    |grp_fu_1142_p0                    |   44|          9|   64|        576|
    |i1_0_reg_1046                     |    9|          2|    7|         14|
    |i_0_reg_1011                      |    9|          2|    7|         14|
    |j2_0_reg_1057                     |    9|          2|    8|         16|
    |j_0_reg_1000                      |    9|          2|    8|         16|
    |k_0_reg_988                       |    9|          2|    2|          4|
    |l3_0_0_reg_1069                   |    9|          2|    8|         16|
    |l_0_0_reg_1023                    |    9|          2|    7|         14|
    |o5_0_reg_1081                     |    9|          2|    8|         16|
    |o_0_reg_1035                      |    9|          2|    7|         14|
    |row_address0                      |   47|         10|    8|         80|
    |row_address1                      |   44|          9|    8|         72|
    |tempc_address0                    |   47|         10|    7|         70|
    |tempc_address1                    |   44|          9|    7|         63|
    |tempr_address0                    |   47|         10|    8|         80|
    |tempr_address1                    |   44|          9|    8|         72|
    +----------------------------------+-----+-----------+-----+-----------+
    |Total                             | 1481|        306| 1100|       7049|
    +----------------------------------+-----+-----------+-----+-----------+

    * Register: 
    +----------------------------------+----+----+-----+-----------+
    |               Name               | FF | LUT| Bits| Const Bits|
    +----------------------------------+----+----+-----+-----------+
    |add_ln227_reg_3247                |   7|   0|    7|          0|
    |add_ln242_1_reg_3273              |  12|   0|   12|          0|
    |add_ln253_reg_3315                |   7|   0|   12|          5|
    |add_ln256_reg_3542                |   8|   0|    8|          0|
    |add_ln271_reg_3559                |  12|   0|   12|          0|
    |ap_CS_fsm                         |  48|   0|   48|          0|
    |ap_enable_reg_pp0_iter0           |   1|   0|    1|          0|
    |ap_enable_reg_pp0_iter1           |   1|   0|    1|          0|
    |ap_enable_reg_pp0_iter2           |   1|   0|    1|          0|
    |ap_enable_reg_pp0_iter3           |   1|   0|    1|          0|
    |ap_enable_reg_pp1_iter0           |   1|   0|    1|          0|
    |ap_enable_reg_pp1_iter1           |   1|   0|    1|          0|
    |ap_enable_reg_pp1_iter2           |   1|   0|    1|          0|
    |ap_enable_reg_pp1_iter3           |   1|   0|    1|          0|
    |i1_0_reg_1046                     |   7|   0|    7|          0|
    |i_0_reg_1011                      |   7|   0|    7|          0|
    |i_1_reg_3297                      |   7|   0|    7|          0|
    |i_reg_3035                        |   7|   0|    7|          0|
    |icmp_ln221_reg_3021               |   1|   0|    1|          0|
    |icmp_ln227_reg_3090               |   1|   0|    1|          0|
    |icmp_ln231_1_reg_3113             |   1|   0|    1|          0|
    |icmp_ln231_2_reg_3132             |   1|   0|    1|          0|
    |icmp_ln231_3_reg_3151             |   1|   0|    1|          0|
    |icmp_ln231_4_reg_3170             |   1|   0|    1|          0|
    |icmp_ln231_5_reg_3189             |   1|   0|    1|          0|
    |icmp_ln231_6_reg_3208             |   1|   0|    1|          0|
    |icmp_ln231_7_reg_3233             |   1|   0|    1|          0|
    |icmp_ln231_reg_3094               |   1|   0|    1|          0|
    |icmp_ln249_reg_3302               |   1|   0|    1|          0|
    |icmp_ln256_reg_3385               |   1|   0|    1|          0|
    |icmp_ln260_1_reg_3408             |   1|   0|    1|          0|
    |icmp_ln260_2_reg_3427             |   1|   0|    1|          0|
    |icmp_ln260_3_reg_3446             |   1|   0|    1|          0|
    |icmp_ln260_4_reg_3465             |   1|   0|    1|          0|
    |icmp_ln260_5_reg_3484             |   1|   0|    1|          0|
    |icmp_ln260_6_reg_3503             |   1|   0|    1|          0|
    |icmp_ln260_7_reg_3528             |   1|   0|    1|          0|
    |icmp_ln260_reg_3389               |   1|   0|    1|          0|
    |isNeg_1_reg_3574                  |   1|   0|    1|          0|
    |isNeg_reg_3283                    |   1|   0|    1|          0|
    |j2_0_reg_1057                     |   8|   0|    8|          0|
    |j_0_reg_1000                      |   8|   0|    8|          0|
    |j_1_reg_3016                      |   8|   0|    8|          0|
    |j_reg_3330                        |   8|   0|    8|          0|
    |k_0_reg_988                       |   2|   0|    2|          0|
    |l3_0_0_reg_1069                   |   8|   0|    8|          0|
    |l_0_0_reg_1023                    |   7|   0|    7|          0|
    |level_col_reg_2961                |   7|   0|    7|          0|
    |level_row_reg_2975                |   8|   0|    8|          0|
    |o5_0_reg_1081                     |   8|   0|    8|          0|
    |o_0_reg_1035                      |   7|   0|    7|          0|
    |o_1_reg_3550                      |   8|   0|    8|          0|
    |o_reg_3255                        |   7|   0|    7|          0|
    |or_ln227_1_reg_3127               |   6|   0|    7|          1|
    |or_ln227_2_reg_3146               |   5|   0|    7|          2|
    |or_ln227_3_reg_3165               |   6|   0|    7|          1|
    |or_ln227_4_reg_3184               |   5|   0|    7|          2|
    |or_ln227_5_reg_3203               |   5|   0|    7|          2|
    |or_ln227_6_reg_3228               |   4|   0|    7|          3|
    |or_ln227_reg_3108                 |   6|   0|    7|          1|
    |or_ln256_1_reg_3422               |   7|   0|    8|          1|
    |or_ln256_2_reg_3441               |   6|   0|    8|          2|
    |or_ln256_3_reg_3460               |   7|   0|    8|          1|
    |or_ln256_4_reg_3479               |   6|   0|    8|          2|
    |or_ln256_5_reg_3498               |   6|   0|    8|          2|
    |or_ln256_6_reg_3523               |   5|   0|    8|          3|
    |or_ln256_reg_3403                 |   7|   0|    8|          1|
    |reg_1147                          |  32|   0|   32|          0|
    |reg_1165                          |  64|   0|   64|          0|
    |reg_1170                          |  64|   0|   64|          0|
    |reg_1175                          |  64|   0|   64|          0|
    |reg_1180                          |  64|   0|   64|          0|
    |reg_1185                          |  64|   0|   64|          0|
    |reg_1190                          |  64|   0|   64|          0|
    |reg_1195                          |  64|   0|   64|          0|
    |reg_1200                          |  64|   0|   64|          0|
    |reg_1205                          |  64|   0|   64|          0|
    |reg_1210                          |  64|   0|   64|          0|
    |reg_1215                          |  64|   0|   64|          0|
    |reg_1220                          |  64|   0|   64|          0|
    |reg_1225                          |  64|   0|   64|          0|
    |reg_1231                          |  64|   0|   64|          0|
    |reg_1237                          |  64|   0|   64|          0|
    |reg_1242                          |  64|   0|   64|          0|
    |reg_1247                          |  64|   0|   64|          0|
    |reg_1253                          |  64|   0|   64|          0|
    |reg_1259                          |  64|   0|   64|          0|
    |reg_1264                          |  64|   0|   64|          0|
    |reg_1269                          |  64|   0|   64|          0|
    |reg_1275                          |  64|   0|   64|          0|
    |reg_1281                          |  64|   0|   64|          0|
    |reg_1287                          |  64|   0|   64|          0|
    |reg_1293                          |  64|   0|   64|          0|
    |reg_1299                          |  64|   0|   64|          0|
    |reg_1305                          |  64|   0|   64|          0|
    |reg_1310                          |  64|   0|   64|          0|
    |reg_1315                          |  64|   0|   64|          0|
    |reg_1321                          |  64|   0|   64|          0|
    |reg_1327                          |  64|   0|   64|          0|
    |reg_1332                          |  64|   0|   64|          0|
    |reg_1337                          |  64|   0|   64|          0|
    |reg_1343                          |  64|   0|   64|          0|
    |reg_1349                          |  64|   0|   64|          0|
    |reg_1354                          |  64|   0|   64|          0|
    |reg_1359                          |  64|   0|   64|          0|
    |reg_1365                          |  64|   0|   64|          0|
    |reg_1371                          |  64|   0|   64|          0|
    |reg_1376                          |  64|   0|   64|          0|
    |reg_1381                          |  64|   0|   64|          0|
    |reg_1386                          |  64|   0|   64|          0|
    |reg_1391                          |  64|   0|   64|          0|
    |reg_1396                          |  64|   0|   64|          0|
    |reg_1401                          |  64|   0|   64|          0|
    |reg_1406                          |  64|   0|   64|          0|
    |reg_1411                          |  64|   0|   64|          0|
    |reg_1416                          |  64|   0|   64|          0|
    |reg_1421                          |  64|   0|   64|          0|
    |reg_1426                          |  64|   0|   64|          0|
    |reg_1431                          |  64|   0|   64|          0|
    |reg_1436                          |  64|   0|   64|          0|
    |shl_ln262_reg_3517                |   7|   0|    8|          1|
    |shl_ln262_reg_3517_pp1_iter1_reg  |   7|   0|    8|          1|
    |shl_ln_reg_3222                   |   7|   0|    8|          1|
    |shl_ln_reg_3222_pp0_iter1_reg     |   7|   0|    8|          1|
    |tmp_1_reg_3080                    |  16|   0|   16|          0|
    |tmp_2_87_reg_3375                 |  16|   0|   16|          0|
    |tmp_V_1_reg_3278                  |  23|   0|   23|          0|
    |tmp_V_3_reg_3569                  |  23|   0|   23|          0|
    |trunc_ln242_reg_3269              |   3|   0|    3|          0|
    |trunc_ln253_reg_3306              |   3|   0|    3|          0|
    |ush_1_reg_3579                    |   9|   0|    9|          0|
    |ush_reg_3288                      |   9|   0|    9|          0|
    |zext_ln219_reg_3001               |   6|   0|    8|          2|
    |zext_ln221_reg_2980               |   7|   0|    8|          1|
    |zext_ln223_reg_3025               |   8|   0|   12|          4|
    |zext_ln253_1_reg_3310             |   3|   0|   32|         29|
    |icmp_ln231_1_reg_3113             |  64|  32|    1|          0|
    |icmp_ln231_2_reg_3132             |  64|  32|    1|          0|
    |icmp_ln231_3_reg_3151             |  64|  32|    1|          0|
    |icmp_ln231_4_reg_3170             |  64|  32|    1|          0|
    |icmp_ln231_5_reg_3189             |  64|  32|    1|          0|
    |icmp_ln231_6_reg_3208             |  64|  32|    1|          0|
    |icmp_ln231_7_reg_3233             |  64|  32|    1|          0|
    |icmp_ln231_reg_3094               |  64|  32|    1|          0|
    |icmp_ln260_1_reg_3408             |  64|  32|    1|          0|
    |icmp_ln260_2_reg_3427             |  64|  32|    1|          0|
    |icmp_ln260_3_reg_3446             |  64|  32|    1|          0|
    |icmp_ln260_4_reg_3465             |  64|  32|    1|          0|
    |icmp_ln260_5_reg_3484             |  64|  32|    1|          0|
    |icmp_ln260_6_reg_3503             |  64|  32|    1|          0|
    |icmp_ln260_7_reg_3528             |  64|  32|    1|          0|
    |icmp_ln260_reg_3389               |  64|  32|    1|          0|
    |or_ln227_1_reg_3127               |  64|  32|    7|          1|
    |or_ln227_2_reg_3146               |  64|  32|    7|          2|
    |or_ln227_3_reg_3165               |  64|  32|    7|          1|
    |or_ln227_4_reg_3184               |  64|  32|    7|          2|
    |or_ln227_5_reg_3203               |  64|  32|    7|          2|
    |or_ln227_6_reg_3228               |  64|  32|    7|          3|
    |or_ln227_reg_3108                 |  64|  32|    7|          1|
    |or_ln256_1_reg_3422               |  64|  32|    8|          1|
    |or_ln256_2_reg_3441               |  64|  32|    8|          2|
    |or_ln256_3_reg_3460               |  64|  32|    8|          1|
    |or_ln256_4_reg_3479               |  64|  32|    8|          2|
    |or_ln256_5_reg_3498               |  64|  32|    8|          2|
    |or_ln256_6_reg_3523               |  64|  32|    8|          3|
    |or_ln256_reg_3403                 |  64|  32|    8|          1|
    +----------------------------------+----+----+-----+-----------+
    |Total                             |5761| 960| 4031|         93|
    +----------------------------------+----+----+-----+-----------+



================================================================
== Interface
================================================================
* Summary: 
+--------------+-----+-----+------------+--------------+--------------+
|   RTL Ports  | Dir | Bits|  Protocol  | Source Object|    C Type    |
+--------------+-----+-----+------------+--------------+--------------+
|ap_clk        |  in |    1| ap_ctrl_hs |     IDWT     | return value |
|ap_rst        |  in |    1| ap_ctrl_hs |     IDWT     | return value |
|ap_start      |  in |    1| ap_ctrl_hs |     IDWT     | return value |
|ap_done       | out |    1| ap_ctrl_hs |     IDWT     | return value |
|ap_idle       | out |    1| ap_ctrl_hs |     IDWT     | return value |
|ap_ready      | out |    1| ap_ctrl_hs |     IDWT     | return value |
|C_0_address0  | out |   12|  ap_memory |      C_0     |     array    |
|C_0_ce0       | out |    1|  ap_memory |      C_0     |     array    |
|C_0_we0       | out |    1|  ap_memory |      C_0     |     array    |
|C_0_d0        | out |   16|  ap_memory |      C_0     |     array    |
|C_0_q0        |  in |   16|  ap_memory |      C_0     |     array    |
|C_1_address0  | out |   12|  ap_memory |      C_1     |     array    |
|C_1_ce0       | out |    1|  ap_memory |      C_1     |     array    |
|C_1_we0       | out |    1|  ap_memory |      C_1     |     array    |
|C_1_d0        | out |   16|  ap_memory |      C_1     |     array    |
|C_1_q0        |  in |   16|  ap_memory |      C_1     |     array    |
|C_2_address0  | out |   12|  ap_memory |      C_2     |     array    |
|C_2_ce0       | out |    1|  ap_memory |      C_2     |     array    |
|C_2_we0       | out |    1|  ap_memory |      C_2     |     array    |
|C_2_d0        | out |   16|  ap_memory |      C_2     |     array    |
|C_2_q0        |  in |   16|  ap_memory |      C_2     |     array    |
|C_3_address0  | out |   12|  ap_memory |      C_3     |     array    |
|C_3_ce0       | out |    1|  ap_memory |      C_3     |     array    |
|C_3_we0       | out |    1|  ap_memory |      C_3     |     array    |
|C_3_d0        | out |   16|  ap_memory |      C_3     |     array    |
|C_3_q0        |  in |   16|  ap_memory |      C_3     |     array    |
|C_4_address0  | out |   12|  ap_memory |      C_4     |     array    |
|C_4_ce0       | out |    1|  ap_memory |      C_4     |     array    |
|C_4_we0       | out |    1|  ap_memory |      C_4     |     array    |
|C_4_d0        | out |   16|  ap_memory |      C_4     |     array    |
|C_4_q0        |  in |   16|  ap_memory |      C_4     |     array    |
|C_5_address0  | out |   12|  ap_memory |      C_5     |     array    |
|C_5_ce0       | out |    1|  ap_memory |      C_5     |     array    |
|C_5_we0       | out |    1|  ap_memory |      C_5     |     array    |
|C_5_d0        | out |   16|  ap_memory |      C_5     |     array    |
|C_5_q0        |  in |   16|  ap_memory |      C_5     |     array    |
|C_6_address0  | out |   12|  ap_memory |      C_6     |     array    |
|C_6_ce0       | out |    1|  ap_memory |      C_6     |     array    |
|C_6_we0       | out |    1|  ap_memory |      C_6     |     array    |
|C_6_d0        | out |   16|  ap_memory |      C_6     |     array    |
|C_6_q0        |  in |   16|  ap_memory |      C_6     |     array    |
|C_7_address0  | out |   12|  ap_memory |      C_7     |     array    |
|C_7_ce0       | out |    1|  ap_memory |      C_7     |     array    |
|C_7_we0       | out |    1|  ap_memory |      C_7     |     array    |
|C_7_d0        | out |   16|  ap_memory |      C_7     |     array    |
|C_7_q0        |  in |   16|  ap_memory |      C_7     |     array    |
+--------------+-----+-----+------------+--------------+--------------+

