#-----------------------------------------------------------
# Vivado v2019.1 (64-bit)
# SW Build 2552052 on Fri May 24 14:49:42 MDT 2019
# IP Build 2548770 on Fri May 24 18:01:18 MDT 2019
# Start of session at: Fri Dec  8 12:23:10 2023
# Process ID: 24784
# Current directory: C:/Users/ronal/Documents/ECE527MPs/final_project/final_project/final_project.runs/design_1_processing_system7_0_0_synth_1
# Command line: vivado.exe -log design_1_processing_system7_0_0.vds -product Vivado -mode batch -messageDb vivado.pb -notrace -source design_1_processing_system7_0_0.tcl
# Log file: C:/Users/ronal/Documents/ECE527MPs/final_project/final_project/final_project.runs/design_1_processing_system7_0_0_synth_1/design_1_processing_system7_0_0.vds
# Journal file: C:/Users/ronal/Documents/ECE527MPs/final_project/final_project/final_project.runs/design_1_processing_system7_0_0_synth_1\vivado.jou
#-----------------------------------------------------------
source design_1_processing_system7_0_0.tcl -notrace
