20:55:28 **** Build of configuration Debug for project accelerator_demo ****
make pre-build main-build 
a9-linaro-pre-build-step
' '
'Building file: ../src/main.c'
'Invoking: ARM v7 gcc compiler'
arm-none-eabi-gcc -Wall -O0 -g3 -c -fmessage-length=0 -MT"src/main.o" -mcpu=cortex-a9 -mfpu=vfpv3 -mfloat-abi=hard -I../../standalone_bsp_0/ps7_cortexa9_0/include -MMD -MP -MF"src/main.d" -MT"src/main.o" -o "src/main.o" "../src/main.c"
../src/main.c: In function 'main':
../src/main.c:438:2: warning: implicit declaration of function 'Xil_L1DCacheFlush'; did you mean 'Xil_DCacheFlush'? [-Wimplicit-function-declaration]
  Xil_L1DCacheFlush();
  ^~~~~~~~~~~~~~~~~
  Xil_DCacheFlush
../src/main.c:439:2: warning: implicit declaration of function 'Xil_L2CacheFlush'; did you mean 'Xil_DCacheFlush'? [-Wimplicit-function-declaration]
  Xil_L2CacheFlush();
  ^~~~~~~~~~~~~~~~
  Xil_DCacheFlush
../src/main.c:467:6: warning: unused variable 'tt' [-Wunused-variable]
  u64 tt=0;
      ^~
../src/main.c:333:6: warning: unused variable 'ret' [-Wunused-variable]
  int ret = 0;
      ^~~
'Finished building: ../src/main.c'
' '
'Building file: ../src/platform.c'
'Invoking: ARM v7 gcc compiler'
arm-none-eabi-gcc -Wall -O0 -g3 -c -fmessage-length=0 -MT"src/platform.o" -mcpu=cortex-a9 -mfpu=vfpv3 -mfloat-abi=hard -I../../standalone_bsp_0/ps7_cortexa9_0/include -MMD -MP -MF"src/platform.d" -MT"src/platform.o" -o "src/platform.o" "../src/platform.c"
'Finished building: ../src/platform.c'
' '
'Building target: accelerator_demo.elf'
'Invoking: ARM v7 gcc linker'
arm-none-eabi-gcc -mcpu=cortex-a9 -mfpu=vfpv3 -mfloat-abi=hard -Wl,-build-id=none -specs=Xilinx.spec -Wl,-T -Wl,../src/lscript.ld -L../../standalone_bsp_0/ps7_cortexa9_0/lib -o "accelerator_demo.elf"  ./src/main.o ./src/platform.o   -Wl,--start-group,-lxil,-lgcc,-lc,--end-group -Wl,--start-group,-lxilffs,-lxil,-lgcc,-lc,--end-group
'Finished building target: accelerator_demo.elf'
' '
'Invoking: ARM v7 Print Size'
arm-none-eabi-size accelerator_demo.elf  |tee "accelerator_demo.elf.size"
   text	   data	    bss	    dec	    hex	filename
  97684	   2648	142416208	142516540	87ea13c	accelerator_demo.elf
'Finished building: accelerator_demo.elf.size'
' '

20:55:29 Build Finished (took 1s.318ms)

