15:14:08 **** Auto Build of configuration Debug for project final_project ****
make pre-build main-build 
a9-linaro-pre-build-step
' '
'Building file: ../src/main.c'
'Invoking: ARM v7 gcc compiler'
arm-none-eabi-gcc -Wall -O0 -g3 -c -fmessage-length=0 -MT"src/main.o" -mcpu=cortex-a9 -mfpu=vfpv3 -mfloat-abi=hard -I../../standalone_bsp_0/ps7_cortexa9_0/include -MMD -MP -MF"src/main.d" -MT"src/main.o" -o "src/main.o" "../src/main.c"
In file included from ../src/main.c:17:
../../standalone_bsp_0/ps7_cortexa9_0/include/xtime_l.h:87:9: note: #pragma message: For the sleep routines, Global timer is being used
 #pragma message ("For the sleep routines, Global timer is being used")
         ^~~~~~~
../src/main.c: In function 'parse_image':
../src/main.c:125:10: warning: unused variable 'br' [-Wunused-variable]
     UINT br;
          ^~
../src/main.c:124:18: warning: unused variable 'header' [-Wunused-variable]
     unsigned int header[4];
                  ^~~~~~
../src/main.c: In function 'parse_color_image':
../src/main.c:256:41: warning: cast to pointer from integer of different size [-Wint-to-pointer-cast]
    xil_printf("R:%x G:%x B:%x A:%x\n\r",(void*)red_image[count], (void*)green_image[count], (void*)blue_image[count],(void*)aval_image[count]);
                                         ^
../src/main.c:256:66: warning: cast to pointer from integer of different size [-Wint-to-pointer-cast]
    xil_printf("R:%x G:%x B:%x A:%x\n\r",(void*)red_image[count], (void*)green_image[count], (void*)blue_image[count],(void*)aval_image[count]);
                                                                  ^
../src/main.c:256:93: warning: cast to pointer from integer of different size [-Wint-to-pointer-cast]
    xil_printf("R:%x G:%x B:%x A:%x\n\r",(void*)red_image[count], (void*)green_image[count], (void*)blue_image[count],(void*)aval_image[count]);
                                                                                             ^
../src/main.c:256:118: warning: cast to pointer from integer of different size [-Wint-to-pointer-cast]
    xil_printf("R:%x G:%x B:%x A:%x\n\r",(void*)red_image[count], (void*)green_image[count], (void*)blue_image[count],(void*)aval_image[count]);
                                                                                                                      ^
../src/main.c:193:10: warning: unused variable 'br' [-Wunused-variable]
     UINT br;
          ^~
../src/main.c:192:18: warning: unused variable 'header' [-Wunused-variable]
     unsigned int header[4];
                  ^~~~~~
../src/main.c: In function 'parse_color_ir_image':
../src/main.c:284:10: warning: unused variable 'br' [-Wunused-variable]
     UINT br;
          ^~
../src/main.c:283:18: warning: unused variable 'header' [-Wunused-variable]
     unsigned int header[4];
                  ^~~~~~
../src/main.c: In function 'DWT_IR':
../src/main.c:617:9: warning: unused variable 'col' [-Wunused-variable]
   float col[480];
         ^~~
../src/main.c:616:8: warning: variable 'row' set but not used [-Wunused-but-set-variable]
  float row[640];
        ^~~
../src/main.c: In function 'Filter':
../src/main.c:698:38: warning: comparison of constant '320' with boolean expression is always true [-Wbool-compare]
             else if((j<240) && (159<i<320))
                                      ^
../src/main.c:698:36: warning: comparisons like 'X<=Y<=Z' do not have their mathematical meaning [-Wparentheses]
             else if((j<240) && (159<i<320))
                                 ~~~^~
../src/main.c:702:27: warning: comparison of constant '240' with boolean expression is always true [-Wbool-compare]
             else if((119<j<240) && (i<160))
                           ^
../src/main.c:702:25: warning: comparisons like 'X<=Y<=Z' do not have their mathematical meaning [-Wparentheses]
             else if((119<j<240) && (i<160))
                      ~~~^~
../src/main.c: In function 'main':
../src/main.c:1453:9: warning: "/*" within comment [-Wcomment]
         /*
          
../src/main.c:1488:2: warning: implicit declaration of function 'Xil_L1DCacheFlush'; did you mean 'Xil_DCacheFlush'? [-Wimplicit-function-declaration]
  Xil_L1DCacheFlush();
  ^~~~~~~~~~~~~~~~~
  Xil_DCacheFlush
../src/main.c:1489:2: warning: implicit declaration of function 'Xil_L2CacheFlush'; did you mean 'Xil_DCacheFlush'? [-Wimplicit-function-declaration]
  Xil_L2CacheFlush();
  ^~~~~~~~~~~~~~~~
  Xil_DCacheFlush
../src/main.c:1695:10: warning: "/*" within comment [-Wcomment]
          /*
           
../src/main.c:2130:6: warning: "/*" within comment [-Wcomment]
      /*
       
../src/main.c:2156:6: warning: unused variable 'fin_count_h' [-Wunused-variable]
  u64 fin_count_h =(timerCount_Stop-timerCount_Start);
      ^~~~~~~~~~~
'Finished building: ../src/main.c'
' '
'Building file: ../src/platform.c'
'Invoking: ARM v7 gcc compiler'
arm-none-eabi-gcc -Wall -O0 -g3 -c -fmessage-length=0 -MT"src/platform.o" -mcpu=cortex-a9 -mfpu=vfpv3 -mfloat-abi=hard -I../../standalone_bsp_0/ps7_cortexa9_0/include -MMD -MP -MF"src/platform.d" -MT"src/platform.o" -o "src/platform.o" "../src/platform.c"
'Finished building: ../src/platform.c'
' '
'Building target: final_project.elf'
'Invoking: ARM v7 gcc linker'
arm-none-eabi-gcc -mcpu=cortex-a9 -mfpu=vfpv3 -mfloat-abi=hard -Wl,-build-id=none -specs=Xilinx.spec -Wl,-T -Wl,../src/lscript.ld -L../../standalone_bsp_0/ps7_cortexa9_0/lib -o "final_project.elf"  ./src/main.o ./src/platform.o   -Wl,--start-group,-lxil,-lgcc,-lc,--end-group -Wl,--start-group,-lxilffs,-lxil,-lgcc,-lc,--end-group
'Finished building target: final_project.elf'
' '
'Invoking: ARM v7 Print Size'
arm-none-eabi-size final_project.elf  |tee "final_project.elf.size"
   text	   data	    bss	    dec	    hex	filename
 123784	   2648	59210912	59337344	3896a80	final_project.elf
'Finished building: final_project.elf.size'
' '

15:14:10 Build Finished (took 2s.96ms)

