"Running Make libs in ps7_cortexa9_0/libsrc/scugic_v4_0/src"
make -C ps7_cortexa9_0/libsrc/scugic_v4_0/src -s libs  "SHELL=CMD" "COMPILER=arm-none-eabi-gcc" "ARCHIVER=arm-none-eabi-ar" "COMPILER_FLAGS=  -O2 -c" "EXTRA_COMPILER_FLAGS=-mcpu=cortex-a9 -mfpu=vfpv3 -mfloat-abi=hard -nostartfiles -g -Wall -Wextra"
"Compiling scugic"
"Running Make libs in ps7_cortexa9_0/libsrc/scutimer_v2_1/src"
make -C ps7_cortexa9_0/libsrc/scutimer_v2_1/src -s libs  "SHELL=CMD" "COMPILER=arm-none-eabi-gcc" "ARCHIVER=arm-none-eabi-ar" "COMPILER_FLAGS=  -O2 -c" "EXTRA_COMPILER_FLAGS=-mcpu=cortex-a9 -mfpu=vfpv3 -mfloat-abi=hard -nostartfiles -g -Wall -Wextra"
"Compiling scutimer"
"Running Make libs in ps7_cortexa9_0/libsrc/scuwdt_v2_1/src"
make -C ps7_cortexa9_0/libsrc/scuwdt_v2_1/src -s libs  "SHELL=CMD" "COMPILER=arm-none-eabi-gcc" "ARCHIVER=arm-none-eabi-ar" "COMPILER_FLAGS=  -O2 -c" "EXTRA_COMPILER_FLAGS=-mcpu=cortex-a9 -mfpu=vfpv3 -mfloat-abi=hard -nostartfiles -g -Wall -Wextra"
"Compiling scuwdt"
"Running Make libs in ps7_cortexa9_0/libsrc/sdps_v3_7/src"
make -C ps7_cortexa9_0/libsrc/sdps_v3_7/src -s libs  "SHELL=CMD" "COMPILER=arm-none-eabi-gcc" "ARCHIVER=arm-none-eabi-ar" "COMPILER_FLAGS=  -O2 -c" "EXTRA_COMPILER_FLAGS=-mcpu=cortex-a9 -mfpu=vfpv3 -mfloat-abi=hard -nostartfiles -g -Wall -Wextra"
"Compiling sdps"
"Running Make libs in ps7_cortexa9_0/libsrc/standalone_v7_0/src"
make -C ps7_cortexa9_0/libsrc/standalone_v7_0/src -s libs  "SHELL=CMD" "COMPILER=arm-none-eabi-gcc" "ARCHIVER=arm-none-eabi-ar" "COMPILER_FLAGS=  -O2 -c" "EXTRA_COMPILER_FLAGS=-mcpu=cortex-a9 -mfpu=vfpv3 -mfloat-abi=hard -nostartfiles -g -Wall -Wextra"
"Compiling standalone"
In file included from usleep.c:56:
xtime_l.h:87:9: note: #pragma message: For the sleep routines, Global timer is being used
 #pragma message ("For the sleep routines, Global timer is being used")
         ^~~~~~~
In file included from xil_sleeptimer.c:51:
xtime_l.h:87:9: note: #pragma message: For the sleep routines, Global timer is being used
 #pragma message ("For the sleep routines, Global timer is being used")
         ^~~~~~~
In file included from xtime_l.c:49:
xtime_l.h:87:9: note: #pragma message: For the sleep routines, Global timer is being used
 #pragma message ("For the sleep routines, Global timer is being used")
         ^~~~~~~
In file included from sleep.c:53:
xtime_l.h:87:9: note: #pragma message: For the sleep routines, Global timer is being used
 #pragma message ("For the sleep routines, Global timer is being used")
         ^~~~~~~
"Running Make libs in ps7_cortexa9_0/libsrc/tmrctr_v4_5/src"
make -C ps7_cortexa9_0/libsrc/tmrctr_v4_5/src -s libs  "SHELL=CMD" "COMPILER=arm-none-eabi-gcc" "ARCHIVER=arm-none-eabi-ar" "COMPILER_FLAGS=  -O2 -c" "EXTRA_COMPILER_FLAGS=-mcpu=cortex-a9 -mfpu=vfpv3 -mfloat-abi=hard -nostartfiles -g -Wall -Wextra"
"Compiling tmrctr"
"Running Make libs in ps7_cortexa9_0/libsrc/uartps_v3_7/src"
make -C ps7_cortexa9_0/libsrc/uartps_v3_7/src -s libs  "SHELL=CMD" "COMPILER=arm-none-eabi-gcc" "ARCHIVER=arm-none-eabi-ar" "COMPILER_FLAGS=  -O2 -c" "EXTRA_COMPILER_FLAGS=-mcpu=cortex-a9 -mfpu=vfpv3 -mfloat-abi=hard -nostartfiles -g -Wall -Wextra"
"Compiling uartps"
"Running Make libs in ps7_cortexa9_0/libsrc/usbps_v2_4/src"
make -C ps7_cortexa9_0/libsrc/usbps_v2_4/src -s libs  "SHELL=CMD" "COMPILER=arm-none-eabi-gcc" "ARCHIVER=arm-none-eabi-ar" "COMPILER_FLAGS=  -O2 -c" "EXTRA_COMPILER_FLAGS=-mcpu=cortex-a9 -mfpu=vfpv3 -mfloat-abi=hard -nostartfiles -g -Wall -Wextra"
"Compiling usbps"
"Running Make libs in ps7_cortexa9_0/libsrc/xadcps_v2_3/src"
make -C ps7_cortexa9_0/libsrc/xadcps_v2_3/src -s libs  "SHELL=CMD" "COMPILER=arm-none-eabi-gcc" "ARCHIVER=arm-none-eabi-ar" "COMPILER_FLAGS=  -O2 -c" "EXTRA_COMPILER_FLAGS=-mcpu=cortex-a9 -mfpu=vfpv3 -mfloat-abi=hard -nostartfiles -g -Wall -Wextra"
"Compiling xadcps"
"Running Make libs in ps7_cortexa9_0/libsrc/xilffs_v4_1/src"
make -C ps7_cortexa9_0/libsrc/xilffs_v4_1/src -s libs  "SHELL=CMD" "COMPILER=arm-none-eabi-gcc" "ARCHIVER=arm-none-eabi-ar" "COMPILER_FLAGS=  -O2 -c" "EXTRA_COMPILER_FLAGS=-mcpu=cortex-a9 -mfpu=vfpv3 -mfloat-abi=hard -nostartfiles -g -Wall -Wextra"
"Compiling XilFFs Library"
'Finished building libraries'
22:44:36 **** Clean-only build of configuration Debug for project final_project ****
make clean 
rm -rf  ./src/main.o ./src/platform.o  ./src/main.d ./src/platform.d  final_project.elf.size  final_project.elf
' '
22:44:36 **** Clean-only build of project standalone_bsp_0 ****
make -k clean 
make -C ps7_cortexa9_0/libsrc/coresightps_dcc_v1_5/src -s clean 
make -C ps7_cortexa9_0/libsrc/cpu_cortexa9_v2_7/src -s clean 
make -C ps7_cortexa9_0/libsrc/ddrps_v1_0/src -s clean 
make -C ps7_cortexa9_0/libsrc/devcfg_v3_5/src -s clean 
make -C ps7_cortexa9_0/libsrc/dmaps_v2_4/src -s clean 
make -C ps7_cortexa9_0/libsrc/DWT_Accel_v1_0/src -s clean 
rm: cannot lstat `*.o': Invalid argument
make[1]: *** [Makefile:31: clean] Error 1
make -C ps7_cortexa9_0/libsrc/emacps_v3_9/src -s clean 
make: *** [Makefile:33: ps7_cortexa9_0/libsrc/DWT_Accel_v1_0/src/make.clean] Error 2
make -C ps7_cortexa9_0/libsrc/gpiops_v3_5/src -s clean 
make -C ps7_cortexa9_0/libsrc/qspips_v3_6/src -s clean 
make -C ps7_cortexa9_0/libsrc/scugic_v4_0/src -s clean 
make -C ps7_cortexa9_0/libsrc/scutimer_v2_1/src -s clean 
make -C ps7_cortexa9_0/libsrc/scuwdt_v2_1/src -s clean 
make -C ps7_cortexa9_0/libsrc/sdps_v3_7/src -s clean 
make -C ps7_cortexa9_0/libsrc/standalone_v7_0/src -s clean 
make -C ps7_cortexa9_0/libsrc/tmrctr_v4_5/src -s clean 
make -C ps7_cortexa9_0/libsrc/uartps_v3_7/src -s clean 
make -C ps7_cortexa9_0/libsrc/usbps_v2_4/src -s clean 
make -C ps7_cortexa9_0/libsrc/xadcps_v2_3/src -s clean 
make -C ps7_cortexa9_0/libsrc/xilffs_v4_1/src -s clean 
make: Target 'clean' not remade because of errors.
22:44:39 **** Build of project standalone_bsp_0 ****
make -k all 
"Running Make include in ps7_cortexa9_0/libsrc/coresightps_dcc_v1_5/src"
make -C ps7_cortexa9_0/libsrc/coresightps_dcc_v1_5/src -s include  "SHELL=CMD" "COMPILER=arm-none-eabi-gcc" "ARCHIVER=arm-none-eabi-ar" "COMPILER_FLAGS=  -O2 -c" "EXTRA_COMPILER_FLAGS=-mcpu=cortex-a9 -mfpu=vfpv3 -mfloat-abi=hard -nostartfiles -g -Wall -Wextra"
"Running Make include in ps7_cortexa9_0/libsrc/cpu_cortexa9_v2_7/src"
make -C ps7_cortexa9_0/libsrc/cpu_cortexa9_v2_7/src -s include  "SHELL=CMD" "COMPILER=arm-none-eabi-gcc" "ARCHIVER=arm-none-eabi-ar" "COMPILER_FLAGS=  -O2 -c" "EXTRA_COMPILER_FLAGS=-mcpu=cortex-a9 -mfpu=vfpv3 -mfloat-abi=hard -nostartfiles -g -Wall -Wextra"
"Running Make include in ps7_cortexa9_0/libsrc/ddrps_v1_0/src"
make -C ps7_cortexa9_0/libsrc/ddrps_v1_0/src -s include  "SHELL=CMD" "COMPILER=arm-none-eabi-gcc" "ARCHIVER=arm-none-eabi-ar" "COMPILER_FLAGS=  -O2 -c" "EXTRA_COMPILER_FLAGS=-mcpu=cortex-a9 -mfpu=vfpv3 -mfloat-abi=hard -nostartfiles -g -Wall -Wextra"
"Running Make include in ps7_cortexa9_0/libsrc/devcfg_v3_5/src"
make -C ps7_cortexa9_0/libsrc/devcfg_v3_5/src -s include  "SHELL=CMD" "COMPILER=arm-none-eabi-gcc" "ARCHIVER=arm-none-eabi-ar" "COMPILER_FLAGS=  -O2 -c" "EXTRA_COMPILER_FLAGS=-mcpu=cortex-a9 -mfpu=vfpv3 -mfloat-abi=hard -nostartfiles -g -Wall -Wextra"
"Running Make include in ps7_cortexa9_0/libsrc/dmaps_v2_4/src"
make -C ps7_cortexa9_0/libsrc/dmaps_v2_4/src -s include  "SHELL=CMD" "COMPILER=arm-none-eabi-gcc" "ARCHIVER=arm-none-eabi-ar" "COMPILER_FLAGS=  -O2 -c" "EXTRA_COMPILER_FLAGS=-mcpu=cortex-a9 -mfpu=vfpv3 -mfloat-abi=hard -nostartfiles -g -Wall -Wextra"
"Running Make include in ps7_cortexa9_0/libsrc/DWT_Accel_v1_0/src"
make -C ps7_cortexa9_0/libsrc/DWT_Accel_v1_0/src -s include  "SHELL=CMD" "COMPILER=arm-none-eabi-gcc" "ARCHIVER=arm-none-eabi-ar" "COMPILER_FLAGS=  -O2 -c" "EXTRA_COMPILER_FLAGS=-mcpu=cortex-a9 -mfpu=vfpv3 -mfloat-abi=hard -nostartfiles -g -Wall -Wextra"
"Running Make include in ps7_cortexa9_0/libsrc/emacps_v3_9/src"
make -C ps7_cortexa9_0/libsrc/emacps_v3_9/src -s include  "SHELL=CMD" "COMPILER=arm-none-eabi-gcc" "ARCHIVER=arm-none-eabi-ar" "COMPILER_FLAGS=  -O2 -c" "EXTRA_COMPILER_FLAGS=-mcpu=cortex-a9 -mfpu=vfpv3 -mfloat-abi=hard -nostartfiles -g -Wall -Wextra"
"Running Make include in ps7_cortexa9_0/libsrc/gpiops_v3_5/src"
make -C ps7_cortexa9_0/libsrc/gpiops_v3_5/src -s include  "SHELL=CMD" "COMPILER=arm-none-eabi-gcc" "ARCHIVER=arm-none-eabi-ar" "COMPILER_FLAGS=  -O2 -c" "EXTRA_COMPILER_FLAGS=-mcpu=cortex-a9 -mfpu=vfpv3 -mfloat-abi=hard -nostartfiles -g -Wall -Wextra"
"Running Make include in ps7_cortexa9_0/libsrc/qspips_v3_6/src"
make -C ps7_cortexa9_0/libsrc/qspips_v3_6/src -s include  "SHELL=CMD" "COMPILER=arm-none-eabi-gcc" "ARCHIVER=arm-none-eabi-ar" "COMPILER_FLAGS=  -O2 -c" "EXTRA_COMPILER_FLAGS=-mcpu=cortex-a9 -mfpu=vfpv3 -mfloat-abi=hard -nostartfiles -g -Wall -Wextra"
"Running Make include in ps7_cortexa9_0/libsrc/scugic_v4_0/src"
make -C ps7_cortexa9_0/libsrc/scugic_v4_0/src -s include  "SHELL=CMD" "COMPILER=arm-none-eabi-gcc" "ARCHIVER=arm-none-eabi-ar" "COMPILER_FLAGS=  -O2 -c" "EXTRA_COMPILER_FLAGS=-mcpu=cortex-a9 -mfpu=vfpv3 -mfloat-abi=hard -nostartfiles -g -Wall -Wextra"
"Running Make include in ps7_cortexa9_0/libsrc/scutimer_v2_1/src"
make -C ps7_cortexa9_0/libsrc/scutimer_v2_1/src -s include  "SHELL=CMD" "COMPILER=arm-none-eabi-gcc" "ARCHIVER=arm-none-eabi-ar" "COMPILER_FLAGS=  -O2 -c" "EXTRA_COMPILER_FLAGS=-mcpu=cortex-a9 -mfpu=vfpv3 -mfloat-abi=hard -nostartfiles -g -Wall -Wextra"
"Running Make include in ps7_cortexa9_0/libsrc/scuwdt_v2_1/src"
make -C ps7_cortexa9_0/libsrc/scuwdt_v2_1/src -s include  "SHELL=CMD" "COMPILER=arm-none-eabi-gcc" "ARCHIVER=arm-none-eabi-ar" "COMPILER_FLAGS=  -O2 -c" "EXTRA_COMPILER_FLAGS=-mcpu=cortex-a9 -mfpu=vfpv3 -mfloat-abi=hard -nostartfiles -g -Wall -Wextra"
"Running Make include in ps7_cortexa9_0/libsrc/sdps_v3_7/src"
make -C ps7_cortexa9_0/libsrc/sdps_v3_7/src -s include  "SHELL=CMD" "COMPILER=arm-none-eabi-gcc" "ARCHIVER=arm-none-eabi-ar" "COMPILER_FLAGS=  -O2 -c" "EXTRA_COMPILER_FLAGS=-mcpu=cortex-a9 -mfpu=vfpv3 -mfloat-abi=hard -nostartfiles -g -Wall -Wextra"
"Running Make include in ps7_cortexa9_0/libsrc/standalone_v7_0/src"
make -C ps7_cortexa9_0/libsrc/standalone_v7_0/src -s include  "SHELL=CMD" "COMPILER=arm-none-eabi-gcc" "ARCHIVER=arm-none-eabi-ar" "COMPILER_FLAGS=  -O2 -c" "EXTRA_COMPILER_FLAGS=-mcpu=cortex-a9 -mfpu=vfpv3 -mfloat-abi=hard -nostartfiles -g -Wall -Wextra"
"Running Make include in ps7_cortexa9_0/libsrc/tmrctr_v4_5/src"
make -C ps7_cortexa9_0/libsrc/tmrctr_v4_5/src -s include  "SHELL=CMD" "COMPILER=arm-none-eabi-gcc" "ARCHIVER=arm-none-eabi-ar" "COMPILER_FLAGS=  -O2 -c" "EXTRA_COMPILER_FLAGS=-mcpu=cortex-a9 -mfpu=vfpv3 -mfloat-abi=hard -nostartfiles -g -Wall -Wextra"
"Running Make include in ps7_cortexa9_0/libsrc/uartps_v3_7/src"
make -C ps7_cortexa9_0/libsrc/uartps_v3_7/src -s include  "SHELL=CMD" "COMPILER=arm-none-eabi-gcc" "ARCHIVER=arm-none-eabi-ar" "COMPILER_FLAGS=  -O2 -c" "EXTRA_COMPILER_FLAGS=-mcpu=cortex-a9 -mfpu=vfpv3 -mfloat-abi=hard -nostartfiles -g -Wall -Wextra"
"Running Make include in ps7_cortexa9_0/libsrc/usbps_v2_4/src"
make -C ps7_cortexa9_0/libsrc/usbps_v2_4/src -s include  "SHELL=CMD" "COMPILER=arm-none-eabi-gcc" "ARCHIVER=arm-none-eabi-ar" "COMPILER_FLAGS=  -O2 -c" "EXTRA_COMPILER_FLAGS=-mcpu=cortex-a9 -mfpu=vfpv3 -mfloat-abi=hard -nostartfiles -g -Wall -Wextra"
"Running Make include in ps7_cortexa9_0/libsrc/xadcps_v2_3/src"
make -C ps7_cortexa9_0/libsrc/xadcps_v2_3/src -s include  "SHELL=CMD" "COMPILER=arm-none-eabi-gcc" "ARCHIVER=arm-none-eabi-ar" "COMPILER_FLAGS=  -O2 -c" "EXTRA_COMPILER_FLAGS=-mcpu=cortex-a9 -mfpu=vfpv3 -mfloat-abi=hard -nostartfiles -g -Wall -Wextra"
"Running Make include in ps7_cortexa9_0/libsrc/xilffs_v4_1/src"
make -C ps7_cortexa9_0/libsrc/xilffs_v4_1/src -s include  "SHELL=CMD" "COMPILER=arm-none-eabi-gcc" "ARCHIVER=arm-none-eabi-ar" "COMPILER_FLAGS=  -O2 -c" "EXTRA_COMPILER_FLAGS=-mcpu=cortex-a9 -mfpu=vfpv3 -mfloat-abi=hard -nostartfiles -g -Wall -Wextra"
"Running Make libs in ps7_cortexa9_0/libsrc/coresightps_dcc_v1_5/src"
make -C ps7_cortexa9_0/libsrc/coresightps_dcc_v1_5/src -s libs  "SHELL=CMD" "COMPILER=arm-none-eabi-gcc" "ARCHIVER=arm-none-eabi-ar" "COMPILER_FLAGS=  -O2 -c" "EXTRA_COMPILER_FLAGS=-mcpu=cortex-a9 -mfpu=vfpv3 -mfloat-abi=hard -nostartfiles -g -Wall -Wextra"
"Compiling coresightps_dcc"
"Running Make libs in ps7_cortexa9_0/libsrc/cpu_cortexa9_v2_7/src"
make -C ps7_cortexa9_0/libsrc/cpu_cortexa9_v2_7/src -s libs  "SHELL=CMD" "COMPILER=arm-none-eabi-gcc" "ARCHIVER=arm-none-eabi-ar" "COMPILER_FLAGS=  -O2 -c" "EXTRA_COMPILER_FLAGS=-mcpu=cortex-a9 -mfpu=vfpv3 -mfloat-abi=hard -nostartfiles -g -Wall -Wextra"
"Compiling cpu_cortexa9"
"Running Make libs in ps7_cortexa9_0/libsrc/ddrps_v1_0/src"
make -C ps7_cortexa9_0/libsrc/ddrps_v1_0/src -s libs  "SHELL=CMD" "COMPILER=arm-none-eabi-gcc" "ARCHIVER=arm-none-eabi-ar" "COMPILER_FLAGS=  -O2 -c" "EXTRA_COMPILER_FLAGS=-mcpu=cortex-a9 -mfpu=vfpv3 -mfloat-abi=hard -nostartfiles -g -Wall -Wextra"
"Compiling ddrps"
"Running Make libs in ps7_cortexa9_0/libsrc/devcfg_v3_5/src"
make -C ps7_cortexa9_0/libsrc/devcfg_v3_5/src -s libs  "SHELL=CMD" "COMPILER=arm-none-eabi-gcc" "ARCHIVER=arm-none-eabi-ar" "COMPILER_FLAGS=  -O2 -c" "EXTRA_COMPILER_FLAGS=-mcpu=cortex-a9 -mfpu=vfpv3 -mfloat-abi=hard -nostartfiles -g -Wall -Wextra"
"Compiling devcfg"
"Running Make libs in ps7_cortexa9_0/libsrc/dmaps_v2_4/src"
make -C ps7_cortexa9_0/libsrc/dmaps_v2_4/src -s libs  "SHELL=CMD" "COMPILER=arm-none-eabi-gcc" "ARCHIVER=arm-none-eabi-ar" "COMPILER_FLAGS=  -O2 -c" "EXTRA_COMPILER_FLAGS=-mcpu=cortex-a9 -mfpu=vfpv3 -mfloat-abi=hard -nostartfiles -g -Wall -Wextra"
"Compiling dmaps"
"Running Make libs in ps7_cortexa9_0/libsrc/DWT_Accel_v1_0/src"
make -C ps7_cortexa9_0/libsrc/DWT_Accel_v1_0/src -s libs  "SHELL=CMD" "COMPILER=arm-none-eabi-gcc" "ARCHIVER=arm-none-eabi-ar" "COMPILER_FLAGS=  -O2 -c" "EXTRA_COMPILER_FLAGS=-mcpu=cortex-a9 -mfpu=vfpv3 -mfloat-abi=hard -nostartfiles -g -Wall -Wextra"
"Compiling DWT_Accel"
"Running Make libs in ps7_cortexa9_0/libsrc/emacps_v3_9/src"
make -C ps7_cortexa9_0/libsrc/emacps_v3_9/src -s libs  "SHELL=CMD" "COMPILER=arm-none-eabi-gcc" "ARCHIVER=arm-none-eabi-ar" "COMPILER_FLAGS=  -O2 -c" "EXTRA_COMPILER_FLAGS=-mcpu=cortex-a9 -mfpu=vfpv3 -mfloat-abi=hard -nostartfiles -g -Wall -Wextra"
"Compiling emacps"
"Running Make libs in ps7_cortexa9_0/libsrc/gpiops_v3_5/src"
make -C ps7_cortexa9_0/libsrc/gpiops_v3_5/src -s libs  "SHELL=CMD" "COMPILER=arm-none-eabi-gcc" "ARCHIVER=arm-none-eabi-ar" "COMPILER_FLAGS=  -O2 -c" "EXTRA_COMPILER_FLAGS=-mcpu=cortex-a9 -mfpu=vfpv3 -mfloat-abi=hard -nostartfiles -g -Wall -Wextra"
"Compiling gpiops"
"Running Make libs in ps7_cortexa9_0/libsrc/qspips_v3_6/src"
make -C ps7_cortexa9_0/libsrc/qspips_v3_6/src -s libs  "SHELL=CMD" "COMPILER=arm-none-eabi-gcc" "ARCHIVER=arm-none-eabi-ar" "COMPILER_FLAGS=  -O2 -c" "EXTRA_COMPILER_FLAGS=-mcpu=cortex-a9 -mfpu=vfpv3 -mfloat-abi=hard -nostartfiles -g -Wall -Wextra"
"Compiling qspips"
"Running Make libs in ps7_cortexa9_0/libsrc/scugic_v4_0/src"
make -C ps7_cortexa9_0/libsrc/scugic_v4_0/src -s libs  "SHELL=CMD" "COMPILER=arm-none-eabi-gcc" "ARCHIVER=arm-none-eabi-ar" "COMPILER_FLAGS=  -O2 -c" "EXTRA_COMPILER_FLAGS=-mcpu=cortex-a9 -mfpu=vfpv3 -mfloat-abi=hard -nostartfiles -g -Wall -Wextra"
"Compiling scugic"
"Running Make libs in ps7_cortexa9_0/libsrc/scutimer_v2_1/src"
make -C ps7_cortexa9_0/libsrc/scutimer_v2_1/src -s libs  "SHELL=CMD" "COMPILER=arm-none-eabi-gcc" "ARCHIVER=arm-none-eabi-ar" "COMPILER_FLAGS=  -O2 -c" "EXTRA_COMPILER_FLAGS=-mcpu=cortex-a9 -mfpu=vfpv3 -mfloat-abi=hard -nostartfiles -g -Wall -Wextra"
"Compiling scutimer"
"Running Make libs in ps7_cortexa9_0/libsrc/scuwdt_v2_1/src"
make -C ps7_cortexa9_0/libsrc/scuwdt_v2_1/src -s libs  "SHELL=CMD" "COMPILER=arm-none-eabi-gcc" "ARCHIVER=arm-none-eabi-ar" "COMPILER_FLAGS=  -O2 -c" "EXTRA_COMPILER_FLAGS=-mcpu=cortex-a9 -mfpu=vfpv3 -mfloat-abi=hard -nostartfiles -g -Wall -Wextra"
"Compiling scuwdt"
"Running Make libs in ps7_cortexa9_0/libsrc/sdps_v3_7/src"
make -C ps7_cortexa9_0/libsrc/sdps_v3_7/src -s libs  "SHELL=CMD" "COMPILER=arm-none-eabi-gcc" "ARCHIVER=arm-none-eabi-ar" "COMPILER_FLAGS=  -O2 -c" "EXTRA_COMPILER_FLAGS=-mcpu=cortex-a9 -mfpu=vfpv3 -mfloat-abi=hard -nostartfiles -g -Wall -Wextra"
"Compiling sdps"
"Running Make libs in ps7_cortexa9_0/libsrc/standalone_v7_0/src"
make -C ps7_cortexa9_0/libsrc/standalone_v7_0/src -s libs  "SHELL=CMD" "COMPILER=arm-none-eabi-gcc" "ARCHIVER=arm-none-eabi-ar" "COMPILER_FLAGS=  -O2 -c" "EXTRA_COMPILER_FLAGS=-mcpu=cortex-a9 -mfpu=vfpv3 -mfloat-abi=hard -nostartfiles -g -Wall -Wextra"
"Compiling standalone"
In file included from usleep.c:56:
xtime_l.h:87:9: note: #pragma message: For the sleep routines, Global timer is being used
 #pragma message ("For the sleep routines, Global timer is being used")
         ^~~~~~~
In file included from xil_sleeptimer.c:51:
xtime_l.h:87:9: note: #pragma message: For the sleep routines, Global timer is being used
 #pragma message ("For the sleep routines, Global timer is being used")
         ^~~~~~~
In file included from xtime_l.c:49:
xtime_l.h:87:9: note: #pragma message: For the sleep routines, Global timer is being used
 #pragma message ("For the sleep routines, Global timer is being used")
         ^~~~~~~
In file included from sleep.c:53:
xtime_l.h:87:9: note: #pragma message: For the sleep routines, Global timer is being used
 #pragma message ("For the sleep routines, Global timer is being used")
         ^~~~~~~
"Running Make libs in ps7_cortexa9_0/libsrc/tmrctr_v4_5/src"
make -C ps7_cortexa9_0/libsrc/tmrctr_v4_5/src -s libs  "SHELL=CMD" "COMPILER=arm-none-eabi-gcc" "ARCHIVER=arm-none-eabi-ar" "COMPILER_FLAGS=  -O2 -c" "EXTRA_COMPILER_FLAGS=-mcpu=cortex-a9 -mfpu=vfpv3 -mfloat-abi=hard -nostartfiles -g -Wall -Wextra"
"Compiling tmrctr"
"Running Make libs in ps7_cortexa9_0/libsrc/uartps_v3_7/src"
make -C ps7_cortexa9_0/libsrc/uartps_v3_7/src -s libs  "SHELL=CMD" "COMPILER=arm-none-eabi-gcc" "ARCHIVER=arm-none-eabi-ar" "COMPILER_FLAGS=  -O2 -c" "EXTRA_COMPILER_FLAGS=-mcpu=cortex-a9 -mfpu=vfpv3 -mfloat-abi=hard -nostartfiles -g -Wall -Wextra"
"Compiling uartps"
"Running Make libs in ps7_cortexa9_0/libsrc/usbps_v2_4/src"
make -C ps7_cortexa9_0/libsrc/usbps_v2_4/src -s libs  "SHELL=CMD" "COMPILER=arm-none-eabi-gcc" "ARCHIVER=arm-none-eabi-ar" "COMPILER_FLAGS=  -O2 -c" "EXTRA_COMPILER_FLAGS=-mcpu=cortex-a9 -mfpu=vfpv3 -mfloat-abi=hard -nostartfiles -g -Wall -Wextra"
"Compiling usbps"
"Running Make libs in ps7_cortexa9_0/libsrc/xadcps_v2_3/src"
make -C ps7_cortexa9_0/libsrc/xadcps_v2_3/src -s libs  "SHELL=CMD" "COMPILER=arm-none-eabi-gcc" "ARCHIVER=arm-none-eabi-ar" "COMPILER_FLAGS=  -O2 -c" "EXTRA_COMPILER_FLAGS=-mcpu=cortex-a9 -mfpu=vfpv3 -mfloat-abi=hard -nostartfiles -g -Wall -Wextra"
"Compiling xadcps"
"Running Make libs in ps7_cortexa9_0/libsrc/xilffs_v4_1/src"
make -C ps7_cortexa9_0/libsrc/xilffs_v4_1/src -s libs  "SHELL=CMD" "COMPILER=arm-none-eabi-gcc" "ARCHIVER=arm-none-eabi-ar" "COMPILER_FLAGS=  -O2 -c" "EXTRA_COMPILER_FLAGS=-mcpu=cortex-a9 -mfpu=vfpv3 -mfloat-abi=hard -nostartfiles -g -Wall -Wextra"
"Compiling XilFFs Library"
'Finished building libraries'
22:45:17 **** Build of configuration Debug for project final_project ****
make pre-build main-build 
a9-linaro-pre-build-step
' '
'Building file: ../src/main.c'
'Invoking: ARM v7 gcc compiler'
arm-none-eabi-gcc -Wall -O0 -g3 -c -fmessage-length=0 -MT"src/main.o" -mcpu=cortex-a9 -mfpu=vfpv3 -mfloat-abi=hard -I../../standalone_bsp_0/ps7_cortexa9_0/include -MMD -MP -MF"src/main.d" -MT"src/main.o" -o "src/main.o" "../src/main.c"
In file included from ../src/main.c:17:
../../standalone_bsp_0/ps7_cortexa9_0/include/xtime_l.h:87:9: note: #pragma message: For the sleep routines, Global timer is being used
 #pragma message ("For the sleep routines, Global timer is being used")
         ^~~~~~~
../src/main.c: In function 'parse_image':
../src/main.c:58:10: warning: unused variable 'br' [-Wunused-variable]
     UINT br;
          ^~
../src/main.c:57:18: warning: unused variable 'header' [-Wunused-variable]
     unsigned int header[4];
                  ^~~~~~
../src/main.c: In function 'parse_color_image':
../src/main.c:189:41: warning: cast to pointer from integer of different size [-Wint-to-pointer-cast]
    xil_printf("R:%x G:%x B:%x A:%x\n\r",(void*)red_image[count], (void*)green_image[count], (void*)blue_image[count],(void*)aval_image[count]);
                                         ^
../src/main.c:189:66: warning: cast to pointer from integer of different size [-Wint-to-pointer-cast]
    xil_printf("R:%x G:%x B:%x A:%x\n\r",(void*)red_image[count], (void*)green_image[count], (void*)blue_image[count],(void*)aval_image[count]);
                                                                  ^
../src/main.c:189:93: warning: cast to pointer from integer of different size [-Wint-to-pointer-cast]
    xil_printf("R:%x G:%x B:%x A:%x\n\r",(void*)red_image[count], (void*)green_image[count], (void*)blue_image[count],(void*)aval_image[count]);
                                                                                             ^
../src/main.c:189:118: warning: cast to pointer from integer of different size [-Wint-to-pointer-cast]
    xil_printf("R:%x G:%x B:%x A:%x\n\r",(void*)red_image[count], (void*)green_image[count], (void*)blue_image[count],(void*)aval_image[count]);
                                                                                                                      ^
../src/main.c:126:10: warning: unused variable 'br' [-Wunused-variable]
     UINT br;
          ^~
../src/main.c:125:18: warning: unused variable 'header' [-Wunused-variable]
     unsigned int header[4];
                  ^~~~~~
../src/main.c: In function 'parse_color_ir_image':
../src/main.c:217:10: warning: unused variable 'br' [-Wunused-variable]
     UINT br;
          ^~
../src/main.c:216:18: warning: unused variable 'header' [-Wunused-variable]
     unsigned int header[4];
                  ^~~~~~
../src/main.c: In function 'write_color_image_SD':
../src/main.c:409:17: warning: unused variable 'buffer' [-Wunused-variable]
   unsigned char buffer[4];
                 ^~~~~~
../src/main.c: In function 'DWT_IR':
../src/main.c:555:9: warning: unused variable 'col' [-Wunused-variable]
   float col[480];
         ^~~
../src/main.c:554:8: warning: variable 'row' set but not used [-Wunused-but-set-variable]
  float row[640];
        ^~~
../src/main.c: In function 'Filter':
../src/main.c:636:38: warning: comparison of constant '320' with boolean expression is always true [-Wbool-compare]
             else if((j<240) && (159<i<320))
                                      ^
../src/main.c:636:36: warning: comparisons like 'X<=Y<=Z' do not have their mathematical meaning [-Wparentheses]
             else if((j<240) && (159<i<320))
                                 ~~~^~
../src/main.c:640:27: warning: comparison of constant '240' with boolean expression is always true [-Wbool-compare]
             else if((119<j<240) && (i<160))
                           ^
../src/main.c:640:25: warning: comparisons like 'X<=Y<=Z' do not have their mathematical meaning [-Wparentheses]
             else if((119<j<240) && (i<160))
                      ~~~^~
../src/main.c: In function 'main':
../src/main.c:1186:2: warning: implicit declaration of function 'Xil_L1DCacheFlush'; did you mean 'Xil_DCacheFlush'? [-Wimplicit-function-declaration]
  Xil_L1DCacheFlush();
  ^~~~~~~~~~~~~~~~~
  Xil_DCacheFlush
../src/main.c:1187:2: warning: implicit declaration of function 'Xil_L2CacheFlush'; did you mean 'Xil_DCacheFlush'? [-Wimplicit-function-declaration]
  Xil_L2CacheFlush();
  ^~~~~~~~~~~~~~~~
  Xil_DCacheFlush
../src/main.c:1490:6: warning: unused variable 'fin_count_h' [-Wunused-variable]
  u64 fin_count_h =(timerCount_Stop-timerCount_Start);
      ^~~~~~~~~~~
'Finished building: ../src/main.c'
' '
'Building file: ../src/platform.c'
'Invoking: ARM v7 gcc compiler'
arm-none-eabi-gcc -Wall -O0 -g3 -c -fmessage-length=0 -MT"src/platform.o" -mcpu=cortex-a9 -mfpu=vfpv3 -mfloat-abi=hard -I../../standalone_bsp_0/ps7_cortexa9_0/include -MMD -MP -MF"src/platform.d" -MT"src/platform.o" -o "src/platform.o" "../src/platform.c"
'Finished building: ../src/platform.c'
' '
'Building target: final_project.elf'
'Invoking: ARM v7 gcc linker'
arm-none-eabi-gcc -mcpu=cortex-a9 -mfpu=vfpv3 -mfloat-abi=hard -Wl,-build-id=none -specs=Xilinx.spec -Wl,-T -Wl,../src/lscript.ld -L../../standalone_bsp_0/ps7_cortexa9_0/lib -o "final_project.elf"  ./src/main.o ./src/platform.o   -Wl,--start-group,-lxil,-lgcc,-lc,--end-group -Wl,--start-group,-lxilffs,-lxil,-lgcc,-lc,--end-group
'Finished building target: final_project.elf'
' '
'Invoking: ARM v7 Print Size'
arm-none-eabi-size final_project.elf  |tee "final_project.elf.size"
   text	   data	    bss	    dec	    hex	filename
 106196	   2648	57367712	57476556	36d05cc	final_project.elf
'Finished building: final_project.elf.size'
' '
22:45:23 **** Incremental Build of configuration Debug for project final_project ****
make pre-build main-build 
a9-linaro-pre-build-step
' '
make: Nothing to be done for 'main-build'.
22:46:16 **** Incremental Build of configuration Debug for project final_project ****
make pre-build main-build 
a9-linaro-pre-build-step
' '
make: Nothing to be done for 'main-build'.
23:49:57 **** Auto Build of configuration Debug for project final_project ****
make pre-build main-build 
a9-linaro-pre-build-step
' '
'Building file: ../src/main.c'
'Invoking: ARM v7 gcc compiler'
arm-none-eabi-gcc -Wall -O0 -g3 -c -fmessage-length=0 -MT"src/main.o" -mcpu=cortex-a9 -mfpu=vfpv3 -mfloat-abi=hard -I../../standalone_bsp_0/ps7_cortexa9_0/include -MMD -MP -MF"src/main.d" -MT"src/main.o" -o "src/main.o" "../src/main.c"
In file included from ../src/main.c:17:
../../standalone_bsp_0/ps7_cortexa9_0/include/xtime_l.h:87:9: note: #pragma message: For the sleep routines, Global timer is being used
 #pragma message ("For the sleep routines, Global timer is being used")
         ^~~~~~~
../src/main.c: In function 'parse_image':
../src/main.c:58:10: warning: unused variable 'br' [-Wunused-variable]
     UINT br;
          ^~
../src/main.c:57:18: warning: unused variable 'header' [-Wunused-variable]
     unsigned int header[4];
                  ^~~~~~
../src/main.c: In function 'parse_color_image':
../src/main.c:189:41: warning: cast to pointer from integer of different size [-Wint-to-pointer-cast]
    xil_printf("R:%x G:%x B:%x A:%x\n\r",(void*)red_image[count], (void*)green_image[count], (void*)blue_image[count],(void*)aval_image[count]);
                                         ^
../src/main.c:189:66: warning: cast to pointer from integer of different size [-Wint-to-pointer-cast]
    xil_printf("R:%x G:%x B:%x A:%x\n\r",(void*)red_image[count], (void*)green_image[count], (void*)blue_image[count],(void*)aval_image[count]);
                                                                  ^
../src/main.c:189:93: warning: cast to pointer from integer of different size [-Wint-to-pointer-cast]
    xil_printf("R:%x G:%x B:%x A:%x\n\r",(void*)red_image[count], (void*)green_image[count], (void*)blue_image[count],(void*)aval_image[count]);
                                                                                             ^
../src/main.c:189:118: warning: cast to pointer from integer of different size [-Wint-to-pointer-cast]
    xil_printf("R:%x G:%x B:%x A:%x\n\r",(void*)red_image[count], (void*)green_image[count], (void*)blue_image[count],(void*)aval_image[count]);
                                                                                                                      ^
../src/main.c:126:10: warning: unused variable 'br' [-Wunused-variable]
     UINT br;
          ^~
../src/main.c:125:18: warning: unused variable 'header' [-Wunused-variable]
     unsigned int header[4];
                  ^~~~~~
../src/main.c: In function 'parse_color_ir_image':
../src/main.c:217:10: warning: unused variable 'br' [-Wunused-variable]
     UINT br;
          ^~
../src/main.c:216:18: warning: unused variable 'header' [-Wunused-variable]
     unsigned int header[4];
                  ^~~~~~
../src/main.c: In function 'write_color_image_SD':
../src/main.c:409:17: warning: unused variable 'buffer' [-Wunused-variable]
   unsigned char buffer[4];
                 ^~~~~~
../src/main.c: In function 'DWT_IR':
../src/main.c:555:9: warning: unused variable 'col' [-Wunused-variable]
   float col[480];
         ^~~
../src/main.c:554:8: warning: variable 'row' set but not used [-Wunused-but-set-variable]
  float row[640];
        ^~~
../src/main.c: In function 'Filter':
../src/main.c:636:38: warning: comparison of constant '320' with boolean expression is always true [-Wbool-compare]
             else if((j<240) && (159<i<320))
                                      ^
../src/main.c:636:36: warning: comparisons like 'X<=Y<=Z' do not have their mathematical meaning [-Wparentheses]
             else if((j<240) && (159<i<320))
                                 ~~~^~
../src/main.c:640:27: warning: comparison of constant '240' with boolean expression is always true [-Wbool-compare]
             else if((119<j<240) && (i<160))
                           ^
../src/main.c:640:25: warning: comparisons like 'X<=Y<=Z' do not have their mathematical meaning [-Wparentheses]
             else if((119<j<240) && (i<160))
                      ~~~^~
../src/main.c: In function 'main':
../src/main.c:1186:2: warning: implicit declaration of function 'Xil_L1DCacheFlush'; did you mean 'Xil_DCacheFlush'? [-Wimplicit-function-declaration]
  Xil_L1DCacheFlush();
  ^~~~~~~~~~~~~~~~~
  Xil_DCacheFlush
../src/main.c:1187:2: warning: implicit declaration of function 'Xil_L2CacheFlush'; did you mean 'Xil_DCacheFlush'? [-Wimplicit-function-declaration]
  Xil_L2CacheFlush();
  ^~~~~~~~~~~~~~~~
  Xil_DCacheFlush
../src/main.c:1452:25: error: expected ';' before '}' token
       xil_printf("\n\r")
                         ^
                         ;
../src/main.c:1462:6:
      }
      ~                   
../src/main.c:1491:6: warning: unused variable 'fin_count_h' [-Wunused-variable]
  u64 fin_count_h =(timerCount_Stop-timerCount_Start);
      ^~~~~~~~~~~
make: *** [src/subdir.mk:26: src/main.o] Error 1
23:51:58 **** Auto Build of project standalone_bsp_0 ****
make -k all 
"Running Make include in ps7_cortexa9_0/libsrc/coresightps_dcc_v1_5/src"
make -C ps7_cortexa9_0/libsrc/coresightps_dcc_v1_5/src -s include  "SHELL=CMD" "COMPILER=arm-none-eabi-gcc" "ARCHIVER=arm-none-eabi-ar" "COMPILER_FLAGS=  -O2 -c" "EXTRA_COMPILER_FLAGS=-mcpu=cortex-a9 -mfpu=vfpv3 -mfloat-abi=hard -nostartfiles -g -Wall -Wextra"
"Running Make include in ps7_cortexa9_0/libsrc/cpu_cortexa9_v2_7/src"
make -C ps7_cortexa9_0/libsrc/cpu_cortexa9_v2_7/src -s include  "SHELL=CMD" "COMPILER=arm-none-eabi-gcc" "ARCHIVER=arm-none-eabi-ar" "COMPILER_FLAGS=  -O2 -c" "EXTRA_COMPILER_FLAGS=-mcpu=cortex-a9 -mfpu=vfpv3 -mfloat-abi=hard -nostartfiles -g -Wall -Wextra"
"Running Make include in ps7_cortexa9_0/libsrc/ddrps_v1_0/src"
make -C ps7_cortexa9_0/libsrc/ddrps_v1_0/src -s include  "SHELL=CMD" "COMPILER=arm-none-eabi-gcc" "ARCHIVER=arm-none-eabi-ar" "COMPILER_FLAGS=  -O2 -c" "EXTRA_COMPILER_FLAGS=-mcpu=cortex-a9 -mfpu=vfpv3 -mfloat-abi=hard -nostartfiles -g -Wall -Wextra"
"Running Make include in ps7_cortexa9_0/libsrc/devcfg_v3_5/src"
make -C ps7_cortexa9_0/libsrc/devcfg_v3_5/src -s include  "SHELL=CMD" "COMPILER=arm-none-eabi-gcc" "ARCHIVER=arm-none-eabi-ar" "COMPILER_FLAGS=  -O2 -c" "EXTRA_COMPILER_FLAGS=-mcpu=cortex-a9 -mfpu=vfpv3 -mfloat-abi=hard -nostartfiles -g -Wall -Wextra"
"Running Make include in ps7_cortexa9_0/libsrc/dmaps_v2_4/src"
make -C ps7_cortexa9_0/libsrc/dmaps_v2_4/src -s include  "SHELL=CMD" "COMPILER=arm-none-eabi-gcc" "ARCHIVER=arm-none-eabi-ar" "COMPILER_FLAGS=  -O2 -c" "EXTRA_COMPILER_FLAGS=-mcpu=cortex-a9 -mfpu=vfpv3 -mfloat-abi=hard -nostartfiles -g -Wall -Wextra"
"Running Make include in ps7_cortexa9_0/libsrc/DWT_Accel_v1_0/src"
make -C ps7_cortexa9_0/libsrc/DWT_Accel_v1_0/src -s include  "SHELL=CMD" "COMPILER=arm-none-eabi-gcc" "ARCHIVER=arm-none-eabi-ar" "COMPILER_FLAGS=  -O2 -c" "EXTRA_COMPILER_FLAGS=-mcpu=cortex-a9 -mfpu=vfpv3 -mfloat-abi=hard -nostartfiles -g -Wall -Wextra"
"Running Make include in ps7_cortexa9_0/libsrc/emacps_v3_9/src"
make -C ps7_cortexa9_0/libsrc/emacps_v3_9/src -s include  "SHELL=CMD" "COMPILER=arm-none-eabi-gcc" "ARCHIVER=arm-none-eabi-ar" "COMPILER_FLAGS=  -O2 -c" "EXTRA_COMPILER_FLAGS=-mcpu=cortex-a9 -mfpu=vfpv3 -mfloat-abi=hard -nostartfiles -g -Wall -Wextra"
"Running Make include in ps7_cortexa9_0/libsrc/gpiops_v3_5/src"
make -C ps7_cortexa9_0/libsrc/gpiops_v3_5/src -s include  "SHELL=CMD" "COMPILER=arm-none-eabi-gcc" "ARCHIVER=arm-none-eabi-ar" "COMPILER_FLAGS=  -O2 -c" "EXTRA_COMPILER_FLAGS=-mcpu=cortex-a9 -mfpu=vfpv3 -mfloat-abi=hard -nostartfiles -g -Wall -Wextra"
"Running Make include in ps7_cortexa9_0/libsrc/qspips_v3_6/src"
make -C ps7_cortexa9_0/libsrc/qspips_v3_6/src -s include  "SHELL=CMD" "COMPILER=arm-none-eabi-gcc" "ARCHIVER=arm-none-eabi-ar" "COMPILER_FLAGS=  -O2 -c" "EXTRA_COMPILER_FLAGS=-mcpu=cortex-a9 -mfpu=vfpv3 -mfloat-abi=hard -nostartfiles -g -Wall -Wextra"
"Running Make include in ps7_cortexa9_0/libsrc/scugic_v4_0/src"
make -C ps7_cortexa9_0/libsrc/scugic_v4_0/src -s include  "SHELL=CMD" "COMPILER=arm-none-eabi-gcc" "ARCHIVER=arm-none-eabi-ar" "COMPILER_FLAGS=  -O2 -c" "EXTRA_COMPILER_FLAGS=-mcpu=cortex-a9 -mfpu=vfpv3 -mfloat-abi=hard -nostartfiles -g -Wall -Wextra"
"Running Make include in ps7_cortexa9_0/libsrc/scutimer_v2_1/src"
make -C ps7_cortexa9_0/libsrc/scutimer_v2_1/src -s include  "SHELL=CMD" "COMPILER=arm-none-eabi-gcc" "ARCHIVER=arm-none-eabi-ar" "COMPILER_FLAGS=  -O2 -c" "EXTRA_COMPILER_FLAGS=-mcpu=cortex-a9 -mfpu=vfpv3 -mfloat-abi=hard -nostartfiles -g -Wall -Wextra"
"Running Make include in ps7_cortexa9_0/libsrc/scuwdt_v2_1/src"
make -C ps7_cortexa9_0/libsrc/scuwdt_v2_1/src -s include  "SHELL=CMD" "COMPILER=arm-none-eabi-gcc" "ARCHIVER=arm-none-eabi-ar" "COMPILER_FLAGS=  -O2 -c" "EXTRA_COMPILER_FLAGS=-mcpu=cortex-a9 -mfpu=vfpv3 -mfloat-abi=hard -nostartfiles -g -Wall -Wextra"
"Running Make include in ps7_cortexa9_0/libsrc/sdps_v3_7/src"
make -C ps7_cortexa9_0/libsrc/sdps_v3_7/src -s include  "SHELL=CMD" "COMPILER=arm-none-eabi-gcc" "ARCHIVER=arm-none-eabi-ar" "COMPILER_FLAGS=  -O2 -c" "EXTRA_COMPILER_FLAGS=-mcpu=cortex-a9 -mfpu=vfpv3 -mfloat-abi=hard -nostartfiles -g -Wall -Wextra"
"Running Make include in ps7_cortexa9_0/libsrc/standalone_v7_0/src"
make -C ps7_cortexa9_0/libsrc/standalone_v7_0/src -s include  "SHELL=CMD" "COMPILER=arm-none-eabi-gcc" "ARCHIVER=arm-none-eabi-ar" "COMPILER_FLAGS=  -O2 -c" "EXTRA_COMPILER_FLAGS=-mcpu=cortex-a9 -mfpu=vfpv3 -mfloat-abi=hard -nostartfiles -g -Wall -Wextra"
"Running Make include in ps7_cortexa9_0/libsrc/tmrctr_v4_5/src"
make -C ps7_cortexa9_0/libsrc/tmrctr_v4_5/src -s include  "SHELL=CMD" "COMPILER=arm-none-eabi-gcc" "ARCHIVER=arm-none-eabi-ar" "COMPILER_FLAGS=  -O2 -c" "EXTRA_COMPILER_FLAGS=-mcpu=cortex-a9 -mfpu=vfpv3 -mfloat-abi=hard -nostartfiles -g -Wall -Wextra"
"Running Make include in ps7_cortexa9_0/libsrc/uartps_v3_7/src"
make -C ps7_cortexa9_0/libsrc/uartps_v3_7/src -s include  "SHELL=CMD" "COMPILER=arm-none-eabi-gcc" "ARCHIVER=arm-none-eabi-ar" "COMPILER_FLAGS=  -O2 -c" "EXTRA_COMPILER_FLAGS=-mcpu=cortex-a9 -mfpu=vfpv3 -mfloat-abi=hard -nostartfiles -g -Wall -Wextra"
"Running Make include in ps7_cortexa9_0/libsrc/usbps_v2_4/src"
make -C ps7_cortexa9_0/libsrc/usbps_v2_4/src -s include  "SHELL=CMD" "COMPILER=arm-none-eabi-gcc" "ARCHIVER=arm-none-eabi-ar" "COMPILER_FLAGS=  -O2 -c" "EXTRA_COMPILER_FLAGS=-mcpu=cortex-a9 -mfpu=vfpv3 -mfloat-abi=hard -nostartfiles -g -Wall -Wextra"
"Running Make include in ps7_cortexa9_0/libsrc/xadcps_v2_3/src"
make -C ps7_cortexa9_0/libsrc/xadcps_v2_3/src -s include  "SHELL=CMD" "COMPILER=arm-none-eabi-gcc" "ARCHIVER=arm-none-eabi-ar" "COMPILER_FLAGS=  -O2 -c" "EXTRA_COMPILER_FLAGS=-mcpu=cortex-a9 -mfpu=vfpv3 -mfloat-abi=hard -nostartfiles -g -Wall -Wextra"
"Running Make include in ps7_cortexa9_0/libsrc/xilffs_v4_1/src"
make -C ps7_cortexa9_0/libsrc/xilffs_v4_1/src -s include  "SHELL=CMD" "COMPILER=arm-none-eabi-gcc" "ARCHIVER=arm-none-eabi-ar" "COMPILER_FLAGS=  -O2 -c" "EXTRA_COMPILER_FLAGS=-mcpu=cortex-a9 -mfpu=vfpv3 -mfloat-abi=hard -nostartfiles -g -Wall -Wextra"
"Running Make libs in ps7_cortexa9_0/libsrc/coresightps_dcc_v1_5/src"
make -C ps7_cortexa9_0/libsrc/coresightps_dcc_v1_5/src -s libs  "SHELL=CMD" "COMPILER=arm-none-eabi-gcc" "ARCHIVER=arm-none-eabi-ar" "COMPILER_FLAGS=  -O2 -c" "EXTRA_COMPILER_FLAGS=-mcpu=cortex-a9 -mfpu=vfpv3 -mfloat-abi=hard -nostartfiles -g -Wall -Wextra"
"Compiling coresightps_dcc"
arm-none-eabi-ar: creating ../../../lib/libxil.a
"Running Make libs in ps7_cortexa9_0/libsrc/cpu_cortexa9_v2_7/src"
make -C ps7_cortexa9_0/libsrc/cpu_cortexa9_v2_7/src -s libs  "SHELL=CMD" "COMPILER=arm-none-eabi-gcc" "ARCHIVER=arm-none-eabi-ar" "COMPILER_FLAGS=  -O2 -c" "EXTRA_COMPILER_FLAGS=-mcpu=cortex-a9 -mfpu=vfpv3 -mfloat-abi=hard -nostartfiles -g -Wall -Wextra"
"Compiling cpu_cortexa9"
"Running Make libs in ps7_cortexa9_0/libsrc/ddrps_v1_0/src"
make -C ps7_cortexa9_0/libsrc/ddrps_v1_0/src -s libs  "SHELL=CMD" "COMPILER=arm-none-eabi-gcc" "ARCHIVER=arm-none-eabi-ar" "COMPILER_FLAGS=  -O2 -c" "EXTRA_COMPILER_FLAGS=-mcpu=cortex-a9 -mfpu=vfpv3 -mfloat-abi=hard -nostartfiles -g -Wall -Wextra"
"Compiling ddrps"
"Running Make libs in ps7_cortexa9_0/libsrc/devcfg_v3_5/src"
make -C ps7_cortexa9_0/libsrc/devcfg_v3_5/src -s libs  "SHELL=CMD" "COMPILER=arm-none-eabi-gcc" "ARCHIVER=arm-none-eabi-ar" "COMPILER_FLAGS=  -O2 -c" "EXTRA_COMPILER_FLAGS=-mcpu=cortex-a9 -mfpu=vfpv3 -mfloat-abi=hard -nostartfiles -g -Wall -Wextra"
"Compiling devcfg"
"Running Make libs in ps7_cortexa9_0/libsrc/dmaps_v2_4/src"
make -C ps7_cortexa9_0/libsrc/dmaps_v2_4/src -s libs  "SHELL=CMD" "COMPILER=arm-none-eabi-gcc" "ARCHIVER=arm-none-eabi-ar" "COMPILER_FLAGS=  -O2 -c" "EXTRA_COMPILER_FLAGS=-mcpu=cortex-a9 -mfpu=vfpv3 -mfloat-abi=hard -nostartfiles -g -Wall -Wextra"
"Compiling dmaps"
"Running Make libs in ps7_cortexa9_0/libsrc/DWT_Accel_v1_0/src"
make -C ps7_cortexa9_0/libsrc/DWT_Accel_v1_0/src -s libs  "SHELL=CMD" "COMPILER=arm-none-eabi-gcc" "ARCHIVER=arm-none-eabi-ar" "COMPILER_FLAGS=  -O2 -c" "EXTRA_COMPILER_FLAGS=-mcpu=cortex-a9 -mfpu=vfpv3 -mfloat-abi=hard -nostartfiles -g -Wall -Wextra"
"Compiling DWT_Accel"
"Running Make libs in ps7_cortexa9_0/libsrc/emacps_v3_9/src"
make -C ps7_cortexa9_0/libsrc/emacps_v3_9/src -s libs  "SHELL=CMD" "COMPILER=arm-none-eabi-gcc" "ARCHIVER=arm-none-eabi-ar" "COMPILER_FLAGS=  -O2 -c" "EXTRA_COMPILER_FLAGS=-mcpu=cortex-a9 -mfpu=vfpv3 -mfloat-abi=hard -nostartfiles -g -Wall -Wextra"
"Compiling emacps"
"Running Make libs in ps7_cortexa9_0/libsrc/gpiops_v3_5/src"
make -C ps7_cortexa9_0/libsrc/gpiops_v3_5/src -s libs  "SHELL=CMD" "COMPILER=arm-none-eabi-gcc" "ARCHIVER=arm-none-eabi-ar" "COMPILER_FLAGS=  -O2 -c" "EXTRA_COMPILER_FLAGS=-mcpu=cortex-a9 -mfpu=vfpv3 -mfloat-abi=hard -nostartfiles -g -Wall -Wextra"
"Compiling gpiops"
"Running Make libs in ps7_cortexa9_0/libsrc/qspips_v3_6/src"
make -C ps7_cortexa9_0/libsrc/qspips_v3_6/src -s libs  "SHELL=CMD" "COMPILER=arm-none-eabi-gcc" "ARCHIVER=arm-none-eabi-ar" "COMPILER_FLAGS=  -O2 -c" "EXTRA_COMPILER_FLAGS=-mcpu=cortex-a9 -mfpu=vfpv3 -mfloat-abi=hard -nostartfiles -g -Wall -Wextra"
"Compiling qspips"
"Running Make libs in ps7_cortexa9_0/libsrc/scugic_v4_0/src"
make -C ps7_cortexa9_0/libsrc/scugic_v4_0/src -s libs  "SHELL=CMD" "COMPILER=arm-none-eabi-gcc" "ARCHIVER=arm-none-eabi-ar" "COMPILER_FLAGS=  -O2 -c" "EXTRA_COMPILER_FLAGS=-mcpu=cortex-a9 -mfpu=vfpv3 -mfloat-abi=hard -nostartfiles -g -Wall -Wextra"
"Compiling scugic"
"Running Make libs in ps7_cortexa9_0/libsrc/scutimer_v2_1/src"
make -C ps7_cortexa9_0/libsrc/scutimer_v2_1/src -s libs  "SHELL=CMD" "COMPILER=arm-none-eabi-gcc" "ARCHIVER=arm-none-eabi-ar" "COMPILER_FLAGS=  -O2 -c" "EXTRA_COMPILER_FLAGS=-mcpu=cortex-a9 -mfpu=vfpv3 -mfloat-abi=hard -nostartfiles -g -Wall -Wextra"
"Compiling scutimer"
"Running Make libs in ps7_cortexa9_0/libsrc/scuwdt_v2_1/src"
make -C ps7_cortexa9_0/libsrc/scuwdt_v2_1/src -s libs  "SHELL=CMD" "COMPILER=arm-none-eabi-gcc" "ARCHIVER=arm-none-eabi-ar" "COMPILER_FLAGS=  -O2 -c" "EXTRA_COMPILER_FLAGS=-mcpu=cortex-a9 -mfpu=vfpv3 -mfloat-abi=hard -nostartfiles -g -Wall -Wextra"
"Compiling scuwdt"
"Running Make libs in ps7_cortexa9_0/libsrc/sdps_v3_7/src"
make -C ps7_cortexa9_0/libsrc/sdps_v3_7/src -s libs  "SHELL=CMD" "COMPILER=arm-none-eabi-gcc" "ARCHIVER=arm-none-eabi-ar" "COMPILER_FLAGS=  -O2 -c" "EXTRA_COMPILER_FLAGS=-mcpu=cortex-a9 -mfpu=vfpv3 -mfloat-abi=hard -nostartfiles -g -Wall -Wextra"
"Compiling sdps"
"Running Make libs in ps7_cortexa9_0/libsrc/standalone_v7_0/src"
make -C ps7_cortexa9_0/libsrc/standalone_v7_0/src -s libs  "SHELL=CMD" "COMPILER=arm-none-eabi-gcc" "ARCHIVER=arm-none-eabi-ar" "COMPILER_FLAGS=  -O2 -c" "EXTRA_COMPILER_FLAGS=-mcpu=cortex-a9 -mfpu=vfpv3 -mfloat-abi=hard -nostartfiles -g -Wall -Wextra"
"Compiling standalone"
In file included from usleep.c:56:
xtime_l.h:87:9: note: #pragma message: For the sleep routines, Global timer is being used
 #pragma message ("For the sleep routines, Global timer is being used")
         ^~~~~~~
In file included from xil_sleeptimer.c:51:
xtime_l.h:87:9: note: #pragma message: For the sleep routines, Global timer is being used
 #pragma message ("For the sleep routines, Global timer is being used")
         ^~~~~~~
In file included from xtime_l.c:49:
xtime_l.h:87:9: note: #pragma message: For the sleep routines, Global timer is being used
 #pragma message ("For the sleep routines, Global timer is being used")
         ^~~~~~~
In file included from sleep.c:53:
xtime_l.h:87:9: note: #pragma message: For the sleep routines, Global timer is being used
 #pragma message ("For the sleep routines, Global timer is being used")
         ^~~~~~~
"Running Make libs in ps7_cortexa9_0/libsrc/tmrctr_v4_5/src"
make -C ps7_cortexa9_0/libsrc/tmrctr_v4_5/src -s libs  "SHELL=CMD" "COMPILER=arm-none-eabi-gcc" "ARCHIVER=arm-none-eabi-ar" "COMPILER_FLAGS=  -O2 -c" "EXTRA_COMPILER_FLAGS=-mcpu=cortex-a9 -mfpu=vfpv3 -mfloat-abi=hard -nostartfiles -g -Wall -Wextra"
"Compiling tmrctr"
"Running Make libs in ps7_cortexa9_0/libsrc/uartps_v3_7/src"
make -C ps7_cortexa9_0/libsrc/uartps_v3_7/src -s libs  "SHELL=CMD" "COMPILER=arm-none-eabi-gcc" "ARCHIVER=arm-none-eabi-ar" "COMPILER_FLAGS=  -O2 -c" "EXTRA_COMPILER_FLAGS=-mcpu=cortex-a9 -mfpu=vfpv3 -mfloat-abi=hard -nostartfiles -g -Wall -Wextra"
"Compiling uartps"
"Running Make libs in ps7_cortexa9_0/libsrc/usbps_v2_4/src"
make -C ps7_cortexa9_0/libsrc/usbps_v2_4/src -s libs  "SHELL=CMD" "COMPILER=arm-none-eabi-gcc" "ARCHIVER=arm-none-eabi-ar" "COMPILER_FLAGS=  -O2 -c" "EXTRA_COMPILER_FLAGS=-mcpu=cortex-a9 -mfpu=vfpv3 -mfloat-abi=hard -nostartfiles -g -Wall -Wextra"
"Compiling usbps"
"Running Make libs in ps7_cortexa9_0/libsrc/xadcps_v2_3/src"
make -C ps7_cortexa9_0/libsrc/xadcps_v2_3/src -s libs  "SHELL=CMD" "COMPILER=arm-none-eabi-gcc" "ARCHIVER=arm-none-eabi-ar" "COMPILER_FLAGS=  -O2 -c" "EXTRA_COMPILER_FLAGS=-mcpu=cortex-a9 -mfpu=vfpv3 -mfloat-abi=hard -nostartfiles -g -Wall -Wextra"
"Compiling xadcps"
"Running Make libs in ps7_cortexa9_0/libsrc/xilffs_v4_1/src"
make -C ps7_cortexa9_0/libsrc/xilffs_v4_1/src -s libs  "SHELL=CMD" "COMPILER=arm-none-eabi-gcc" "ARCHIVER=arm-none-eabi-ar" "COMPILER_FLAGS=  -O2 -c" "EXTRA_COMPILER_FLAGS=-mcpu=cortex-a9 -mfpu=vfpv3 -mfloat-abi=hard -nostartfiles -g -Wall -Wextra"
"Compiling XilFFs Library"
'Finished building libraries'
23:52:38 **** Auto Build of configuration Debug for project final_project ****
make pre-build main-build 
a9-linaro-pre-build-step
' '
'Building file: ../src/main.c'
'Invoking: ARM v7 gcc compiler'
arm-none-eabi-gcc -Wall -O0 -g3 -c -fmessage-length=0 -MT"src/main.o" -mcpu=cortex-a9 -mfpu=vfpv3 -mfloat-abi=hard -I../../standalone_bsp_0/ps7_cortexa9_0/include -MMD -MP -MF"src/main.d" -MT"src/main.o" -o "src/main.o" "../src/main.c"
In file included from ../src/main.c:17:
../../standalone_bsp_0/ps7_cortexa9_0/include/xtime_l.h:87:9: note: #pragma message: For the sleep routines, Global timer is being used
 #pragma message ("For the sleep routines, Global timer is being used")
         ^~~~~~~
../src/main.c: In function 'parse_image':
../src/main.c:58:10: warning: unused variable 'br' [-Wunused-variable]
     UINT br;
          ^~
../src/main.c:57:18: warning: unused variable 'header' [-Wunused-variable]
     unsigned int header[4];
                  ^~~~~~
../src/main.c: In function 'parse_color_image':
../src/main.c:189:41: warning: cast to pointer from integer of different size [-Wint-to-pointer-cast]
    xil_printf("R:%x G:%x B:%x A:%x\n\r",(void*)red_image[count], (void*)green_image[count], (void*)blue_image[count],(void*)aval_image[count]);
                                         ^
../src/main.c:189:66: warning: cast to pointer from integer of different size [-Wint-to-pointer-cast]
    xil_printf("R:%x G:%x B:%x A:%x\n\r",(void*)red_image[count], (void*)green_image[count], (void*)blue_image[count],(void*)aval_image[count]);
                                                                  ^
../src/main.c:189:93: warning: cast to pointer from integer of different size [-Wint-to-pointer-cast]
    xil_printf("R:%x G:%x B:%x A:%x\n\r",(void*)red_image[count], (void*)green_image[count], (void*)blue_image[count],(void*)aval_image[count]);
                                                                                             ^
../src/main.c:189:118: warning: cast to pointer from integer of different size [-Wint-to-pointer-cast]
    xil_printf("R:%x G:%x B:%x A:%x\n\r",(void*)red_image[count], (void*)green_image[count], (void*)blue_image[count],(void*)aval_image[count]);
                                                                                                                      ^
../src/main.c:126:10: warning: unused variable 'br' [-Wunused-variable]
     UINT br;
          ^~
../src/main.c:125:18: warning: unused variable 'header' [-Wunused-variable]
     unsigned int header[4];
                  ^~~~~~
../src/main.c: In function 'parse_color_ir_image':
../src/main.c:217:10: warning: unused variable 'br' [-Wunused-variable]
     UINT br;
          ^~
../src/main.c:216:18: warning: unused variable 'header' [-Wunused-variable]
     unsigned int header[4];
                  ^~~~~~
../src/main.c: In function 'write_color_image_SD':
../src/main.c:409:17: warning: unused variable 'buffer' [-Wunused-variable]
   unsigned char buffer[4];
                 ^~~~~~
../src/main.c: In function 'DWT_IR':
../src/main.c:555:9: warning: unused variable 'col' [-Wunused-variable]
   float col[480];
         ^~~
../src/main.c:554:8: warning: variable 'row' set but not used [-Wunused-but-set-variable]
  float row[640];
        ^~~
../src/main.c: In function 'Filter':
../src/main.c:636:38: warning: comparison of constant '320' with boolean expression is always true [-Wbool-compare]
             else if((j<240) && (159<i<320))
                                      ^
../src/main.c:636:36: warning: comparisons like 'X<=Y<=Z' do not have their mathematical meaning [-Wparentheses]
             else if((j<240) && (159<i<320))
                                 ~~~^~
../src/main.c:640:27: warning: comparison of constant '240' with boolean expression is always true [-Wbool-compare]
             else if((119<j<240) && (i<160))
                           ^
../src/main.c:640:25: warning: comparisons like 'X<=Y<=Z' do not have their mathematical meaning [-Wparentheses]
             else if((119<j<240) && (i<160))
                      ~~~^~
../src/main.c: In function 'main':
../src/main.c:1186:2: warning: implicit declaration of function 'Xil_L1DCacheFlush'; did you mean 'Xil_DCacheFlush'? [-Wimplicit-function-declaration]
  Xil_L1DCacheFlush();
  ^~~~~~~~~~~~~~~~~
  Xil_DCacheFlush
../src/main.c:1187:2: warning: implicit declaration of function 'Xil_L2CacheFlush'; did you mean 'Xil_DCacheFlush'? [-Wimplicit-function-declaration]
  Xil_L2CacheFlush();
  ^~~~~~~~~~~~~~~~
  Xil_DCacheFlush
../src/main.c:1452:25: error: expected ';' before '}' token
       xil_printf("\n\r")
                         ^
                         ;
../src/main.c:1462:6:
      }
      ~                   
../src/main.c:1491:6: warning: unused variable 'fin_count_h' [-Wunused-variable]
  u64 fin_count_h =(timerCount_Stop-timerCount_Start);
      ^~~~~~~~~~~
make: *** [src/subdir.mk:26: src/main.o] Error 1
00:36:35 **** Incremental Build of configuration Debug for project final_project ****
make pre-build main-build 
a9-linaro-pre-build-step
' '
Command canceled
00:57:39 **** Build of configuration Debug for project final_project ****
make pre-build main-build 
a9-linaro-pre-build-step
' '
'Building file: ../src/main.c'
'Invoking: ARM v7 gcc compiler'
arm-none-eabi-gcc -Wall -O0 -g3 -c -fmessage-length=0 -MT"src/main.o" -mcpu=cortex-a9 -mfpu=vfpv3 -mfloat-abi=hard -I../../standalone_bsp_0/ps7_cortexa9_0/include -MMD -MP -MF"src/main.d" -MT"src/main.o" -o "src/main.o" "../src/main.c"
In file included from ../src/main.c:17:
../../standalone_bsp_0/ps7_cortexa9_0/include/xtime_l.h:87:9: note: #pragma message: For the sleep routines, Global timer is being used
 #pragma message ("For the sleep routines, Global timer is being used")
         ^~~~~~~
../src/main.c: In function 'parse_image':
../src/main.c:125:10: warning: unused variable 'br' [-Wunused-variable]
     UINT br;
          ^~
../src/main.c:124:18: warning: unused variable 'header' [-Wunused-variable]
     unsigned int header[4];
                  ^~~~~~
../src/main.c: In function 'parse_color_image':
../src/main.c:256:41: warning: cast to pointer from integer of different size [-Wint-to-pointer-cast]
    xil_printf("R:%x G:%x B:%x A:%x\n\r",(void*)red_image[count], (void*)green_image[count], (void*)blue_image[count],(void*)aval_image[count]);
                                         ^
../src/main.c:256:66: warning: cast to pointer from integer of different size [-Wint-to-pointer-cast]
    xil_printf("R:%x G:%x B:%x A:%x\n\r",(void*)red_image[count], (void*)green_image[count], (void*)blue_image[count],(void*)aval_image[count]);
                                                                  ^
../src/main.c:256:93: warning: cast to pointer from integer of different size [-Wint-to-pointer-cast]
    xil_printf("R:%x G:%x B:%x A:%x\n\r",(void*)red_image[count], (void*)green_image[count], (void*)blue_image[count],(void*)aval_image[count]);
                                                                                             ^
../src/main.c:256:118: warning: cast to pointer from integer of different size [-Wint-to-pointer-cast]
    xil_printf("R:%x G:%x B:%x A:%x\n\r",(void*)red_image[count], (void*)green_image[count], (void*)blue_image[count],(void*)aval_image[count]);
                                                                                                                      ^
../src/main.c:193:10: warning: unused variable 'br' [-Wunused-variable]
     UINT br;
          ^~
../src/main.c:192:18: warning: unused variable 'header' [-Wunused-variable]
     unsigned int header[4];
                  ^~~~~~
../src/main.c: In function 'parse_color_ir_image':
../src/main.c:284:10: warning: unused variable 'br' [-Wunused-variable]
     UINT br;
          ^~
../src/main.c:283:18: warning: unused variable 'header' [-Wunused-variable]
     unsigned int header[4];
                  ^~~~~~
../src/main.c: In function 'DWT_IR':
../src/main.c:617:9: warning: unused variable 'col' [-Wunused-variable]
   float col[480];
         ^~~
../src/main.c:616:8: warning: variable 'row' set but not used [-Wunused-but-set-variable]
  float row[640];
        ^~~
../src/main.c: In function 'Filter':
../src/main.c:698:38: warning: comparison of constant '320' with boolean expression is always true [-Wbool-compare]
             else if((j<240) && (159<i<320))
                                      ^
../src/main.c:698:36: warning: comparisons like 'X<=Y<=Z' do not have their mathematical meaning [-Wparentheses]
             else if((j<240) && (159<i<320))
                                 ~~~^~
../src/main.c:702:27: warning: comparison of constant '240' with boolean expression is always true [-Wbool-compare]
             else if((119<j<240) && (i<160))
                           ^
../src/main.c:702:25: warning: comparisons like 'X<=Y<=Z' do not have their mathematical meaning [-Wparentheses]
             else if((119<j<240) && (i<160))
                      ~~~^~
../src/main.c: In function 'main':
../src/main.c:837:36: warning: initialization of 'short unsigned int *' from incompatible pointer type 'short unsigned int (*)[120][120]' [-Wincompatible-pointer-types]
           unsigned short *curr_im =&IR_gray_image_1;
                                    ^
../src/main.c:838:36: warning: initialization of 'short unsigned int *' from incompatible pointer type 'short unsigned int (*)[120][120]' [-Wincompatible-pointer-types]
           unsigned short *curr_co =&BW_gray_image_1;
                                    ^
../src/main.c:838:27: warning: unused variable 'curr_co' [-Wunused-variable]
           unsigned short *curr_co =&BW_gray_image_1;
                           ^~~~~~~
../src/main.c:837:27: warning: unused variable 'curr_im' [-Wunused-variable]
           unsigned short *curr_im =&IR_gray_image_1;
                           ^~~~~~~
../src/main.c:842:36: warning: initialization of 'short unsigned int *' from incompatible pointer type 'short unsigned int (*)[120][120]' [-Wincompatible-pointer-types]
           unsigned short *curr_im =&IR_gray_image_2;
                                    ^
../src/main.c:843:36: warning: initialization of 'short unsigned int *' from incompatible pointer type 'short unsigned int (*)[120][120]' [-Wincompatible-pointer-types]
           unsigned short *curr_co =&BW_gray_image_2;
                                    ^
../src/main.c:843:27: warning: unused variable 'curr_co' [-Wunused-variable]
           unsigned short *curr_co =&BW_gray_image_2;
                           ^~~~~~~
../src/main.c:842:27: warning: unused variable 'curr_im' [-Wunused-variable]
           unsigned short *curr_im =&IR_gray_image_2;
                           ^~~~~~~
../src/main.c:847:36: warning: initialization of 'short unsigned int *' from incompatible pointer type 'short unsigned int (*)[120][120]' [-Wincompatible-pointer-types]
           unsigned short *curr_im =&IR_gray_image_3;
                                    ^
../src/main.c:848:36: warning: initialization of 'short unsigned int *' from incompatible pointer type 'short unsigned int (*)[120][120]' [-Wincompatible-pointer-types]
           unsigned short *curr_co =&BW_gray_image_3;
                                    ^
../src/main.c:848:27: warning: unused variable 'curr_co' [-Wunused-variable]
           unsigned short *curr_co =&BW_gray_image_3;
                           ^~~~~~~
../src/main.c:847:27: warning: unused variable 'curr_im' [-Wunused-variable]
           unsigned short *curr_im =&IR_gray_image_3;
                           ^~~~~~~
../src/main.c:852:36: warning: initialization of 'short unsigned int *' from incompatible pointer type 'short unsigned int (*)[120][120]' [-Wincompatible-pointer-types]
           unsigned short *curr_im =&IR_gray_image_4;
                                    ^
../src/main.c:853:36: warning: initialization of 'short unsigned int *' from incompatible pointer type 'short unsigned int (*)[120][120]' [-Wincompatible-pointer-types]
           unsigned short *curr_co =&BW_gray_image_4;
                                    ^
../src/main.c:853:27: warning: unused variable 'curr_co' [-Wunused-variable]
           unsigned short *curr_co =&BW_gray_image_4;
                           ^~~~~~~
../src/main.c:852:27: warning: unused variable 'curr_im' [-Wunused-variable]
           unsigned short *curr_im =&IR_gray_image_4;
                           ^~~~~~~
../src/main.c:857:36: warning: initialization of 'short unsigned int *' from incompatible pointer type 'short unsigned int (*)[120][120]' [-Wincompatible-pointer-types]
           unsigned short *curr_im =&IR_gray_image_5;
                                    ^
../src/main.c:858:36: warning: initialization of 'short unsigned int *' from incompatible pointer type 'short unsigned int (*)[120][120]' [-Wincompatible-pointer-types]
           unsigned short *curr_co =&BW_gray_image_5;
                                    ^
../src/main.c:858:27: warning: unused variable 'curr_co' [-Wunused-variable]
           unsigned short *curr_co =&BW_gray_image_5;
                           ^~~~~~~
../src/main.c:857:27: warning: unused variable 'curr_im' [-Wunused-variable]
           unsigned short *curr_im =&IR_gray_image_5;
                           ^~~~~~~
../src/main.c:862:36: warning: initialization of 'short unsigned int *' from incompatible pointer type 'short unsigned int (*)[120][120]' [-Wincompatible-pointer-types]
           unsigned short *curr_im =&IR_gray_image_6;
                                    ^
../src/main.c:863:36: warning: initialization of 'short unsigned int *' from incompatible pointer type 'short unsigned int (*)[120][120]' [-Wincompatible-pointer-types]
           unsigned short *curr_co =&BW_gray_image_6;
                                    ^
../src/main.c:863:27: warning: unused variable 'curr_co' [-Wunused-variable]
           unsigned short *curr_co =&BW_gray_image_6;
                           ^~~~~~~
../src/main.c:862:27: warning: unused variable 'curr_im' [-Wunused-variable]
           unsigned short *curr_im =&IR_gray_image_6;
                           ^~~~~~~
../src/main.c:867:36: warning: initialization of 'short unsigned int *' from incompatible pointer type 'short unsigned int (*)[120][120]' [-Wincompatible-pointer-types]
           unsigned short *curr_im =&IR_gray_image_7;
                                    ^
../src/main.c:868:36: warning: initialization of 'short unsigned int *' from incompatible pointer type 'short unsigned int (*)[120][120]' [-Wincompatible-pointer-types]
           unsigned short *curr_co =&BW_gray_image_7;
                                    ^
../src/main.c:868:27: warning: unused variable 'curr_co' [-Wunused-variable]
           unsigned short *curr_co =&BW_gray_image_7;
                           ^~~~~~~
../src/main.c:867:27: warning: unused variable 'curr_im' [-Wunused-variable]
           unsigned short *curr_im =&IR_gray_image_7;
                           ^~~~~~~
../src/main.c:872:36: warning: initialization of 'short unsigned int *' from incompatible pointer type 'short unsigned int (*)[120][120]' [-Wincompatible-pointer-types]
           unsigned short *curr_im =&IR_gray_image_8;
                                    ^
../src/main.c:873:36: warning: initialization of 'short unsigned int *' from incompatible pointer type 'short unsigned int (*)[120][120]' [-Wincompatible-pointer-types]
           unsigned short *curr_co =&BW_gray_image_8;
                                    ^
../src/main.c:873:27: warning: unused variable 'curr_co' [-Wunused-variable]
           unsigned short *curr_co =&BW_gray_image_8;
                           ^~~~~~~
../src/main.c:872:27: warning: unused variable 'curr_im' [-Wunused-variable]
           unsigned short *curr_im =&IR_gray_image_8;
                           ^~~~~~~
../src/main.c:877:36: warning: initialization of 'short unsigned int *' from incompatible pointer type 'short unsigned int (*)[120][120]' [-Wincompatible-pointer-types]
           unsigned short *curr_im =&IR_gray_image_9;
                                    ^
../src/main.c:878:36: warning: initialization of 'short unsigned int *' from incompatible pointer type 'short unsigned int (*)[120][120]' [-Wincompatible-pointer-types]
           unsigned short *curr_co =&BW_gray_image_9;
                                    ^
../src/main.c:878:27: warning: unused variable 'curr_co' [-Wunused-variable]
           unsigned short *curr_co =&BW_gray_image_9;
                           ^~~~~~~
../src/main.c:877:27: warning: unused variable 'curr_im' [-Wunused-variable]
           unsigned short *curr_im =&IR_gray_image_9;
                           ^~~~~~~
../src/main.c:882:36: warning: initialization of 'short unsigned int *' from incompatible pointer type 'short unsigned int (*)[120][120]' [-Wincompatible-pointer-types]
           unsigned short *curr_im =&IR_gray_image_10;
                                    ^
../src/main.c:883:36: warning: initialization of 'short unsigned int *' from incompatible pointer type 'short unsigned int (*)[120][120]' [-Wincompatible-pointer-types]
           unsigned short *curr_co =&BW_gray_image_10;
                                    ^
../src/main.c:883:27: warning: unused variable 'curr_co' [-Wunused-variable]
           unsigned short *curr_co =&BW_gray_image_10;
                           ^~~~~~~
../src/main.c:882:27: warning: unused variable 'curr_im' [-Wunused-variable]
           unsigned short *curr_im =&IR_gray_image_10;
                           ^~~~~~~
../src/main.c:887:36: warning: initialization of 'short unsigned int *' from incompatible pointer type 'short unsigned int (*)[120][120]' [-Wincompatible-pointer-types]
           unsigned short *curr_im =&IR_gray_image_11;
                                    ^
../src/main.c:888:36: warning: initialization of 'short unsigned int *' from incompatible pointer type 'short unsigned int (*)[120][120]' [-Wincompatible-pointer-types]
           unsigned short *curr_co =&BW_gray_image_11;
                                    ^
../src/main.c:888:27: warning: unused variable 'curr_co' [-Wunused-variable]
           unsigned short *curr_co =&BW_gray_image_11;
                           ^~~~~~~
../src/main.c:887:27: warning: unused variable 'curr_im' [-Wunused-variable]
           unsigned short *curr_im =&IR_gray_image_11;
                           ^~~~~~~
../src/main.c:892:36: warning: initialization of 'short unsigned int *' from incompatible pointer type 'short unsigned int (*)[120][120]' [-Wincompatible-pointer-types]
           unsigned short *curr_im =&IR_gray_image_12;
                                    ^
../src/main.c:893:36: warning: initialization of 'short unsigned int *' from incompatible pointer type 'short unsigned int (*)[120][120]' [-Wincompatible-pointer-types]
           unsigned short *curr_co =&BW_gray_image_12;
                                    ^
../src/main.c:893:27: warning: unused variable 'curr_co' [-Wunused-variable]
           unsigned short *curr_co =&BW_gray_image_12;
                           ^~~~~~~
../src/main.c:892:27: warning: unused variable 'curr_im' [-Wunused-variable]
           unsigned short *curr_im =&IR_gray_image_12;
                           ^~~~~~~
../src/main.c:897:36: warning: initialization of 'short unsigned int *' from incompatible pointer type 'short unsigned int (*)[120][120]' [-Wincompatible-pointer-types]
           unsigned short *curr_im =&IR_gray_image_13;
                                    ^
../src/main.c:898:36: warning: initialization of 'short unsigned int *' from incompatible pointer type 'short unsigned int (*)[120][120]' [-Wincompatible-pointer-types]
           unsigned short *curr_co =&BW_gray_image_13;
                                    ^
../src/main.c:898:27: warning: unused variable 'curr_co' [-Wunused-variable]
           unsigned short *curr_co =&BW_gray_image_13;
                           ^~~~~~~
../src/main.c:897:27: warning: unused variable 'curr_im' [-Wunused-variable]
           unsigned short *curr_im =&IR_gray_image_13;
                           ^~~~~~~
../src/main.c:902:36: warning: initialization of 'short unsigned int *' from incompatible pointer type 'short unsigned int (*)[120][120]' [-Wincompatible-pointer-types]
           unsigned short *curr_im =&IR_gray_image_14;
                                    ^
../src/main.c:903:36: warning: initialization of 'short unsigned int *' from incompatible pointer type 'short unsigned int (*)[120][120]' [-Wincompatible-pointer-types]
           unsigned short *curr_co =&BW_gray_image_14;
                                    ^
../src/main.c:903:27: warning: unused variable 'curr_co' [-Wunused-variable]
           unsigned short *curr_co =&BW_gray_image_14;
                           ^~~~~~~
../src/main.c:902:27: warning: unused variable 'curr_im' [-Wunused-variable]
           unsigned short *curr_im =&IR_gray_image_14;
                           ^~~~~~~
../src/main.c:907:36: warning: initialization of 'short unsigned int *' from incompatible pointer type 'short unsigned int (*)[120][120]' [-Wincompatible-pointer-types]
           unsigned short *curr_im =&IR_gray_image_15;
                                    ^
../src/main.c:908:36: warning: initialization of 'short unsigned int *' from incompatible pointer type 'short unsigned int (*)[120][120]' [-Wincompatible-pointer-types]
           unsigned short *curr_co =&BW_gray_image_15;
                                    ^
../src/main.c:908:27: warning: unused variable 'curr_co' [-Wunused-variable]
           unsigned short *curr_co =&BW_gray_image_15;
                           ^~~~~~~
../src/main.c:907:27: warning: unused variable 'curr_im' [-Wunused-variable]
           unsigned short *curr_im =&IR_gray_image_15;
                           ^~~~~~~
../src/main.c:912:36: warning: initialization of 'short unsigned int *' from incompatible pointer type 'short unsigned int (*)[120][120]' [-Wincompatible-pointer-types]
           unsigned short *curr_im =&IR_gray_image_16;
                                    ^
../src/main.c:913:36: warning: initialization of 'short unsigned int *' from incompatible pointer type 'short unsigned int (*)[120][120]' [-Wincompatible-pointer-types]
           unsigned short *curr_co =&BW_gray_image_16;
                                    ^
../src/main.c:913:27: warning: unused variable 'curr_co' [-Wunused-variable]
           unsigned short *curr_co =&BW_gray_image_16;
                           ^~~~~~~
../src/main.c:912:27: warning: unused variable 'curr_im' [-Wunused-variable]
           unsigned short *curr_im =&IR_gray_image_16;
                           ^~~~~~~
../src/main.c:921:18: error: 'curr_im' undeclared (first use in this function)
                  curr_im[x][y] = IR_gray_image[x + j*(IMAGE_LENGTH/4)][y + i*(IMAGE_WIDTH/4)];
                  ^~~~~~~
../src/main.c:921:18: note: each undeclared identifier is reported only once for each function it appears in
../src/main.c:921:71: error: subscripted value is neither array nor pointer nor vector
                  curr_im[x][y] = IR_gray_image[x + j*(IMAGE_LENGTH/4)][y + i*(IMAGE_WIDTH/4)];
                                                                       ^
../src/main.c:922:18: error: 'curr_co' undeclared (first use in this function)
                  curr_co[x][y] = BW_gray_image[x + j*(IMAGE_LENGTH/4)][y + i*(IMAGE_WIDTH/4)];
                  ^~~~~~~
../src/main.c:922:71: error: subscripted value is neither array nor pointer nor vector
                  curr_co[x][y] = BW_gray_image[x + j*(IMAGE_LENGTH/4)][y + i*(IMAGE_WIDTH/4)];
                                                                       ^
../src/main.c:1107:10: warning: assignment to 'unsigned char *' from incompatible pointer type 'short unsigned int *' [-Wincompatible-pointer-types]
  src_a_0 = (unsigned short*)malloc(sizeof(unsigned short)*(IMAGE_WIDTH/4)*(IMAGE_LENGTH/4));///8));
          ^
../src/main.c:1114:10: warning: assignment to 'unsigned char *' from incompatible pointer type 'short unsigned int *' [-Wincompatible-pointer-types]
  src_b_0 = (unsigned short*)malloc(sizeof(unsigned short)*(IMAGE_WIDTH/4)*(IMAGE_LENGTH/4));///8));
          ^
../src/main.c:1121:10: warning: assignment to 'unsigned char *' from incompatible pointer type 'short unsigned int *' [-Wincompatible-pointer-types]
  src_c_0 = (unsigned short*)malloc(sizeof(unsigned short)*(IMAGE_WIDTH/4)*(IMAGE_LENGTH/4));///8));
          ^
../src/main.c:1301:9: warning: "/*" within comment [-Wcomment]
         /*
          
../src/main.c:1336:2: warning: implicit declaration of function 'Xil_L1DCacheFlush'; did you mean 'Xil_DCacheFlush'? [-Wimplicit-function-declaration]
  Xil_L1DCacheFlush();
  ^~~~~~~~~~~~~~~~~
  Xil_DCacheFlush
../src/main.c:1337:2: warning: implicit declaration of function 'Xil_L2CacheFlush'; did you mean 'Xil_DCacheFlush'? [-Wimplicit-function-declaration]
  Xil_L2CacheFlush();
  ^~~~~~~~~~~~~~~~
  Xil_DCacheFlush
../src/main.c:1543:10: warning: "/*" within comment [-Wcomment]
          /*
           
../src/main.c:1981:6: warning: "/*" within comment [-Wcomment]
      /*
       
../src/main.c:2089:35: warning: initialization of 'short unsigned int *' from incompatible pointer type 'short unsigned int (*)[120][120]' [-Wincompatible-pointer-types]
           unsigned short *curr_f =&fin_image_1;
                                   ^
../src/main.c:2089:27: warning: unused variable 'curr_f' [-Wunused-variable]
           unsigned short *curr_f =&fin_image_1;
                           ^~~~~~
../src/main.c:2093:35: warning: initialization of 'short unsigned int *' from incompatible pointer type 'short unsigned int (*)[120][120]' [-Wincompatible-pointer-types]
           unsigned short *curr_f =&fin_image_2;
                                   ^
../src/main.c:2093:27: warning: unused variable 'curr_f' [-Wunused-variable]
           unsigned short *curr_f =&fin_image_2;
                           ^~~~~~
../src/main.c:2097:35: warning: initialization of 'short unsigned int *' from incompatible pointer type 'short unsigned int (*)[120][120]' [-Wincompatible-pointer-types]
           unsigned short *curr_f =&fin_image_3;
                                   ^
../src/main.c:2097:27: warning: unused variable 'curr_f' [-Wunused-variable]
           unsigned short *curr_f =&fin_image_3;
                           ^~~~~~
../src/main.c:2101:35: warning: initialization of 'short unsigned int *' from incompatible pointer type 'short unsigned int (*)[120][120]' [-Wincompatible-pointer-types]
           unsigned short *curr_f =&fin_image_4;
                                   ^
../src/main.c:2101:27: warning: unused variable 'curr_f' [-Wunused-variable]
           unsigned short *curr_f =&fin_image_4;
                           ^~~~~~
../src/main.c:2105:35: warning: initialization of 'short unsigned int *' from incompatible pointer type 'short unsigned int (*)[120][120]' [-Wincompatible-pointer-types]
           unsigned short *curr_f =&fin_image_5;
                                   ^
../src/main.c:2105:27: warning: unused variable 'curr_f' [-Wunused-variable]
           unsigned short *curr_f =&fin_image_5;
                           ^~~~~~
../src/main.c:2109:35: warning: initialization of 'short unsigned int *' from incompatible pointer type 'short unsigned int (*)[120][120]' [-Wincompatible-pointer-types]
           unsigned short *curr_f =&fin_image_6;
                                   ^
../src/main.c:2109:27: warning: unused variable 'curr_f' [-Wunused-variable]
           unsigned short *curr_f =&fin_image_6;
                           ^~~~~~
../src/main.c:2113:35: warning: initialization of 'short unsigned int *' from incompatible pointer type 'short unsigned int (*)[120][120]' [-Wincompatible-pointer-types]
           unsigned short *curr_f =&fin_image_7;
                                   ^
../src/main.c:2113:27: warning: unused variable 'curr_f' [-Wunused-variable]
           unsigned short *curr_f =&fin_image_7;
                           ^~~~~~
../src/main.c:2117:35: warning: initialization of 'short unsigned int *' from incompatible pointer type 'short unsigned int (*)[120][120]' [-Wincompatible-pointer-types]
           unsigned short *curr_f =&fin_image_8;
                                   ^
../src/main.c:2117:27: warning: unused variable 'curr_f' [-Wunused-variable]
           unsigned short *curr_f =&fin_image_8;
                           ^~~~~~
../src/main.c:2121:35: warning: initialization of 'short unsigned int *' from incompatible pointer type 'short unsigned int (*)[120][120]' [-Wincompatible-pointer-types]
           unsigned short *curr_f =&fin_image_9;
                                   ^
../src/main.c:2121:27: warning: unused variable 'curr_f' [-Wunused-variable]
           unsigned short *curr_f =&fin_image_9;
                           ^~~~~~
../src/main.c:2125:35: warning: initialization of 'short unsigned int *' from incompatible pointer type 'short unsigned int (*)[120][120]' [-Wincompatible-pointer-types]
           unsigned short *curr_f =&fin_image_10;
                                   ^
../src/main.c:2125:27: warning: unused variable 'curr_f' [-Wunused-variable]
           unsigned short *curr_f =&fin_image_10;
                           ^~~~~~
../src/main.c:2129:35: warning: initialization of 'short unsigned int *' from incompatible pointer type 'short unsigned int (*)[120][120]' [-Wincompatible-pointer-types]
           unsigned short *curr_f =&fin_image_11;
                                   ^
../src/main.c:2129:27: warning: unused variable 'curr_f' [-Wunused-variable]
           unsigned short *curr_f =&fin_image_11;
                           ^~~~~~
../src/main.c:2133:35: warning: initialization of 'short unsigned int *' from incompatible pointer type 'short unsigned int (*)[120][120]' [-Wincompatible-pointer-types]
           unsigned short *curr_f =&fin_image_12;
                                   ^
../src/main.c:2133:27: warning: unused variable 'curr_f' [-Wunused-variable]
           unsigned short *curr_f =&fin_image_12;
                           ^~~~~~
../src/main.c:2137:35: warning: initialization of 'short unsigned int *' from incompatible pointer type 'short unsigned int (*)[120][120]' [-Wincompatible-pointer-types]
           unsigned short *curr_f =&fin_image_13;
                                   ^
../src/main.c:2137:27: warning: unused variable 'curr_f' [-Wunused-variable]
           unsigned short *curr_f =&fin_image_13;
                           ^~~~~~
../src/main.c:2141:35: warning: initialization of 'short unsigned int *' from incompatible pointer type 'short unsigned int (*)[120][120]' [-Wincompatible-pointer-types]
           unsigned short *curr_f =&fin_image_14;
                                   ^
../src/main.c:2141:27: warning: unused variable 'curr_f' [-Wunused-variable]
           unsigned short *curr_f =&fin_image_14;
                           ^~~~~~
../src/main.c:2145:35: warning: initialization of 'short unsigned int *' from incompatible pointer type 'short unsigned int (*)[120][120]' [-Wincompatible-pointer-types]
           unsigned short *curr_f =&fin_image_15;
                                   ^
../src/main.c:2145:27: warning: unused variable 'curr_f' [-Wunused-variable]
           unsigned short *curr_f =&fin_image_15;
                           ^~~~~~
../src/main.c:2149:35: warning: initialization of 'short unsigned int *' from incompatible pointer type 'short unsigned int (*)[120][120]' [-Wincompatible-pointer-types]
           unsigned short *curr_f =&fin_image_16;
                                   ^
../src/main.c:2149:27: warning: unused variable 'curr_f' [-Wunused-variable]
           unsigned short *curr_f =&fin_image_16;
                           ^~~~~~
../src/main.c:2157:51: error: subscripted value is neither array nor pointer nor vector
                  fin_image[x + j*(IMAGE_LENGTH/4)][y + i*(IMAGE_WIDTH/4)] = curr_f[x][y];
                                                   ^
../src/main.c:2157:77: error: 'curr_f' undeclared (first use in this function)
                  fin_image[x + j*(IMAGE_LENGTH/4)][y + i*(IMAGE_WIDTH/4)] = curr_f[x][y];
                                                                             ^~~~~~
../src/main.c:2007:6: warning: unused variable 'fin_count_h' [-Wunused-variable]
  u64 fin_count_h =(timerCount_Stop-timerCount_Start);
      ^~~~~~~~~~~
make: *** [src/subdir.mk:26: src/main.o] Error 1
00:59:48 **** Auto Build of configuration Debug for project final_project ****
make pre-build main-build 
a9-linaro-pre-build-step
' '
'Building file: ../src/main.c'
'Invoking: ARM v7 gcc compiler'
arm-none-eabi-gcc -Wall -O0 -g3 -c -fmessage-length=0 -MT"src/main.o" -mcpu=cortex-a9 -mfpu=vfpv3 -mfloat-abi=hard -I../../standalone_bsp_0/ps7_cortexa9_0/include -MMD -MP -MF"src/main.d" -MT"src/main.o" -o "src/main.o" "../src/main.c"
In file included from ../src/main.c:17:
../../standalone_bsp_0/ps7_cortexa9_0/include/xtime_l.h:87:9: note: #pragma message: For the sleep routines, Global timer is being used
 #pragma message ("For the sleep routines, Global timer is being used")
         ^~~~~~~
../src/main.c: In function 'parse_image':
../src/main.c:125:10: warning: unused variable 'br' [-Wunused-variable]
     UINT br;
          ^~
../src/main.c:124:18: warning: unused variable 'header' [-Wunused-variable]
     unsigned int header[4];
                  ^~~~~~
../src/main.c: In function 'parse_color_image':
../src/main.c:256:41: warning: cast to pointer from integer of different size [-Wint-to-pointer-cast]
    xil_printf("R:%x G:%x B:%x A:%x\n\r",(void*)red_image[count], (void*)green_image[count], (void*)blue_image[count],(void*)aval_image[count]);
                                         ^
../src/main.c:256:66: warning: cast to pointer from integer of different size [-Wint-to-pointer-cast]
    xil_printf("R:%x G:%x B:%x A:%x\n\r",(void*)red_image[count], (void*)green_image[count], (void*)blue_image[count],(void*)aval_image[count]);
                                                                  ^
../src/main.c:256:93: warning: cast to pointer from integer of different size [-Wint-to-pointer-cast]
    xil_printf("R:%x G:%x B:%x A:%x\n\r",(void*)red_image[count], (void*)green_image[count], (void*)blue_image[count],(void*)aval_image[count]);
                                                                                             ^
../src/main.c:256:118: warning: cast to pointer from integer of different size [-Wint-to-pointer-cast]
    xil_printf("R:%x G:%x B:%x A:%x\n\r",(void*)red_image[count], (void*)green_image[count], (void*)blue_image[count],(void*)aval_image[count]);
                                                                                                                      ^
../src/main.c:193:10: warning: unused variable 'br' [-Wunused-variable]
     UINT br;
          ^~
../src/main.c:192:18: warning: unused variable 'header' [-Wunused-variable]
     unsigned int header[4];
                  ^~~~~~
../src/main.c: In function 'parse_color_ir_image':
../src/main.c:284:10: warning: unused variable 'br' [-Wunused-variable]
     UINT br;
          ^~
../src/main.c:283:18: warning: unused variable 'header' [-Wunused-variable]
     unsigned int header[4];
                  ^~~~~~
../src/main.c: In function 'DWT_IR':
../src/main.c:617:9: warning: unused variable 'col' [-Wunused-variable]
   float col[480];
         ^~~
../src/main.c:616:8: warning: variable 'row' set but not used [-Wunused-but-set-variable]
  float row[640];
        ^~~
../src/main.c: In function 'Filter':
../src/main.c:698:38: warning: comparison of constant '320' with boolean expression is always true [-Wbool-compare]
             else if((j<240) && (159<i<320))
                                      ^
../src/main.c:698:36: warning: comparisons like 'X<=Y<=Z' do not have their mathematical meaning [-Wparentheses]
             else if((j<240) && (159<i<320))
                                 ~~~^~
../src/main.c:702:27: warning: comparison of constant '240' with boolean expression is always true [-Wbool-compare]
             else if((119<j<240) && (i<160))
                           ^
[...]
'Finished building target: final_project.elf'
' '
'Invoking: ARM v7 Print Size'
arm-none-eabi-size final_project.elf  |tee "final_project.elf.size"
   text	   data	    bss	    dec	    hex	filename
 123784	   2648	59210912	59337344	3896a80	final_project.elf
'Finished building: final_project.elf.size'
' '
02:22:44 **** Incremental Build of configuration Debug for project final_project ****
make pre-build main-build 
a9-linaro-pre-build-step
' '
make: Nothing to be done for 'main-build'.
02:23:42 **** Incremental Build of configuration Debug for project final_project ****
make pre-build main-build 
a9-linaro-pre-build-step
' '
make: Nothing to be done for 'main-build'.
15:13:42 **** Auto Build of project standalone_bsp_0 ****
make -k all 
"Running Make include in ps7_cortexa9_0/libsrc/coresightps_dcc_v1_5/src"
make -C ps7_cortexa9_0/libsrc/coresightps_dcc_v1_5/src -s include  "SHELL=CMD" "COMPILER=arm-none-eabi-gcc" "ARCHIVER=arm-none-eabi-ar" "COMPILER_FLAGS=  -O2 -c" "EXTRA_COMPILER_FLAGS=-mcpu=cortex-a9 -mfpu=vfpv3 -mfloat-abi=hard -nostartfiles -g -Wall -Wextra"
"Running Make include in ps7_cortexa9_0/libsrc/cpu_cortexa9_v2_7/src"
make -C ps7_cortexa9_0/libsrc/cpu_cortexa9_v2_7/src -s include  "SHELL=CMD" "COMPILER=arm-none-eabi-gcc" "ARCHIVER=arm-none-eabi-ar" "COMPILER_FLAGS=  -O2 -c" "EXTRA_COMPILER_FLAGS=-mcpu=cortex-a9 -mfpu=vfpv3 -mfloat-abi=hard -nostartfiles -g -Wall -Wextra"
"Running Make include in ps7_cortexa9_0/libsrc/ddrps_v1_0/src"
make -C ps7_cortexa9_0/libsrc/ddrps_v1_0/src -s include  "SHELL=CMD" "COMPILER=arm-none-eabi-gcc" "ARCHIVER=arm-none-eabi-ar" "COMPILER_FLAGS=  -O2 -c" "EXTRA_COMPILER_FLAGS=-mcpu=cortex-a9 -mfpu=vfpv3 -mfloat-abi=hard -nostartfiles -g -Wall -Wextra"
"Running Make include in ps7_cortexa9_0/libsrc/devcfg_v3_5/src"
make -C ps7_cortexa9_0/libsrc/devcfg_v3_5/src -s include  "SHELL=CMD" "COMPILER=arm-none-eabi-gcc" "ARCHIVER=arm-none-eabi-ar" "COMPILER_FLAGS=  -O2 -c" "EXTRA_COMPILER_FLAGS=-mcpu=cortex-a9 -mfpu=vfpv3 -mfloat-abi=hard -nostartfiles -g -Wall -Wextra"
"Running Make include in ps7_cortexa9_0/libsrc/dmaps_v2_4/src"
make -C ps7_cortexa9_0/libsrc/dmaps_v2_4/src -s include  "SHELL=CMD" "COMPILER=arm-none-eabi-gcc" "ARCHIVER=arm-none-eabi-ar" "COMPILER_FLAGS=  -O2 -c" "EXTRA_COMPILER_FLAGS=-mcpu=cortex-a9 -mfpu=vfpv3 -mfloat-abi=hard -nostartfiles -g -Wall -Wextra"
"Running Make include in ps7_cortexa9_0/libsrc/DWT_Accel_v1_0/src"
make -C ps7_cortexa9_0/libsrc/DWT_Accel_v1_0/src -s include  "SHELL=CMD" "COMPILER=arm-none-eabi-gcc" "ARCHIVER=arm-none-eabi-ar" "COMPILER_FLAGS=  -O2 -c" "EXTRA_COMPILER_FLAGS=-mcpu=cortex-a9 -mfpu=vfpv3 -mfloat-abi=hard -nostartfiles -g -Wall -Wextra"
"Running Make include in ps7_cortexa9_0/libsrc/emacps_v3_9/src"
make -C ps7_cortexa9_0/libsrc/emacps_v3_9/src -s include  "SHELL=CMD" "COMPILER=arm-none-eabi-gcc" "ARCHIVER=arm-none-eabi-ar" "COMPILER_FLAGS=  -O2 -c" "EXTRA_COMPILER_FLAGS=-mcpu=cortex-a9 -mfpu=vfpv3 -mfloat-abi=hard -nostartfiles -g -Wall -Wextra"
"Running Make include in ps7_cortexa9_0/libsrc/gpiops_v3_5/src"
make -C ps7_cortexa9_0/libsrc/gpiops_v3_5/src -s include  "SHELL=CMD" "COMPILER=arm-none-eabi-gcc" "ARCHIVER=arm-none-eabi-ar" "COMPILER_FLAGS=  -O2 -c" "EXTRA_COMPILER_FLAGS=-mcpu=cortex-a9 -mfpu=vfpv3 -mfloat-abi=hard -nostartfiles -g -Wall -Wextra"
"Running Make include in ps7_cortexa9_0/libsrc/qspips_v3_6/src"
make -C ps7_cortexa9_0/libsrc/qspips_v3_6/src -s include  "SHELL=CMD" "COMPILER=arm-none-eabi-gcc" "ARCHIVER=arm-none-eabi-ar" "COMPILER_FLAGS=  -O2 -c" "EXTRA_COMPILER_FLAGS=-mcpu=cortex-a9 -mfpu=vfpv3 -mfloat-abi=hard -nostartfiles -g -Wall -Wextra"
"Running Make include in ps7_cortexa9_0/libsrc/scugic_v4_0/src"
make -C ps7_cortexa9_0/libsrc/scugic_v4_0/src -s include  "SHELL=CMD" "COMPILER=arm-none-eabi-gcc" "ARCHIVER=arm-none-eabi-ar" "COMPILER_FLAGS=  -O2 -c" "EXTRA_COMPILER_FLAGS=-mcpu=cortex-a9 -mfpu=vfpv3 -mfloat-abi=hard -nostartfiles -g -Wall -Wextra"
"Running Make include in ps7_cortexa9_0/libsrc/scutimer_v2_1/src"
make -C ps7_cortexa9_0/libsrc/scutimer_v2_1/src -s include  "SHELL=CMD" "COMPILER=arm-none-eabi-gcc" "ARCHIVER=arm-none-eabi-ar" "COMPILER_FLAGS=  -O2 -c" "EXTRA_COMPILER_FLAGS=-mcpu=cortex-a9 -mfpu=vfpv3 -mfloat-abi=hard -nostartfiles -g -Wall -Wextra"
"Running Make include in ps7_cortexa9_0/libsrc/scuwdt_v2_1/src"
make -C ps7_cortexa9_0/libsrc/scuwdt_v2_1/src -s include  "SHELL=CMD" "COMPILER=arm-none-eabi-gcc" "ARCHIVER=arm-none-eabi-ar" "COMPILER_FLAGS=  -O2 -c" "EXTRA_COMPILER_FLAGS=-mcpu=cortex-a9 -mfpu=vfpv3 -mfloat-abi=hard -nostartfiles -g -Wall -Wextra"
"Running Make include in ps7_cortexa9_0/libsrc/sdps_v3_7/src"
make -C ps7_cortexa9_0/libsrc/sdps_v3_7/src -s include  "SHELL=CMD" "COMPILER=arm-none-eabi-gcc" "ARCHIVER=arm-none-eabi-ar" "COMPILER_FLAGS=  -O2 -c" "EXTRA_COMPILER_FLAGS=-mcpu=cortex-a9 -mfpu=vfpv3 -mfloat-abi=hard -nostartfiles -g -Wall -Wextra"
"Running Make include in ps7_cortexa9_0/libsrc/standalone_v7_0/src"
make -C ps7_cortexa9_0/libsrc/standalone_v7_0/src -s include  "SHELL=CMD" "COMPILER=arm-none-eabi-gcc" "ARCHIVER=arm-none-eabi-ar" "COMPILER_FLAGS=  -O2 -c" "EXTRA_COMPILER_FLAGS=-mcpu=cortex-a9 -mfpu=vfpv3 -mfloat-abi=hard -nostartfiles -g -Wall -Wextra"
"Running Make include in ps7_cortexa9_0/libsrc/tmrctr_v4_5/src"
make -C ps7_cortexa9_0/libsrc/tmrctr_v4_5/src -s include  "SHELL=CMD" "COMPILER=arm-none-eabi-gcc" "ARCHIVER=arm-none-eabi-ar" "COMPILER_FLAGS=  -O2 -c" "EXTRA_COMPILER_FLAGS=-mcpu=cortex-a9 -mfpu=vfpv3 -mfloat-abi=hard -nostartfiles -g -Wall -Wextra"
"Running Make include in ps7_cortexa9_0/libsrc/uartps_v3_7/src"
make -C ps7_cortexa9_0/libsrc/uartps_v3_7/src -s include  "SHELL=CMD" "COMPILER=arm-none-eabi-gcc" "ARCHIVER=arm-none-eabi-ar" "COMPILER_FLAGS=  -O2 -c" "EXTRA_COMPILER_FLAGS=-mcpu=cortex-a9 -mfpu=vfpv3 -mfloat-abi=hard -nostartfiles -g -Wall -Wextra"
"Running Make include in ps7_cortexa9_0/libsrc/usbps_v2_4/src"
make -C ps7_cortexa9_0/libsrc/usbps_v2_4/src -s include  "SHELL=CMD" "COMPILER=arm-none-eabi-gcc" "ARCHIVER=arm-none-eabi-ar" "COMPILER_FLAGS=  -O2 -c" "EXTRA_COMPILER_FLAGS=-mcpu=cortex-a9 -mfpu=vfpv3 -mfloat-abi=hard -nostartfiles -g -Wall -Wextra"
"Running Make include in ps7_cortexa9_0/libsrc/xadcps_v2_3/src"
make -C ps7_cortexa9_0/libsrc/xadcps_v2_3/src -s include  "SHELL=CMD" "COMPILER=arm-none-eabi-gcc" "ARCHIVER=arm-none-eabi-ar" "COMPILER_FLAGS=  -O2 -c" "EXTRA_COMPILER_FLAGS=-mcpu=cortex-a9 -mfpu=vfpv3 -mfloat-abi=hard -nostartfiles -g -Wall -Wextra"
"Running Make include in ps7_cortexa9_0/libsrc/xilffs_v4_1/src"
make -C ps7_cortexa9_0/libsrc/xilffs_v4_1/src -s include  "SHELL=CMD" "COMPILER=arm-none-eabi-gcc" "ARCHIVER=arm-none-eabi-ar" "COMPILER_FLAGS=  -O2 -c" "EXTRA_COMPILER_FLAGS=-mcpu=cortex-a9 -mfpu=vfpv3 -mfloat-abi=hard -nostartfiles -g -Wall -Wextra"
"Running Make libs in ps7_cortexa9_0/libsrc/coresightps_dcc_v1_5/src"
make -C ps7_cortexa9_0/libsrc/coresightps_dcc_v1_5/src -s libs  "SHELL=CMD" "COMPILER=arm-none-eabi-gcc" "ARCHIVER=arm-none-eabi-ar" "COMPILER_FLAGS=  -O2 -c" "EXTRA_COMPILER_FLAGS=-mcpu=cortex-a9 -mfpu=vfpv3 -mfloat-abi=hard -nostartfiles -g -Wall -Wextra"
"Compiling coresightps_dcc"
"Running Make libs in ps7_cortexa9_0/libsrc/cpu_cortexa9_v2_7/src"
make -C ps7_cortexa9_0/libsrc/cpu_cortexa9_v2_7/src -s libs  "SHELL=CMD" "COMPILER=arm-none-eabi-gcc" "ARCHIVER=arm-none-eabi-ar" "COMPILER_FLAGS=  -O2 -c" "EXTRA_COMPILER_FLAGS=-mcpu=cortex-a9 -mfpu=vfpv3 -mfloat-abi=hard -nostartfiles -g -Wall -Wextra"
"Compiling cpu_cortexa9"
"Running Make libs in ps7_cortexa9_0/libsrc/ddrps_v1_0/src"
make -C ps7_cortexa9_0/libsrc/ddrps_v1_0/src -s libs  "SHELL=CMD" "COMPILER=arm-none-eabi-gcc" "ARCHIVER=arm-none-eabi-ar" "COMPILER_FLAGS=  -O2 -c" "EXTRA_COMPILER_FLAGS=-mcpu=cortex-a9 -mfpu=vfpv3 -mfloat-abi=hard -nostartfiles -g -Wall -Wextra"
"Compiling ddrps"
"Running Make libs in ps7_cortexa9_0/libsrc/devcfg_v3_5/src"
make -C ps7_cortexa9_0/libsrc/devcfg_v3_5/src -s libs  "SHELL=CMD" "COMPILER=arm-none-eabi-gcc" "ARCHIVER=arm-none-eabi-ar" "COMPILER_FLAGS=  -O2 -c" "EXTRA_COMPILER_FLAGS=-mcpu=cortex-a9 -mfpu=vfpv3 -mfloat-abi=hard -nostartfiles -g -Wall -Wextra"
"Compiling devcfg"
"Running Make libs in ps7_cortexa9_0/libsrc/dmaps_v2_4/src"
make -C ps7_cortexa9_0/libsrc/dmaps_v2_4/src -s libs  "SHELL=CMD" "COMPILER=arm-none-eabi-gcc" "ARCHIVER=arm-none-eabi-ar" "COMPILER_FLAGS=  -O2 -c" "EXTRA_COMPILER_FLAGS=-mcpu=cortex-a9 -mfpu=vfpv3 -mfloat-abi=hard -nostartfiles -g -Wall -Wextra"
"Compiling dmaps"
"Running Make libs in ps7_cortexa9_0/libsrc/DWT_Accel_v1_0/src"
make -C ps7_cortexa9_0/libsrc/DWT_Accel_v1_0/src -s libs  "SHELL=CMD" "COMPILER=arm-none-eabi-gcc" "ARCHIVER=arm-none-eabi-ar" "COMPILER_FLAGS=  -O2 -c" "EXTRA_COMPILER_FLAGS=-mcpu=cortex-a9 -mfpu=vfpv3 -mfloat-abi=hard -nostartfiles -g -Wall -Wextra"
"Compiling DWT_Accel"
"Running Make libs in ps7_cortexa9_0/libsrc/emacps_v3_9/src"
make -C ps7_cortexa9_0/libsrc/emacps_v3_9/src -s libs  "SHELL=CMD" "COMPILER=arm-none-eabi-gcc" "ARCHIVER=arm-none-eabi-ar" "COMPILER_FLAGS=  -O2 -c" "EXTRA_COMPILER_FLAGS=-mcpu=cortex-a9 -mfpu=vfpv3 -mfloat-abi=hard -nostartfiles -g -Wall -Wextra"
"Compiling emacps"
"Running Make libs in ps7_cortexa9_0/libsrc/gpiops_v3_5/src"
make -C ps7_cortexa9_0/libsrc/gpiops_v3_5/src -s libs  "SHELL=CMD" "COMPILER=arm-none-eabi-gcc" "ARCHIVER=arm-none-eabi-ar" "COMPILER_FLAGS=  -O2 -c" "EXTRA_COMPILER_FLAGS=-mcpu=cortex-a9 -mfpu=vfpv3 -mfloat-abi=hard -nostartfiles -g -Wall -Wextra"
"Compiling gpiops"
"Running Make libs in ps7_cortexa9_0/libsrc/qspips_v3_6/src"
make -C ps7_cortexa9_0/libsrc/qspips_v3_6/src -s libs  "SHELL=CMD" "COMPILER=arm-none-eabi-gcc" "ARCHIVER=arm-none-eabi-ar" "COMPILER_FLAGS=  -O2 -c" "EXTRA_COMPILER_FLAGS=-mcpu=cortex-a9 -mfpu=vfpv3 -mfloat-abi=hard -nostartfiles -g -Wall -Wextra"
"Compiling qspips"
"Running Make libs in ps7_cortexa9_0/libsrc/scugic_v4_0/src"
make -C ps7_cortexa9_0/libsrc/scugic_v4_0/src -s libs  "SHELL=CMD" "COMPILER=arm-none-eabi-gcc" "ARCHIVER=arm-none-eabi-ar" "COMPILER_FLAGS=  -O2 -c" "EXTRA_COMPILER_FLAGS=-mcpu=cortex-a9 -mfpu=vfpv3 -mfloat-abi=hard -nostartfiles -g -Wall -Wextra"
"Compiling scugic"
"Running Make libs in ps7_cortexa9_0/libsrc/scutimer_v2_1/src"
make -C ps7_cortexa9_0/libsrc/scutimer_v2_1/src -s libs  "SHELL=CMD" "COMPILER=arm-none-eabi-gcc" "ARCHIVER=arm-none-eabi-ar" "COMPILER_FLAGS=  -O2 -c" "EXTRA_COMPILER_FLAGS=-mcpu=cortex-a9 -mfpu=vfpv3 -mfloat-abi=hard -nostartfiles -g -Wall -Wextra"
"Compiling scutimer"
"Running Make libs in ps7_cortexa9_0/libsrc/scuwdt_v2_1/src"
make -C ps7_cortexa9_0/libsrc/scuwdt_v2_1/src -s libs  "SHELL=CMD" "COMPILER=arm-none-eabi-gcc" "ARCHIVER=arm-none-eabi-ar" "COMPILER_FLAGS=  -O2 -c" "EXTRA_COMPILER_FLAGS=-mcpu=cortex-a9 -mfpu=vfpv3 -mfloat-abi=hard -nostartfiles -g -Wall -Wextra"
"Compiling scuwdt"
"Running Make libs in ps7_cortexa9_0/libsrc/sdps_v3_7/src"
make -C ps7_cortexa9_0/libsrc/sdps_v3_7/src -s libs  "SHELL=CMD" "COMPILER=arm-none-eabi-gcc" "ARCHIVER=arm-none-eabi-ar" "COMPILER_FLAGS=  -O2 -c" "EXTRA_COMPILER_FLAGS=-mcpu=cortex-a9 -mfpu=vfpv3 -mfloat-abi=hard -nostartfiles -g -Wall -Wextra"
"Compiling sdps"
"Running Make libs in ps7_cortexa9_0/libsrc/standalone_v7_0/src"
make -C ps7_cortexa9_0/libsrc/standalone_v7_0/src -s libs  "SHELL=CMD" "COMPILER=arm-none-eabi-gcc" "ARCHIVER=arm-none-eabi-ar" "COMPILER_FLAGS=  -O2 -c" "EXTRA_COMPILER_FLAGS=-mcpu=cortex-a9 -mfpu=vfpv3 -mfloat-abi=hard -nostartfiles -g -Wall -Wextra"
"Compiling standalone"
In file included from usleep.c:56:
xtime_l.h:87:9: note: #pragma message: For the sleep routines, Global timer is being used
 #pragma message ("For the sleep routines, Global timer is being used")
         ^~~~~~~
In file included from sleep.c:53:
xtime_l.h:87:9: note: #pragma message: For the sleep routines, Global timer is being used
 #pragma message ("For the sleep routines, Global timer is being used")
         ^~~~~~~
In file included from xil_sleeptimer.c:51:
xtime_l.h:87:9: note: #pragma message: For the sleep routines, Global timer is being used
 #pragma message ("For the sleep routines, Global timer is being used")
         ^~~~~~~
In file included from xtime_l.c:49:
xtime_l.h:87:9: note: #pragma message: For the sleep routines, Global timer is being used
 #pragma message ("For the sleep routines, Global timer is being used")
         ^~~~~~~
"Running Make libs in ps7_cortexa9_0/libsrc/tmrctr_v4_5/src"
make -C ps7_cortexa9_0/libsrc/tmrctr_v4_5/src -s libs  "SHELL=CMD" "COMPILER=arm-none-eabi-gcc" "ARCHIVER=arm-none-eabi-ar" "COMPILER_FLAGS=  -O2 -c" "EXTRA_COMPILER_FLAGS=-mcpu=cortex-a9 -mfpu=vfpv3 -mfloat-abi=hard -nostartfiles -g -Wall -Wextra"
"Compiling tmrctr"
"Running Make libs in ps7_cortexa9_0/libsrc/uartps_v3_7/src"
make -C ps7_cortexa9_0/libsrc/uartps_v3_7/src -s libs  "SHELL=CMD" "COMPILER=arm-none-eabi-gcc" "ARCHIVER=arm-none-eabi-ar" "COMPILER_FLAGS=  -O2 -c" "EXTRA_COMPILER_FLAGS=-mcpu=cortex-a9 -mfpu=vfpv3 -mfloat-abi=hard -nostartfiles -g -Wall -Wextra"
"Compiling uartps"
"Running Make libs in ps7_cortexa9_0/libsrc/usbps_v2_4/src"
make -C ps7_cortexa9_0/libsrc/usbps_v2_4/src -s libs  "SHELL=CMD" "COMPILER=arm-none-eabi-gcc" "ARCHIVER=arm-none-eabi-ar" "COMPILER_FLAGS=  -O2 -c" "EXTRA_COMPILER_FLAGS=-mcpu=cortex-a9 -mfpu=vfpv3 -mfloat-abi=hard -nostartfiles -g -Wall -Wextra"
"Compiling usbps"
"Running Make libs in ps7_cortexa9_0/libsrc/xadcps_v2_3/src"
make -C ps7_cortexa9_0/libsrc/xadcps_v2_3/src -s libs  "SHELL=CMD" "COMPILER=arm-none-eabi-gcc" "ARCHIVER=arm-none-eabi-ar" "COMPILER_FLAGS=  -O2 -c" "EXTRA_COMPILER_FLAGS=-mcpu=cortex-a9 -mfpu=vfpv3 -mfloat-abi=hard -nostartfiles -g -Wall -Wextra"
"Compiling xadcps"
"Running Make libs in ps7_cortexa9_0/libsrc/xilffs_v4_1/src"
make -C ps7_cortexa9_0/libsrc/xilffs_v4_1/src -s libs  "SHELL=CMD" "COMPILER=arm-none-eabi-gcc" "ARCHIVER=arm-none-eabi-ar" "COMPILER_FLAGS=  -O2 -c" "EXTRA_COMPILER_FLAGS=-mcpu=cortex-a9 -mfpu=vfpv3 -mfloat-abi=hard -nostartfiles -g -Wall -Wextra"
"Compiling XilFFs Library"
'Finished building libraries'
15:14:08 **** Auto Build of configuration Debug for project final_project ****
make pre-build main-build 
a9-linaro-pre-build-step
' '
'Building file: ../src/main.c'
'Invoking: ARM v7 gcc compiler'
arm-none-eabi-gcc -Wall -O0 -g3 -c -fmessage-length=0 -MT"src/main.o" -mcpu=cortex-a9 -mfpu=vfpv3 -mfloat-abi=hard -I../../standalone_bsp_0/ps7_cortexa9_0/include -MMD -MP -MF"src/main.d" -MT"src/main.o" -o "src/main.o" "../src/main.c"
In file included from ../src/main.c:17:
../../standalone_bsp_0/ps7_cortexa9_0/include/xtime_l.h:87:9: note: #pragma message: For the sleep routines, Global timer is being used
 #pragma message ("For the sleep routines, Global timer is being used")
         ^~~~~~~
../src/main.c: In function 'parse_image':
../src/main.c:125:10: warning: unused variable 'br' [-Wunused-variable]
     UINT br;
          ^~
../src/main.c:124:18: warning: unused variable 'header' [-Wunused-variable]
     unsigned int header[4];
                  ^~~~~~
../src/main.c: In function 'parse_color_image':
../src/main.c:256:41: warning: cast to pointer from integer of different size [-Wint-to-pointer-cast]
    xil_printf("R:%x G:%x B:%x A:%x\n\r",(void*)red_image[count], (void*)green_image[count], (void*)blue_image[count],(void*)aval_image[count]);
                                         ^
../src/main.c:256:66: warning: cast to pointer from integer of different size [-Wint-to-pointer-cast]
    xil_printf("R:%x G:%x B:%x A:%x\n\r",(void*)red_image[count], (void*)green_image[count], (void*)blue_image[count],(void*)aval_image[count]);
                                                                  ^
../src/main.c:256:93: warning: cast to pointer from integer of different size [-Wint-to-pointer-cast]
    xil_printf("R:%x G:%x B:%x A:%x\n\r",(void*)red_image[count], (void*)green_image[count], (void*)blue_image[count],(void*)aval_image[count]);
                                                                                             ^
../src/main.c:256:118: warning: cast to pointer from integer of different size [-Wint-to-pointer-cast]
    xil_printf("R:%x G:%x B:%x A:%x\n\r",(void*)red_image[count], (void*)green_image[count], (void*)blue_image[count],(void*)aval_image[count]);
                                                                                                                      ^
../src/main.c:193:10: warning: unused variable 'br' [-Wunused-variable]
     UINT br;
          ^~
../src/main.c:192:18: warning: unused variable 'header' [-Wunused-variable]
     unsigned int header[4];
                  ^~~~~~
../src/main.c: In function 'parse_color_ir_image':
../src/main.c:284:10: warning: unused variable 'br' [-Wunused-variable]
     UINT br;
          ^~
../src/main.c:283:18: warning: unused variable 'header' [-Wunused-variable]
     unsigned int header[4];
                  ^~~~~~
../src/main.c: In function 'DWT_IR':
../src/main.c:617:9: warning: unused variable 'col' [-Wunused-variable]
   float col[480];
         ^~~
../src/main.c:616:8: warning: variable 'row' set but not used [-Wunused-but-set-variable]
  float row[640];
        ^~~
../src/main.c: In function 'Filter':
../src/main.c:698:38: warning: comparison of constant '320' with boolean expression is always true [-Wbool-compare]
             else if((j<240) && (159<i<320))
                                      ^
../src/main.c:698:36: warning: comparisons like 'X<=Y<=Z' do not have their mathematical meaning [-Wparentheses]
             else if((j<240) && (159<i<320))
                                 ~~~^~
../src/main.c:702:27: warning: comparison of constant '240' with boolean expression is always true [-Wbool-compare]
             else if((119<j<240) && (i<160))
                           ^
../src/main.c:702:25: warning: comparisons like 'X<=Y<=Z' do not have their mathematical meaning [-Wparentheses]
             else if((119<j<240) && (i<160))
                      ~~~^~
../src/main.c: In function 'main':
../src/main.c:1453:9: warning: "/*" within comment [-Wcomment]
         /*
          
../src/main.c:1488:2: warning: implicit declaration of function 'Xil_L1DCacheFlush'; did you mean 'Xil_DCacheFlush'? [-Wimplicit-function-declaration]
  Xil_L1DCacheFlush();
  ^~~~~~~~~~~~~~~~~
  Xil_DCacheFlush
../src/main.c:1489:2: warning: implicit declaration of function 'Xil_L2CacheFlush'; did you mean 'Xil_DCacheFlush'? [-Wimplicit-function-declaration]
  Xil_L2CacheFlush();
  ^~~~~~~~~~~~~~~~
  Xil_DCacheFlush
../src/main.c:1695:10: warning: "/*" within comment [-Wcomment]
          /*
           
../src/main.c:2130:6: warning: "/*" within comment [-Wcomment]
      /*
       
../src/main.c:2156:6: warning: unused variable 'fin_count_h' [-Wunused-variable]
  u64 fin_count_h =(timerCount_Stop-timerCount_Start);
      ^~~~~~~~~~~
'Finished building: ../src/main.c'
' '
'Building file: ../src/platform.c'
'Invoking: ARM v7 gcc compiler'
arm-none-eabi-gcc -Wall -O0 -g3 -c -fmessage-length=0 -MT"src/platform.o" -mcpu=cortex-a9 -mfpu=vfpv3 -mfloat-abi=hard -I../../standalone_bsp_0/ps7_cortexa9_0/include -MMD -MP -MF"src/platform.d" -MT"src/platform.o" -o "src/platform.o" "../src/platform.c"
'Finished building: ../src/platform.c'
' '
'Building target: final_project.elf'
'Invoking: ARM v7 gcc linker'
arm-none-eabi-gcc -mcpu=cortex-a9 -mfpu=vfpv3 -mfloat-abi=hard -Wl,-build-id=none -specs=Xilinx.spec -Wl,-T -Wl,../src/lscript.ld -L../../standalone_bsp_0/ps7_cortexa9_0/lib -o "final_project.elf"  ./src/main.o ./src/platform.o   -Wl,--start-group,-lxil,-lgcc,-lc,--end-group -Wl,--start-group,-lxilffs,-lxil,-lgcc,-lc,--end-group
'Finished building target: final_project.elf'
' '
'Invoking: ARM v7 Print Size'
arm-none-eabi-size final_project.elf  |tee "final_project.elf.size"
   text	   data	    bss	    dec	    hex	filename
 123784	   2648	59210912	59337344	3896a80	final_project.elf
'Finished building: final_project.elf.size'
' '
